 Fluid3D

 Timestamp is 534d491f (Tue Apr 15 10:58:39 2014)

 Preferred load address is 00400000

 Start         Length     Name                   Class
 0001:00000000 00010000H .textbss                DATA
 0002:00000000 0001a647H .text                   CODE
 0002:0001a650 000024aaH .text$x                 CODE
 0002:0001cb00 00001085H .text$yc                CODE
 0002:0001db90 0000102dH .text$yd                CODE
 0003:00000000 00000104H .CRT$XCA                DATA
 0003:00000104 00000104H .CRT$XCAA               DATA
 0003:00000208 00000104H .CRT$XCL                DATA
 0003:0000030c 00000109H .CRT$XCU                DATA
 0003:00000418 00000104H .CRT$XCZ                DATA
 0003:0000051c 00000104H .CRT$XIA                DATA
 0003:00000620 00000104H .CRT$XIAA               DATA
 0003:00000724 00000104H .CRT$XIC                DATA
 0003:00000828 00000104H .CRT$XIY                DATA
 0003:0000092c 00000104H .CRT$XIZ                DATA
 0003:00000a30 00000cb8H .rdata                  DATA
 0003:000016e8 00000178H .rdata$debug            DATA
 0003:00001860 0000067aH .rdata$r                DATA
 0003:00001edc 00000104H .rtc$IAA                DATA
 0003:00001fe0 00000104H .rtc$IZZ                DATA
 0003:000020e4 00000104H .rtc$TAA                DATA
 0003:000021e8 00000104H .rtc$TZZ                DATA
 0003:000022f0 00001861H .xdata$x                DATA
 0003:00003b51 00000000H .edata                  DATA
 0004:00000000 000004dbH .data                   DATA
 0004:000004e0 000007e8H .bss                    DATA
 0005:00000000 0000003cH .idata$2                DATA
 0005:0000003c 00000014H .idata$3                DATA
 0005:00000050 00000350H .idata$4                DATA
 0005:000003a0 00000350H .idata$5                DATA
 0005:000006f0 000018f3H .idata$6                DATA

  Address         Publics by Value              Rva+Base       Lib:Object

 0000:00000000       __except_list              00000000     <absolute>
 0000:00000000       ___safe_se_handler_table   00000000     <absolute>
 0000:00000000       ___safe_se_handler_count   00000000     <absolute>
 0000:00009876       __ldused                   00009876     <absolute>
 0000:00009876       __fltused                  00009876     <absolute>
 0000:00000000       ___ImageBase               00400000     <linker-defined>
 0001:00000000       __enc$textbss$begin        00401000     <linker-defined>
 0001:00010000       __enc$textbss$end          00411000     <linker-defined>
 0002:00001e70       ?initialize@FluidSim@@QAEXMHHH@Z 00412e70 f   fluidsim.obj
 0002:000022b0       ?set_boundary@FluidSim@@QAEXP6AMABU?$Vec@$02M@@@Z@Z 004132b0 f   fluidsim.obj
 0002:00002450       ?set_liquid@FluidSim@@QAEXP6AMABU?$Vec@$02M@@@Z@Z 00413450 f   fluidsim.obj
 0002:000026f0       ?randhashf@@YAMI@Z         004136f0 f i fluidsim.obj
 0002:00002740       ?randhash@@YAII@Z          00413740 f i fluidsim.obj
 0002:000027b0       ?advance@FluidSim@@QAEXM@Z 004137b0 f   fluidsim.obj
 0002:00002970       ?cfl@FluidSim@@AAEMXZ      00413970 f   fluidsim.obj
 0002:00002af0       ?fabs@@YAMM@Z              00413af0 f i fluidsim.obj
 0002:00002b20       _fabsf                     00413b20 f i fluidsim.obj
 0002:00002b50       ?add_particle@FluidSim@@QAEXABU?$Vec@$02M@@@Z 00413b50 f   fluidsim.obj
 0002:00002b80       ?add_force@FluidSim@@AAEXM@Z 00413b80 f   fluidsim.obj
 0002:00002c50       ?constrain_velocity@FluidSim@@AAEXXZ 00413c50 f   fluidsim.obj
 0002:00003400       ??4?$Array3@MU?$Array1@M@@@@QAEAAU0@ABU0@@Z 00414400 f i fluidsim.obj
 0002:00003460       ?advect_particles@FluidSim@@AAEXM@Z 00414460 f   fluidsim.obj
 0002:00003670       ?advect@FluidSim@@AAEXM@Z  00414670 f   fluidsim.obj
 0002:00003bf0       ?compute_phi@FluidSim@@AAEXXZ 00414bf0 f   fluidsim.obj
 0002:00004330       ??0?$Array3@MU?$Array1@M@@@@QAE@ABU0@@Z 00415330 f i fluidsim.obj
 0002:00004390       ?project@FluidSim@@AAEXM@Z 00415390 f   fluidsim.obj
 0002:000043e0       ?trace_rk2@FluidSim@@AAE?AU?$Vec@$02M@@ABU2@M@Z 004153e0 f   fluidsim.obj
 0002:00004510       ?get_velocity@FluidSim@@QAE?AU?$Vec@$02M@@ABU2@@Z 00415510 f   fluidsim.obj
 0002:000046d0       ?compute_weights@FluidSim@@AAEXXZ 004156d0 f   fluidsim.obj
 0002:00004ca0       ?solve_pressure@FluidSim@@AAEXM@Z 00415ca0 f   fluidsim.obj
 0002:000066e0       ?extrapolate@@YAXAAU?$Array3@MU?$Array1@M@@@@AAU?$Array3@DU?$Array1@D@@@@@Z 004176e0 f   fluidsim.obj
 0002:00006b10       ??4?$Array3@DU?$Array1@D@@@@QAEAAU0@ABU0@@Z 00417b10 f i fluidsim.obj
 0002:00006b70       ?resize@?$vector@NV?$allocator@N@std@@@std@@QAEXI@Z 00417b70 f i fluidsim.obj
 0002:00006c80       ?size@?$vector@NV?$allocator@N@std@@@std@@QBEIXZ 00417c80 f i fluidsim.obj
 0002:00006cb0       ??A?$vector@NV?$allocator@N@std@@@std@@QAEAANI@Z 00417cb0 f i fluidsim.obj
 0002:00006ce0       ?assign@?$vector@NV?$allocator@N@std@@@std@@QAEXIABN@Z 00417ce0 f i fluidsim.obj
 0002:00006d10       ??1?$Array3@MU?$Array1@M@@@@QAE@XZ 00417d10 f i fluidsim.obj
 0002:00006d50       ??R?$Array3@MU?$Array1@M@@@@QAEAAMHHH@Z 00417d50 f i fluidsim.obj
 0002:00006df0       ?assign@?$Array3@MU?$Array1@M@@@@QAEXABM@Z 00417df0 f i fluidsim.obj
 0002:00006e20       ?resize@?$Array3@MU?$Array1@M@@@@QAEXHHH@Z 00417e20 f i fluidsim.obj
 0002:00006eb0       ?set_zero@?$Array3@MU?$Array1@M@@@@QAEXXZ 00417eb0 f i fluidsim.obj
 0002:00006ee0       ??0?$Array1@M@@QAE@ABU0@@Z 00417ee0 f i fluidsim.obj
 0002:00006fb0       ??0bad_alloc@std@@QAE@XZ   00417fb0 f i fluidsim.obj
 0002:00007000       ??1bad_alloc@std@@UAE@XZ   00418000 f i fluidsim.obj
 0002:00007030       ??_Gbad_alloc@std@@UAEPAXI@Z 00418030 f i fluidsim.obj
 0002:00007030       ??_Ebad_alloc@std@@UAEPAXI@Z 00418030 f i fluidsim.obj
 0002:00007080       ??1?$Array1@M@@QAE@XZ      00418080 f i fluidsim.obj
 0002:000070d0       ??A?$Array1@M@@QAEAAMK@Z   004180d0 f i fluidsim.obj
 0002:00007100       ??4?$Array1@M@@QAEAAU0@ABU0@@Z 00418100 f i fluidsim.obj
 0002:000071d0       ?size@?$Array1@M@@QBEKXZ   004181d0 f i fluidsim.obj
 0002:000071f0       ??0?$Array3@DU?$Array1@D@@@@QAE@HHH@Z 004181f0 f i fluidsim.obj
 0002:00007280       ??1?$Array3@DU?$Array1@D@@@@QAE@XZ 00418280 f i fluidsim.obj
 0002:000072c0       ??R?$Array3@DU?$Array1@D@@@@QAEAADHHH@Z 004182c0 f i fluidsim.obj
 0002:00007360       ?assign@?$Array3@DU?$Array1@D@@@@QAEXABD@Z 00418360 f i fluidsim.obj
 0002:00007390       ?resize@?$Array3@DU?$Array1@D@@@@QAEXHHH@Z 00418390 f i fluidsim.obj
 0002:00007420       ??A?$Array1@D@@QAEAADK@Z   00418420 f i fluidsim.obj
 0002:00007450       ??4?$Array1@D@@QAEAAU0@ABU0@@Z 00418450 f i fluidsim.obj
 0002:00007520       ?size@?$Array1@D@@QBEKXZ   00418520 f i fluidsim.obj
 0002:00007540       ?size@?$vector@U?$Vec@$02M@@V?$allocator@U?$Vec@$02M@@@std@@@std@@QBEIXZ 00418540 f i fluidsim.obj
 0002:00007570       ??A?$vector@U?$Vec@$02M@@V?$allocator@U?$Vec@$02M@@@std@@@std@@QAEAAU?$Vec@$02M@@I@Z 00418570 f i fluidsim.obj
 0002:000075a0       ?push_back@?$vector@U?$Vec@$02M@@V?$allocator@U?$Vec@$02M@@@std@@@std@@QAEXABU?$Vec@$02M@@@Z 004185a0 f i fluidsim.obj
 0002:000076f0       ?set_solver_parameters@?$PCGSolver@N@@QAEXNHNN@Z 004186f0 f i fluidsim.obj
 0002:00007780       ?solve@?$PCGSolver@N@@QAE_NABU?$SparseMatrix@N@@ABV?$vector@NV?$allocator@N@std@@@std@@AAV34@AANAAH@Z 00418780 f i fluidsim.obj
 0002:00007af0       ?dot@BLAS@@YANABV?$vector@NV?$allocator@N@std@@@std@@0@Z 00418af0 f i fluidsim.obj
 0002:00007b70       ?abs_max@BLAS@@YANABV?$vector@NV?$allocator@N@std@@@std@@@Z 00418b70 f i fluidsim.obj
 0002:00007bc0       ?index_abs_max@BLAS@@YAHABV?$vector@NV?$allocator@N@std@@@std@@@Z 00418bc0 f i fluidsim.obj
 0002:00007c70       ?add_scaled@BLAS@@YAXNABV?$vector@NV?$allocator@N@std@@@std@@AAV23@@Z 00418c70 f i fluidsim.obj
 0002:00007cf0       ??A?$vector@NV?$allocator@N@std@@@std@@QBEABNI@Z 00418cf0 f i fluidsim.obj
 0002:00007d20       ?zero@?$SparseMatrix@N@@QAEXXZ 00418d20 f i fluidsim.obj
 0002:00007da0       ?resize@?$SparseMatrix@N@@QAEXH@Z 00418da0 f i fluidsim.obj
 0002:00007df0       ?add_to_element@?$SparseMatrix@N@@QAEXIIN@Z 00418df0 f i fluidsim.obj
 0002:00007f80       ??0?$Vec@$02M@@QAE@XZ      00418f80 f i fluidsim.obj
 0002:00007fa0       ??0?$Vec@$02M@@QAE@MMM@Z   00418fa0 f i fluidsim.obj
 0002:00007fe0       ??A?$Vec@$02M@@QAEAAMH@Z   00418fe0 f i fluidsim.obj
 0002:00008030       ??Y?$Vec@$02M@@QAE?AU0@ABU0@@Z 00419030 f i fluidsim.obj
 0002:000080c0       ??H?$Vec@$02M@@QBE?AU0@ABU0@@Z 004190c0 f i fluidsim.obj
 0002:00008140       ??Z?$Vec@$02M@@QAE?AU0@ABU0@@Z 00419140 f i fluidsim.obj
 0002:000081d0       ??G?$Vec@$02M@@QBE?AU0@ABU0@@Z 004191d0 f i fluidsim.obj
 0002:00008250       ??K?$Vec@$02M@@QBE?AU0@M@Z 00419250 f i fluidsim.obj
 0002:000082d0       ??A?$Vec@$02H@@QAEAAHH@Z   004192d0 f i fluidsim.obj
 0002:00008320       ??0bad_alloc@std@@QAE@ABV01@@Z 00419320 f i fluidsim.obj
 0002:00008360       ?resize@?$vector@V?$vector@IV?$allocator@I@std@@@std@@V?$allocator@V?$vector@IV?$allocator@I@std@@@std@@@2@@std@@QAEXI@Z 00419360 f i fluidsim.obj
 0002:00008470       ??A?$vector@V?$vector@IV?$allocator@I@std@@@std@@V?$allocator@V?$vector@IV?$allocator@I@std@@@std@@@2@@std@@QAEAAV?$vector@IV?$allocator@I@std@@@1@I@Z 00419470 f i fluidsim.obj
 0002:000084a0       ?resize@?$vector@IV?$allocator@I@std@@@std@@QAEXI@Z 004194a0 f i fluidsim.obj
 0002:000085b0       ?size@?$vector@IV?$allocator@I@std@@@std@@QBEIXZ 004195b0 f i fluidsim.obj
 0002:000085e0       ??A?$vector@IV?$allocator@I@std@@@std@@QAEAAII@Z 004195e0 f i fluidsim.obj
 0002:00008610       ?push_back@?$vector@IV?$allocator@I@std@@@std@@QAEXABI@Z 00419610 f i fluidsim.obj
 0002:00008750       ??4?$vector@NV?$allocator@N@std@@@std@@QAEAAV01@ABV01@@Z 00419750 f i fluidsim.obj
 0002:00008940       ?begin@?$vector@NV?$allocator@N@std@@@std@@QAE?AV?$_Vector_iterator@V?$_Vector_val@NV?$allocator@N@std@@@std@@@2@XZ 00419940 f i fluidsim.obj
 0002:00008980       ?end@?$vector@NV?$allocator@N@std@@@std@@QAE?AV?$_Vector_iterator@V?$_Vector_val@NV?$allocator@N@std@@@std@@@2@XZ 00419980 f i fluidsim.obj
 0002:000089c0       ?push_back@?$vector@NV?$allocator@N@std@@@std@@QAEXABN@Z 004199c0 f i fluidsim.obj
 0002:00008b00       ?erase@?$vector@NV?$allocator@N@std@@@std@@QAE?AV?$_Vector_iterator@V?$_Vector_val@NV?$allocator@N@std@@@std@@@2@V?$_Vector_const_iterator@V?$_Vector_val@NV?$allocator@N@std@@@std@@@2@0@Z 00419b00 f i fluidsim.obj
 0002:00008bc0       ?swap@?$vector@NV?$allocator@N@std@@@std@@QAEXAAV12@@Z 00419bc0 f i fluidsim.obj
 0002:00008d10       ?_Assign_n@?$vector@NV?$allocator@N@std@@@std@@IAEXIABN@Z 00419d10 f i fluidsim.obj
 0002:00008db0       ?_Reserve@?$vector@NV?$allocator@N@std@@@std@@IAEXI@Z 00419db0 f i fluidsim.obj
 0002:00008e30       ?assign@?$Array1@M@@QAEXABM@Z 00419e30 f i fluidsim.obj
 0002:00008e90       ?resize@?$Array1@M@@QAEXK@Z 00419e90 f i fluidsim.obj
 0002:00008ee0       ?set_zero@?$Array1@M@@QAEXXZ 00419ee0 f i fluidsim.obj
 0002:00008f20       ??0?$Array1@D@@QAE@K@Z     00419f20 f i fluidsim.obj
 0002:00008fe0       ??1?$Array1@D@@QAE@XZ      00419fe0 f i fluidsim.obj
 0002:00009030       ?assign@?$Array1@D@@QAEXABD@Z 0041a030 f i fluidsim.obj
 0002:00009090       ?resize@?$Array1@D@@QAEXK@Z 0041a090 f i fluidsim.obj
 0002:000090e0       ?_Inside@?$vector@U?$Vec@$02M@@V?$allocator@U?$Vec@$02M@@@std@@@std@@IBE_NPBU?$Vec@$02M@@@Z 0041a0e0 f i fluidsim.obj
 0002:00009130       ?_Reserve@?$vector@U?$Vec@$02M@@V?$allocator@U?$Vec@$02M@@@std@@@std@@IAEXI@Z 0041a130 f i fluidsim.obj
 0002:000091b0       ?_Orphan_range@?$vector@U?$Vec@$02M@@V?$allocator@U?$Vec@$02M@@@std@@@std@@IBEXPAU?$Vec@$02M@@0@Z 0041a1b0 f i fluidsim.obj
 0002:000091d0       ?form_preconditioner@?$PCGSolver@N@@IAEXABU?$SparseMatrix@N@@@Z 0041a1d0 f i fluidsim.obj
 0002:00009220       ?apply_preconditioner@?$PCGSolver@N@@IAEXABV?$vector@NV?$allocator@N@std@@@std@@AAV23@@Z 0041a220 f i fluidsim.obj
 0002:00009270       ?construct_from_matrix@?$FixedSparseMatrix@N@@QAEXABU?$SparseMatrix@N@@@Z 0041a270 f i fluidsim.obj
 0002:00009470       ?resize@?$vector@V?$vector@NV?$allocator@N@std@@@std@@V?$allocator@V?$vector@NV?$allocator@N@std@@@std@@@2@@std@@QAEXI@Z 0041a470 f i fluidsim.obj
 0002:00009580       ??A?$vector@V?$vector@NV?$allocator@N@std@@@std@@V?$allocator@V?$vector@NV?$allocator@N@std@@@std@@@2@@std@@QAEAAV?$vector@NV?$allocator@N@std@@@1@I@Z 0041a580 f i fluidsim.obj
 0002:000095b0       ??A?$Vec@$02M@@QBEABMH@Z   0041a5b0 f i fluidsim.obj
 0002:00009600       ??_0?$Vec@$02M@@QAE?AU0@M@Z 0041a600 f i fluidsim.obj
 0002:00009680       ??H?$_Vector_iterator@V?$_Vector_val@NV?$allocator@N@std@@@std@@@std@@QBE?AV01@H@Z 0041a680 f i fluidsim.obj
 0002:000096c0       ?begin@?$vector@V?$vector@IV?$allocator@I@std@@@std@@V?$allocator@V?$vector@IV?$allocator@I@std@@@std@@@2@@std@@QAE?AV?$_Vector_iterator@V?$_Vector_val@V?$vector@IV?$allocator@I@std@@@std@@V?$allocator@V?$vector@IV?$allocator@I@std@@@std@@@2@@std@@@2@XZ 0041a6c0 f i fluidsim.obj
 0002:00009700       ?end@?$vector@V?$vector@IV?$allocator@I@std@@@std@@V?$allocator@V?$vector@IV?$allocator@I@std@@@std@@@2@@std@@QAE?AV?$_Vector_iterator@V?$_Vector_val@V?$vector@IV?$allocator@I@std@@@std@@V?$allocator@V?$vector@IV?$allocator@I@std@@@std@@@2@@std@@@2@XZ 0041a700 f i fluidsim.obj
 0002:00009740       ?size@?$vector@V?$vector@IV?$allocator@I@std@@@std@@V?$allocator@V?$vector@IV?$allocator@I@std@@@std@@@2@@std@@QBEIXZ 0041a740 f i fluidsim.obj
 0002:00009770       ??A?$vector@V?$vector@IV?$allocator@I@std@@@std@@V?$allocator@V?$vector@IV?$allocator@I@std@@@std@@@2@@std@@QBEABV?$vector@IV?$allocator@I@std@@@1@I@Z 0041a770 f i fluidsim.obj
 0002:000097a0       ?erase@?$vector@V?$vector@IV?$allocator@I@std@@@std@@V?$allocator@V?$vector@IV?$allocator@I@std@@@std@@@2@@std@@QAE?AV?$_Vector_iterator@V?$_Vector_val@V?$vector@IV?$allocator@I@std@@@std@@V?$allocator@V?$vector@IV?$allocator@I@std@@@std@@@2@@std@@@2@V?$_Vector_const_iterator@V?$_Vector_val@V?$vector@IV?$allocator@I@std@@@std@@V?$allocator@V?$vector@IV?$allocator@I@std@@@std@@@2@@std@@@2@0@Z 0041a7a0 f i fluidsim.obj
 0002:00009860       ?_Reserve@?$vector@V?$vector@IV?$allocator@I@std@@@std@@V?$allocator@V?$vector@IV?$allocator@I@std@@@std@@@2@@std@@IAEXI@Z 0041a860 f i fluidsim.obj
 0002:000098e0       ?begin@?$vector@IV?$allocator@I@std@@@std@@QAE?AV?$_Vector_iterator@V?$_Vector_val@IV?$allocator@I@std@@@std@@@2@XZ 0041a8e0 f i fluidsim.obj
 0002:00009920       ?end@?$vector@IV?$allocator@I@std@@@std@@QAE?AV?$_Vector_iterator@V?$_Vector_val@IV?$allocator@I@std@@@std@@@2@XZ 0041a920 f i fluidsim.obj
 0002:00009960       ??A?$vector@IV?$allocator@I@std@@@std@@QBEABII@Z 0041a960 f i fluidsim.obj
 0002:00009990       ?erase@?$vector@IV?$allocator@I@std@@@std@@QAE?AV?$_Vector_iterator@V?$_Vector_val@IV?$allocator@I@std@@@std@@@2@V?$_Vector_const_iterator@V?$_Vector_val@IV?$allocator@I@std@@@std@@@2@0@Z 0041a990 f i fluidsim.obj
 0002:00009a50       ?_Inside@?$vector@IV?$allocator@I@std@@@std@@IBE_NPBI@Z 0041aa50 f i fluidsim.obj
 0002:00009aa0       ?_Reserve@?$vector@IV?$allocator@I@std@@@std@@IAEXI@Z 0041aaa0 f i fluidsim.obj
 0002:00009b20       ?_Orphan_range@?$vector@IV?$allocator@I@std@@@std@@IBEXPAI0@Z 0041ab20 f i fluidsim.obj
 0002:00009b40       ??0?$vector@NV?$allocator@N@std@@@std@@QAE@$$QAV01@@Z 0041ab40 f i fluidsim.obj
 0002:00009be0       ??4?$vector@NV?$allocator@N@std@@@std@@QAEAAV01@$$QAV01@@Z 0041abe0 f i fluidsim.obj
 0002:00009c20       ??1?$vector@NV?$allocator@N@std@@@std@@QAE@XZ 0041ac20 f i fluidsim.obj
 0002:00009ca0       ?reserve@?$vector@NV?$allocator@N@std@@@std@@QAEXI@Z 0041aca0 f i fluidsim.obj
 0002:00009e40       ?capacity@?$vector@NV?$allocator@N@std@@@std@@QBEIXZ 0041ae40 f i fluidsim.obj
 0002:00009e70       ?_Make_iter@?$vector@NV?$allocator@N@std@@@std@@QBE?AV?$_Vector_iterator@V?$_Vector_val@NV?$allocator@N@std@@@std@@@2@V?$_Vector_const_iterator@V?$_Vector_val@NV?$allocator@N@std@@@std@@@2@@Z 0041ae70 f i fluidsim.obj
 0002:00009eb0       ?max_size@?$vector@NV?$allocator@N@std@@@std@@QBEIXZ 0041aeb0 f i fluidsim.obj
 0002:00009ee0       ?insert@?$vector@NV?$allocator@N@std@@@std@@QAEXV?$_Vector_const_iterator@V?$_Vector_val@NV?$allocator@N@std@@@std@@@2@IABN@Z 0041aee0 f i fluidsim.obj
 0002:00009f20       ?clear@?$vector@NV?$allocator@N@std@@@std@@QAEXXZ 0041af20 f i fluidsim.obj
 0002:00009f80       ?_Buy@?$vector@NV?$allocator@N@std@@@std@@IAE_NI@Z 0041af80 f i fluidsim.obj
 0002:0000a030       ?_Destroy@?$vector@NV?$allocator@N@std@@@std@@IAEXPAN0@Z 0041b030 f i fluidsim.obj
 0002:0000a070       ?_Grow_to@?$vector@NV?$allocator@N@std@@@std@@IBEII@Z 0041b070 f i fluidsim.obj
 0002:0000a0f0       ?_Inside@?$vector@NV?$allocator@N@std@@@std@@IBE_NPBN@Z 0041b0f0 f i fluidsim.obj
 0002:0000a140       ?_Xlen@?$vector@NV?$allocator@N@std@@@std@@IBEXXZ 0041b140 f i fluidsim.obj
 0002:0000a170       ?_Orphan_range@?$vector@NV?$allocator@N@std@@@std@@IBEXPAN0@Z 0041b170 f i fluidsim.obj
 0002:0000a190       ?deallocate@?$allocator@N@std@@QAEXPANI@Z 0041b190 f i fluidsim.obj
 0002:0000a1c0       ?reserve@?$Array1@M@@QAEXK@Z 0041b1c0 f i fluidsim.obj
 0002:0000a260       ?reserve@?$Array1@D@@QAEXK@Z 0041b260 f i fluidsim.obj
 0002:0000a300       ?reserve@?$vector@U?$Vec@$02M@@V?$allocator@U?$Vec@$02M@@@std@@@std@@QAEXI@Z 0041b300 f i fluidsim.obj
 0002:0000a4b0       ?capacity@?$vector@U?$Vec@$02M@@V?$allocator@U?$Vec@$02M@@@std@@@std@@QBEIXZ 0041b4b0 f i fluidsim.obj
 0002:0000a4e0       ?max_size@?$vector@U?$Vec@$02M@@V?$allocator@U?$Vec@$02M@@@std@@@std@@QBEIXZ 0041b4e0 f i fluidsim.obj
 0002:0000a510       ?_Grow_to@?$vector@U?$Vec@$02M@@V?$allocator@U?$Vec@$02M@@@std@@@std@@IBEII@Z 0041b510 f i fluidsim.obj
 0002:0000a590       ?_Xlen@?$vector@U?$Vec@$02M@@V?$allocator@U?$Vec@$02M@@@std@@@std@@IBEXXZ 0041b590 f i fluidsim.obj
 0002:0000a5c0       ?resize@?$FixedSparseMatrix@N@@QAEXH@Z 0041b5c0 f i fluidsim.obj
 0002:0000a600       ?begin@?$vector@V?$vector@NV?$allocator@N@std@@@std@@V?$allocator@V?$vector@NV?$allocator@N@std@@@std@@@2@@std@@QAE?AV?$_Vector_iterator@V?$_Vector_val@V?$vector@NV?$allocator@N@std@@@std@@V?$allocator@V?$vector@NV?$allocator@N@std@@@std@@@2@@std@@@2@XZ 0041b600 f i fluidsim.obj
 0002:0000a640       ?end@?$vector@V?$vector@NV?$allocator@N@std@@@std@@V?$allocator@V?$vector@NV?$allocator@N@std@@@std@@@2@@std@@QAE?AV?$_Vector_iterator@V?$_Vector_val@V?$vector@NV?$allocator@N@std@@@std@@V?$allocator@V?$vector@NV?$allocator@N@std@@@std@@@2@@std@@@2@XZ 0041b640 f i fluidsim.obj
 0002:0000a680       ?size@?$vector@V?$vector@NV?$allocator@N@std@@@std@@V?$allocator@V?$vector@NV?$allocator@N@std@@@std@@@2@@std@@QBEIXZ 0041b680 f i fluidsim.obj
 0002:0000a6b0       ??A?$vector@V?$vector@NV?$allocator@N@std@@@std@@V?$allocator@V?$vector@NV?$allocator@N@std@@@std@@@2@@std@@QBEABV?$vector@NV?$allocator@N@std@@@1@I@Z 0041b6b0 f i fluidsim.obj
 0002:0000a6e0       ?erase@?$vector@V?$vector@NV?$allocator@N@std@@@std@@V?$allocator@V?$vector@NV?$allocator@N@std@@@std@@@2@@std@@QAE?AV?$_Vector_iterator@V?$_Vector_val@V?$vector@NV?$allocator@N@std@@@std@@V?$allocator@V?$vector@NV?$allocator@N@std@@@std@@@2@@std@@@2@V?$_Vector_const_iterator@V?$_Vector_val@V?$vector@NV?$allocator@N@std@@@std@@V?$allocator@V?$vector@NV?$allocator@N@std@@@std@@@2@@std@@@2@0@Z 0041b6e0 f i fluidsim.obj
 0002:0000a7a0       ?_Reserve@?$vector@V?$vector@NV?$allocator@N@std@@@std@@V?$allocator@V?$vector@NV?$allocator@N@std@@@std@@@2@@std@@IAEXI@Z 0041b7a0 f i fluidsim.obj
 0002:0000a820       ??0?$_Vector_iterator@V?$_Vector_val@NV?$allocator@N@std@@@std@@@std@@QAE@PANPBU_Container_base0@1@@Z 0041b820 f i fluidsim.obj
 0002:0000a860       ??Y?$_Vector_iterator@V?$_Vector_val@NV?$allocator@N@std@@@std@@@std@@QAEAAV01@H@Z 0041b860 f i fluidsim.obj
 0002:0000a890       ??9?$_Vector_const_iterator@V?$_Vector_val@NV?$allocator@N@std@@@std@@@std@@QBE_NABV01@@Z 0041b890 f i fluidsim.obj
 0002:0000a8d0       ??H?$_Vector_iterator@V?$_Vector_val@V?$vector@IV?$allocator@I@std@@@std@@V?$allocator@V?$vector@IV?$allocator@I@std@@@std@@@2@@std@@@std@@QBE?AV01@H@Z 0041b8d0 f i fluidsim.obj
 0002:0000a910       ??H?$_Vector_iterator@V?$_Vector_val@IV?$allocator@I@std@@@std@@@std@@QBE?AV01@H@Z 0041b910 f i fluidsim.obj
 0002:0000a950       ??H?$_Vector_iterator@V?$_Vector_val@V?$vector@NV?$allocator@N@std@@@std@@V?$allocator@V?$vector@NV?$allocator@N@std@@@std@@@2@@std@@@std@@QBE?AV01@H@Z 0041b950 f i fluidsim.obj
 0002:0000a990       ?reserve@?$vector@V?$vector@IV?$allocator@I@std@@@std@@V?$allocator@V?$vector@IV?$allocator@I@std@@@std@@@2@@std@@QAEXI@Z 0041b990 f i fluidsim.obj
 0002:0000ab30       ?capacity@?$vector@V?$vector@IV?$allocator@I@std@@@std@@V?$allocator@V?$vector@IV?$allocator@I@std@@@std@@@2@@std@@QBEIXZ 0041bb30 f i fluidsim.obj
 0002:0000ab60       ?_Make_iter@?$vector@V?$vector@IV?$allocator@I@std@@@std@@V?$allocator@V?$vector@IV?$allocator@I@std@@@std@@@2@@std@@QBE?AV?$_Vector_iterator@V?$_Vector_val@V?$vector@IV?$allocator@I@std@@@std@@V?$allocator@V?$vector@IV?$allocator@I@std@@@std@@@2@@std@@@2@V?$_Vector_const_iterator@V?$_Vector_val@V?$vector@IV?$allocator@I@std@@@std@@V?$allocator@V?$vector@IV?$allocator@I@std@@@std@@@2@@std@@@2@@Z 0041bb60 f i fluidsim.obj
 0002:0000aba0       ?max_size@?$vector@V?$vector@IV?$allocator@I@std@@@std@@V?$allocator@V?$vector@IV?$allocator@I@std@@@std@@@2@@std@@QBEIXZ 0041bba0 f i fluidsim.obj
 0002:0000abd0       ?_Destroy@?$vector@V?$vector@IV?$allocator@I@std@@@std@@V?$allocator@V?$vector@IV?$allocator@I@std@@@std@@@2@@std@@IAEXPAV?$vector@IV?$allocator@I@std@@@2@0@Z 0041bbd0 f i fluidsim.obj
 0002:0000ac10       ?_Grow_to@?$vector@V?$vector@IV?$allocator@I@std@@@std@@V?$allocator@V?$vector@IV?$allocator@I@std@@@std@@@2@@std@@IBEII@Z 0041bc10 f i fluidsim.obj
 0002:0000ac90       ?_Xlen@?$vector@V?$vector@IV?$allocator@I@std@@@std@@V?$allocator@V?$vector@IV?$allocator@I@std@@@std@@@2@@std@@IBEXXZ 0041bc90 f i fluidsim.obj
 0002:0000acc0       ?reserve@?$vector@IV?$allocator@I@std@@@std@@QAEXI@Z 0041bcc0 f i fluidsim.obj
 0002:0000ae60       ?capacity@?$vector@IV?$allocator@I@std@@@std@@QBEIXZ 0041be60 f i fluidsim.obj
 0002:0000ae90       ?_Make_iter@?$vector@IV?$allocator@I@std@@@std@@QBE?AV?$_Vector_iterator@V?$_Vector_val@IV?$allocator@I@std@@@std@@@2@V?$_Vector_const_iterator@V?$_Vector_val@IV?$allocator@I@std@@@std@@@2@@Z 0041be90 f i fluidsim.obj
 0002:0000aed0       ?max_size@?$vector@IV?$allocator@I@std@@@std@@QBEIXZ 0041bed0 f i fluidsim.obj
 0002:0000af00       ?_Destroy@?$vector@IV?$allocator@I@std@@@std@@IAEXPAI0@Z 0041bf00 f i fluidsim.obj
 0002:0000af40       ?_Grow_to@?$vector@IV?$allocator@I@std@@@std@@IBEII@Z 0041bf40 f i fluidsim.obj
 0002:0000afc0       ?_Xlen@?$vector@IV?$allocator@I@std@@@std@@IBEXXZ 0041bfc0 f i fluidsim.obj
 0002:0000aff0       ?_Assign_rv@?$vector@NV?$allocator@N@std@@@std@@QAEX$$QAV12@@Z 0041bff0 f i fluidsim.obj
 0002:0000b130       ?_Tidy@?$vector@NV?$allocator@N@std@@@std@@IAEXXZ 0041c130 f i fluidsim.obj
 0002:0000b1d0       ?_Insert_n@?$vector@NV?$allocator@N@std@@@std@@IAEXV?$_Vector_const_iterator@V?$_Vector_val@NV?$allocator@N@std@@@std@@@2@IABN@Z 0041c1d0 f i fluidsim.obj
 0002:0000b680       ??0?$_Vector_val@NV?$allocator@N@std@@@std@@QAE@V?$allocator@N@1@@Z 0041c680 f i fluidsim.obj
 0002:0000b6e0       ??1?$_Vector_val@NV?$allocator@N@std@@@std@@QAE@XZ 0041c6e0 f i fluidsim.obj
 0002:0000b700       ??0?$allocator@N@std@@QAE@ABV01@@Z 0041c700 f i fluidsim.obj
 0002:0000b720       ?allocate@?$allocator@N@std@@QAEPANI@Z 0041c720 f i fluidsim.obj
 0002:0000b750       ?max_size@?$allocator@N@std@@QBEIXZ 0041c750 f i fluidsim.obj
 0002:0000b790       ?_Destroy@?$vector@U?$Vec@$02M@@V?$allocator@U?$Vec@$02M@@@std@@@std@@IAEXPAU?$Vec@$02M@@0@Z 0041c790 f i fluidsim.obj
 0002:0000b7d0       ?deallocate@?$allocator@U?$Vec@$02M@@@std@@QAEXPAU?$Vec@$02M@@I@Z 0041c7d0 f i fluidsim.obj
 0002:0000b800       ?allocate@?$allocator@U?$Vec@$02M@@@std@@QAEPAU?$Vec@$02M@@I@Z 0041c800 f i fluidsim.obj
 0002:0000b830       ?max_size@?$allocator@U?$Vec@$02M@@@std@@QBEIXZ 0041c830 f i fluidsim.obj
 0002:0000b870       ?reserve@?$vector@V?$vector@NV?$allocator@N@std@@@std@@V?$allocator@V?$vector@NV?$allocator@N@std@@@std@@@2@@std@@QAEXI@Z 0041c870 f i fluidsim.obj
 0002:0000ba10       ?capacity@?$vector@V?$vector@NV?$allocator@N@std@@@std@@V?$allocator@V?$vector@NV?$allocator@N@std@@@std@@@2@@std@@QBEIXZ 0041ca10 f i fluidsim.obj
 0002:0000ba40       ?_Make_iter@?$vector@V?$vector@NV?$allocator@N@std@@@std@@V?$allocator@V?$vector@NV?$allocator@N@std@@@std@@@2@@std@@QBE?AV?$_Vector_iterator@V?$_Vector_val@V?$vector@NV?$allocator@N@std@@@std@@V?$allocator@V?$vector@NV?$allocator@N@std@@@std@@@2@@std@@@2@V?$_Vector_const_iterator@V?$_Vector_val@V?$vector@NV?$allocator@N@std@@@std@@V?$allocator@V?$vector@NV?$allocator@N@std@@@std@@@2@@std@@@2@@Z 0041ca40 f i fluidsim.obj
 0002:0000ba80       ?max_size@?$vector@V?$vector@NV?$allocator@N@std@@@std@@V?$allocator@V?$vector@NV?$allocator@N@std@@@std@@@2@@std@@QBEIXZ 0041ca80 f i fluidsim.obj
 0002:0000bab0       ?_Destroy@?$vector@V?$vector@NV?$allocator@N@std@@@std@@V?$allocator@V?$vector@NV?$allocator@N@std@@@std@@@2@@std@@IAEXPAV?$vector@NV?$allocator@N@std@@@2@0@Z 0041cab0 f i fluidsim.obj
 0002:0000baf0       ?_Grow_to@?$vector@V?$vector@NV?$allocator@N@std@@@std@@V?$allocator@V?$vector@NV?$allocator@N@std@@@std@@@2@@std@@IBEII@Z 0041caf0 f i fluidsim.obj
 0002:0000bb70       ?_Xlen@?$vector@V?$vector@NV?$allocator@N@std@@@std@@V?$allocator@V?$vector@NV?$allocator@N@std@@@std@@@2@@std@@IBEXXZ 0041cb70 f i fluidsim.obj
 0002:0000bba0       ??0?$_Vector_const_iterator@V?$_Vector_val@NV?$allocator@N@std@@@std@@@std@@QAE@PANPBU_Container_base0@1@@Z 0041cba0 f i fluidsim.obj
 0002:0000bbe0       ?_Adopt@_Iterator_base0@std@@QAEXPBX@Z 0041cbe0 f i fluidsim.obj
 0002:0000bc00       ??Y?$_Vector_const_iterator@V?$_Vector_val@NV?$allocator@N@std@@@std@@@std@@QAEAAV01@H@Z 0041cc00 f i fluidsim.obj
 0002:0000bc40       ??8?$_Vector_const_iterator@V?$_Vector_val@NV?$allocator@N@std@@@std@@@std@@QBE_NABV01@@Z 0041cc40 f i fluidsim.obj
 0002:0000bc80       ??0?$_Vector_iterator@V?$_Vector_val@V?$vector@IV?$allocator@I@std@@@std@@V?$allocator@V?$vector@IV?$allocator@I@std@@@std@@@2@@std@@@std@@QAE@PAV?$vector@IV?$allocator@I@std@@@1@PBU_Container_base0@1@@Z 0041cc80 f i fluidsim.obj
 0002:0000bcc0       ??Y?$_Vector_iterator@V?$_Vector_val@V?$vector@IV?$allocator@I@std@@@std@@V?$allocator@V?$vector@IV?$allocator@I@std@@@std@@@2@@std@@@std@@QAEAAV01@H@Z 0041ccc0 f i fluidsim.obj
 0002:0000bcf0       ??9?$_Vector_const_iterator@V?$_Vector_val@V?$vector@IV?$allocator@I@std@@@std@@V?$allocator@V?$vector@IV?$allocator@I@std@@@std@@@2@@std@@@std@@QBE_NABV01@@Z 0041ccf0 f i fluidsim.obj
 0002:0000bd30       ??0?$_Vector_iterator@V?$_Vector_val@IV?$allocator@I@std@@@std@@@std@@QAE@PAIPBU_Container_base0@1@@Z 0041cd30 f i fluidsim.obj
 0002:0000bd70       ??Y?$_Vector_iterator@V?$_Vector_val@IV?$allocator@I@std@@@std@@@std@@QAEAAV01@H@Z 0041cd70 f i fluidsim.obj
 0002:0000bda0       ??9?$_Vector_const_iterator@V?$_Vector_val@IV?$allocator@I@std@@@std@@@std@@QBE_NABV01@@Z 0041cda0 f i fluidsim.obj
 0002:0000bde0       ??0?$_Vector_iterator@V?$_Vector_val@V?$vector@NV?$allocator@N@std@@@std@@V?$allocator@V?$vector@NV?$allocator@N@std@@@std@@@2@@std@@@std@@QAE@PAV?$vector@NV?$allocator@N@std@@@1@PBU_Container_base0@1@@Z 0041cde0 f i fluidsim.obj
 0002:0000be20       ??Y?$_Vector_iterator@V?$_Vector_val@V?$vector@NV?$allocator@N@std@@@std@@V?$allocator@V?$vector@NV?$allocator@N@std@@@std@@@2@@std@@@std@@QAEAAV01@H@Z 0041ce20 f i fluidsim.obj
 0002:0000be50       ??9?$_Vector_const_iterator@V?$_Vector_val@V?$vector@NV?$allocator@N@std@@@std@@V?$allocator@V?$vector@NV?$allocator@N@std@@@std@@@2@@std@@@std@@QBE_NABV01@@Z 0041ce50 f i fluidsim.obj
 0002:0000be90       ?deallocate@?$allocator@V?$vector@IV?$allocator@I@std@@@std@@@std@@QAEXPAV?$vector@IV?$allocator@I@std@@@2@I@Z 0041ce90 f i fluidsim.obj
 0002:0000bec0       ?allocate@?$allocator@V?$vector@IV?$allocator@I@std@@@std@@@std@@QAEPAV?$vector@IV?$allocator@I@std@@@2@I@Z 0041cec0 f i fluidsim.obj
 0002:0000bef0       ?max_size@?$allocator@V?$vector@IV?$allocator@I@std@@@std@@@std@@QBEIXZ 0041cef0 f i fluidsim.obj
 0002:0000bf30       ?deallocate@?$allocator@I@std@@QAEXPAII@Z 0041cf30 f i fluidsim.obj
 0002:0000bf60       ?allocate@?$allocator@I@std@@QAEPAII@Z 0041cf60 f i fluidsim.obj
 0002:0000bf90       ?max_size@?$allocator@I@std@@QBEIXZ 0041cf90 f i fluidsim.obj
 0002:0000bfd0       ?push_back@?$vector@NV?$allocator@N@std@@@std@@QAEX$$QAN@Z 0041cfd0 f i fluidsim.obj
 0002:0000c130       ?get_allocator@?$vector@NV?$allocator@N@std@@@std@@QBE?AV?$allocator@N@2@XZ 0041d130 f i fluidsim.obj
 0002:0000c160       ?_Ufill@?$vector@NV?$allocator@N@std@@@std@@IAEPANPANIPBN@Z 0041d160 f i fluidsim.obj
 0002:0000c1b0       ?deallocate@?$allocator@V?$vector@NV?$allocator@N@std@@@std@@@std@@QAEXPAV?$vector@NV?$allocator@N@std@@@2@I@Z 0041d1b0 f i fluidsim.obj
 0002:0000c1e0       ?allocate@?$allocator@V?$vector@NV?$allocator@N@std@@@std@@@std@@QAEPAV?$vector@NV?$allocator@N@std@@@2@I@Z 0041d1e0 f i fluidsim.obj
 0002:0000c210       ?max_size@?$allocator@V?$vector@NV?$allocator@N@std@@@std@@@std@@QBEIXZ 0041d210 f i fluidsim.obj
 0002:0000c250       ??D?$_Vector_iterator@V?$_Vector_val@NV?$allocator@N@std@@@std@@@std@@QBEAANXZ 0041d250 f i fluidsim.obj
 0002:0000c280       ??E?$_Vector_iterator@V?$_Vector_val@NV?$allocator@N@std@@@std@@@std@@QAEAAV01@XZ 0041d280 f i fluidsim.obj
 0002:0000c2b0       ?_Compat@?$_Vector_const_iterator@V?$_Vector_val@NV?$allocator@N@std@@@std@@@std@@QBEXABV12@@Z 0041d2b0 f i fluidsim.obj
 0002:0000c2d0       ??0?$_Vector_const_iterator@V?$_Vector_val@V?$vector@IV?$allocator@I@std@@@std@@V?$allocator@V?$vector@IV?$allocator@I@std@@@std@@@2@@std@@@std@@QAE@PAV?$vector@IV?$allocator@I@std@@@1@PBU_Container_base0@1@@Z 0041d2d0 f i fluidsim.obj
 0002:0000c310       ??Y?$_Vector_const_iterator@V?$_Vector_val@V?$vector@IV?$allocator@I@std@@@std@@V?$allocator@V?$vector@IV?$allocator@I@std@@@std@@@2@@std@@@std@@QAEAAV01@H@Z 0041d310 f i fluidsim.obj
 0002:0000c350       ??8?$_Vector_const_iterator@V?$_Vector_val@V?$vector@IV?$allocator@I@std@@@std@@V?$allocator@V?$vector@IV?$allocator@I@std@@@std@@@2@@std@@@std@@QBE_NABV01@@Z 0041d350 f i fluidsim.obj
 0002:0000c390       ??0?$_Vector_const_iterator@V?$_Vector_val@IV?$allocator@I@std@@@std@@@std@@QAE@PAIPBU_Container_base0@1@@Z 0041d390 f i fluidsim.obj
 0002:0000c3d0       ??Y?$_Vector_const_iterator@V?$_Vector_val@IV?$allocator@I@std@@@std@@@std@@QAEAAV01@H@Z 0041d3d0 f i fluidsim.obj
 0002:0000c410       ??8?$_Vector_const_iterator@V?$_Vector_val@IV?$allocator@I@std@@@std@@@std@@QBE_NABV01@@Z 0041d410 f i fluidsim.obj
 0002:0000c450       ??0?$_Vector_const_iterator@V?$_Vector_val@V?$vector@NV?$allocator@N@std@@@std@@V?$allocator@V?$vector@NV?$allocator@N@std@@@std@@@2@@std@@@std@@QAE@PAV?$vector@NV?$allocator@N@std@@@1@PBU_Container_base0@1@@Z 0041d450 f i fluidsim.obj
 0002:0000c490       ??Y?$_Vector_const_iterator@V?$_Vector_val@V?$vector@NV?$allocator@N@std@@@std@@V?$allocator@V?$vector@NV?$allocator@N@std@@@std@@@2@@std@@@std@@QAEAAV01@H@Z 0041d490 f i fluidsim.obj
 0002:0000c4d0       ??8?$_Vector_const_iterator@V?$_Vector_val@V?$vector@NV?$allocator@N@std@@@std@@V?$allocator@V?$vector@NV?$allocator@N@std@@@std@@@2@@std@@@std@@QBE_NABV01@@Z 0041d4d0 f i fluidsim.obj
 0002:0000c510       ??D?$_Vector_const_iterator@V?$_Vector_val@NV?$allocator@N@std@@@std@@@std@@QBEABNXZ 0041d510 f i fluidsim.obj
 0002:0000c530       ??E?$_Vector_const_iterator@V?$_Vector_val@NV?$allocator@N@std@@@std@@@std@@QAEAAV01@XZ 0041d530 f i fluidsim.obj
 0002:0000c560       ?_Compat@?$_Vector_const_iterator@V?$_Vector_val@V?$vector@IV?$allocator@I@std@@@std@@V?$allocator@V?$vector@IV?$allocator@I@std@@@std@@@2@@std@@@std@@QBEXABV12@@Z 0041d560 f i fluidsim.obj
 0002:0000c580       ?_Compat@?$_Vector_const_iterator@V?$_Vector_val@IV?$allocator@I@std@@@std@@@std@@QBEXABV12@@Z 0041d580 f i fluidsim.obj
 0002:0000c5a0       ?_Compat@?$_Vector_const_iterator@V?$_Vector_val@V?$vector@NV?$allocator@N@std@@@std@@V?$allocator@V?$vector@NV?$allocator@N@std@@@std@@@2@@std@@@std@@QBEXABV12@@Z 0041d5a0 f i fluidsim.obj
 0002:0000c5c0       ??$?D$02M@@YA?AU?$Vec@$02M@@MABU0@@Z 0041d5c0 f i fluidsim.obj
 0002:0000c640       ??$interpolate_value@MM@@YAMABU?$Vec@$02M@@ABU?$Array3@MU?$Array1@M@@@@@Z 0041d640 f i fluidsim.obj
 0002:0000c810       ??$max@M@std@@YAABMABM0@Z  0041d810 f i fluidsim.obj
 0002:0000c860       ??$interpolate_gradient@MM@@YAMAAU?$Vec@$02M@@ABU0@ABU?$Array3@MU?$Array1@M@@@@@Z 0041d860 f i fluidsim.obj
 0002:0000cbe0       ??$normalize@$02M@@YAXAAU?$Vec@$02M@@@Z 0041dbe0 f i fluidsim.obj
 0002:0000cc30       ??$dot@$02M@@YAMABU?$Vec@$02M@@0@Z 0041dc30 f i fluidsim.obj
 0002:0000cca0       ??$mag@$02M@@YAMABU?$Vec@$02M@@@Z 0041dca0 f i fluidsim.obj
 0002:0000ccd0       ?sqrt@@YAMM@Z              0041dcd0 f i fluidsim.obj
 0002:0000cd00       _sqrtf                     0041dd00 f i fluidsim.obj
 0002:0000cd30       ??$?0M@?$Vec@$02H@@QAE@ABU?$Vec@$02M@@@Z 0041dd30 f i fluidsim.obj
 0002:0000cda0       ??$max@H@std@@YAABHABH0@Z  0041dda0 f i fluidsim.obj
 0002:0000cde0       ??$min@H@std@@YAABHABH0@Z  0041dde0 f i fluidsim.obj
 0002:0000ce20       ??$dist@$02M@@YAMABU?$Vec@$02M@@0@Z 0041de20 f i fluidsim.obj
 0002:0000ce60       ??$clamp@M@@YAMMMM@Z       0041de60 f i fluidsim.obj
 0002:0000ceb0       ??$sqr@M@@YAMABM@Z         0041deb0 f i fluidsim.obj
 0002:0000cee0       ??$_Uninitialized_default_fill_n@PANINV?$allocator@N@std@@@std@@YAXPANIPBNAAV?$allocator@N@0@@Z 0041dee0 f i fluidsim.obj
 0002:0000cf40       ??$addressof@$$CBU?$Vec@$02M@@@std@@YAPBU?$Vec@$02M@@ABU1@@Z 0041df40 f i fluidsim.obj
 0002:0000cf60       ??$_Cons_val@V?$allocator@U?$Vec@$02M@@@std@@U?$Vec@$02M@@AAU3@@std@@YAXAAV?$allocator@U?$Vec@$02M@@@0@PAU?$Vec@$02M@@AAU2@@Z 0041df60 f i fluidsim.obj
 0002:0000cfa0       ??$_Cons_val@V?$allocator@U?$Vec@$02M@@@std@@U?$Vec@$02M@@ABU3@@std@@YAXAAV?$allocator@U?$Vec@$02M@@@0@PAU?$Vec@$02M@@ABU2@@Z 0041dfa0 f i fluidsim.obj
 0002:0000cfe0       ??$zero@N@@YAXAAV?$vector@NV?$allocator@N@std@@@std@@@Z 0041dfe0 f i fluidsim.obj
 0002:0000d040       ??$multiply@N@@YAXABU?$FixedSparseMatrix@N@@ABV?$vector@NV?$allocator@N@std@@@std@@AAV12@@Z 0041e040 f i fluidsim.obj
 0002:0000d180       ??$insert@I@@YAXAAV?$vector@IV?$allocator@I@std@@@std@@II@Z 0041e180 f i fluidsim.obj
 0002:0000d220       ??$insert@N@@YAXAAV?$vector@NV?$allocator@N@std@@@std@@IN@Z 0041e220 f i fluidsim.obj
 0002:0000d2c0       ??$_Uninitialized_default_fill_n@PAV?$vector@IV?$allocator@I@std@@@std@@IV12@V?$allocator@V?$vector@IV?$allocator@I@std@@@std@@@2@@std@@YAXPAV?$vector@IV?$allocator@I@std@@@0@IPBV10@AAV?$allocator@V?$vector@IV?$allocator@I@std@@@std@@@0@@Z 0041e2c0 f i fluidsim.obj
 0002:0000d320       ??$_Uninitialized_default_fill_n@PAIIIV?$allocator@I@std@@@std@@YAXPAIIPBIAAV?$allocator@I@0@@Z 0041e320 f i fluidsim.obj
 0002:0000d380       ??$addressof@$$CBI@std@@YAPBIABI@Z 0041e380 f i fluidsim.obj
 0002:0000d3a0       ??$_Cons_val@V?$allocator@I@std@@IAAI@std@@YAXAAV?$allocator@I@0@PAIAAI@Z 0041e3a0 f i fluidsim.obj
 0002:0000d3e0       ??$_Cons_val@V?$allocator@I@std@@IABI@std@@YAXAAV?$allocator@I@0@PAIABI@Z 0041e3e0 f i fluidsim.obj
 0002:0000d420       ??$_Copy_impl@PANPAN@std@@YAPANPAN00@Z 0041e420 f i fluidsim.obj
 0002:0000d470       ??$_Ucopy@PAN@?$vector@NV?$allocator@N@std@@@std@@IAEPANPAN00@Z 0041e470 f i fluidsim.obj
 0002:0000d4b0       ??$addressof@$$CBN@std@@YAPBNABN@Z 0041e4b0 f i fluidsim.obj
 0002:0000d4d0       ??$_Cons_val@V?$allocator@N@std@@NAAN@std@@YAXAAV?$allocator@N@0@PANAAN@Z 0041e4d0 f i fluidsim.obj
 0002:0000d510       ??$_Cons_val@V?$allocator@N@std@@NABN@std@@YAXAAV?$allocator@N@0@PANABN@Z 0041e510 f i fluidsim.obj
 0002:0000d550       ??$_Move@PANPAN@std@@YAPANPAN00@Z 0041e550 f i fluidsim.obj
 0002:0000d5a0       ??$?8NN@std@@YA_NABV?$allocator@N@0@0@Z 0041e5a0 f i fluidsim.obj
 0002:0000d5c0       ??$swap@PAN@std@@YAXAAPAN0@Z 0041e5c0 f i fluidsim.obj
 0002:0000d620       ??$_Move@AAV?$vector@NV?$allocator@N@std@@@std@@@std@@YA$$QAV?$vector@NV?$allocator@N@std@@@0@AAV10@@Z 0041e620 f i fluidsim.obj
 0002:0000d640       ??$factor_modified_incomplete_cholesky0@N@@YAXABU?$SparseMatrix@N@@AAU?$SparseColumnLowerFactor@N@@NN@Z 0041e640 f i fluidsim.obj
 0002:0000de50       ??$solve_lower@N@@YAXABU?$SparseColumnLowerFactor@N@@ABV?$vector@NV?$allocator@N@std@@@std@@AAV12@@Z 0041ee50 f i fluidsim.obj
 0002:0000dfe0       ??$solve_lower_transpose_in_place@N@@YAXABU?$SparseColumnLowerFactor@N@@AAV?$vector@NV?$allocator@N@std@@@std@@@Z 0041efe0 f i fluidsim.obj
 0002:0000e150       ??$_Uninitialized_default_fill_n@PAV?$vector@NV?$allocator@N@std@@@std@@IV12@V?$allocator@V?$vector@NV?$allocator@N@std@@@std@@@2@@std@@YAXPAV?$vector@NV?$allocator@N@std@@@0@IPBV10@AAV?$allocator@V?$vector@NV?$allocator@N@std@@@std@@@0@@Z 0041f150 f i fluidsim.obj
 0002:0000e1b0       ??$_Move@PAV?$vector@IV?$allocator@I@std@@@std@@PAV12@@std@@YAPAV?$vector@IV?$allocator@I@std@@@0@PAV10@00@Z 0041f1b0 f i fluidsim.obj
 0002:0000e200       ??$_Move@PAIPAI@std@@YAPAIPAI00@Z 0041f200 f i fluidsim.obj
 0002:0000e250       ??$forward@V?$vector@NV?$allocator@N@std@@@std@@@std@@YA$$QAV?$vector@NV?$allocator@N@std@@@0@AAV10@@Z 0041f250 f i fluidsim.obj
 0002:0000e270       ??$_Umove@PAN@?$vector@NV?$allocator@N@std@@@std@@IAEPANPAN00@Z 0041f270 f i fluidsim.obj
 0002:0000e2b0       ??$_Destroy_range@V?$allocator@N@std@@@std@@YAXPAN0AAV?$allocator@N@0@@Z 0041f2b0 f i fluidsim.obj
 0002:0000e300       ??$_Umove@PAU?$Vec@$02M@@@?$vector@U?$Vec@$02M@@V?$allocator@U?$Vec@$02M@@@std@@@std@@IAEPAU?$Vec@$02M@@PAU2@00@Z 0041f300 f i fluidsim.obj
 0002:0000e340       ??$_Move@PAV?$vector@NV?$allocator@N@std@@@std@@PAV12@@std@@YAPAV?$vector@NV?$allocator@N@std@@@0@PAV10@00@Z 0041f340 f i fluidsim.obj
 0002:0000e390       ??$_Umove@PAV?$vector@IV?$allocator@I@std@@@std@@@?$vector@V?$vector@IV?$allocator@I@std@@@std@@V?$allocator@V?$vector@IV?$allocator@I@std@@@std@@@2@@std@@IAEPAV?$vector@IV?$allocator@I@std@@@1@PAV21@00@Z 0041f390 f i fluidsim.obj
 0002:0000e3d0       ??$_Destroy_range@V?$allocator@V?$vector@IV?$allocator@I@std@@@std@@@std@@@std@@YAXPAV?$vector@IV?$allocator@I@std@@@0@0AAV?$allocator@V?$vector@IV?$allocator@I@std@@@std@@@0@@Z 0041f3d0 f i fluidsim.obj
 0002:0000e420       ??$_Umove@PAI@?$vector@IV?$allocator@I@std@@@std@@IAEPAIPAI00@Z 0041f420 f i fluidsim.obj
 0002:0000e460       ??$_Destroy_range@V?$allocator@I@std@@@std@@YAXPAI0AAV?$allocator@I@0@@Z 0041f460 f i fluidsim.obj
 0002:0000e4b0       ??$?9NN@std@@YA_NABV?$allocator@N@0@0@Z 0041f4b0 f i fluidsim.obj
 0002:0000e4f0       ??$forward@N@std@@YA$$QANAAN@Z 0041f4f0 f i fluidsim.obj
 0002:0000e510       ??$addressof@N@std@@YAPANAAN@Z 0041f510 f i fluidsim.obj
 0002:0000e530       ??$fill@PANN@std@@YAXPAN0ABN@Z 0041f530 f i fluidsim.obj
 0002:0000e580       ??$_Copy_backward@PANPAN@std@@YAPANPAN00@Z 0041f580 f i fluidsim.obj
 0002:0000e5d0       ??$_Allocate@N@std@@YAPANIPAN@Z 0041f5d0 f i fluidsim.obj
 0002:0000e650       ??0bad_alloc@std@@QAE@PBD@Z 0041f650 f i fluidsim.obj
 0002:0000e690       ??$_Destroy_range@V?$allocator@U?$Vec@$02M@@@std@@@std@@YAXPAU?$Vec@$02M@@0AAV?$allocator@U?$Vec@$02M@@@0@@Z 0041f690 f i fluidsim.obj
 0002:0000e6e0       ??$_Allocate@U?$Vec@$02M@@@std@@YAPAU?$Vec@$02M@@IPAU1@@Z 0041f6e0 f i fluidsim.obj
 0002:0000e760       ??$_Umove@PAV?$vector@NV?$allocator@N@std@@@std@@@?$vector@V?$vector@NV?$allocator@N@std@@@std@@V?$allocator@V?$vector@NV?$allocator@N@std@@@std@@@2@@std@@IAEPAV?$vector@NV?$allocator@N@std@@@1@PAV21@00@Z 0041f760 f i fluidsim.obj
 0002:0000e7a0       ??$_Destroy_range@V?$allocator@V?$vector@NV?$allocator@N@std@@@std@@@std@@@std@@YAXPAV?$vector@NV?$allocator@N@std@@@0@0AAV?$allocator@V?$vector@NV?$allocator@N@std@@@std@@@0@@Z 0041f7a0 f i fluidsim.obj
 0002:0000e7f0       ??$_Allocate@V?$vector@IV?$allocator@I@std@@@std@@@std@@YAPAV?$vector@IV?$allocator@I@std@@@0@IPAV10@@Z 0041f7f0 f i fluidsim.obj
 0002:0000e870       ??$_Allocate@I@std@@YAPAIIPAI@Z 0041f870 f i fluidsim.obj
 0002:0000e8f0       ??$_Cons_val@V?$allocator@N@std@@NN@std@@YAXAAV?$allocator@N@0@PAN$$QAN@Z 0041f8f0 f i fluidsim.obj
 0002:0000e930       ??$_Uninitialized_fill_n@PANINV?$allocator@N@std@@@std@@YAXPANIPBNAAV?$allocator@N@0@@Z 0041f930 f i fluidsim.obj
 0002:0000e990       ??$_Allocate@V?$vector@NV?$allocator@N@std@@@std@@@std@@YAPAV?$vector@NV?$allocator@N@std@@@0@IPAV10@@Z 0041f990 f i fluidsim.obj
 0002:0000ea10       ?back@?$vector@IV?$allocator@I@std@@@std@@QAEAAIXZ 0041fa10 f i fluidsim.obj
 0002:0000ea50       ?construct@?$allocator@I@std@@QAEXPAIABI@Z 0041fa50 f i fluidsim.obj
 0002:0000ea80       ?back@?$vector@NV?$allocator@N@std@@@std@@QAEAANXZ 0041fa80 f i fluidsim.obj
 0002:0000eac0       ?construct@?$allocator@N@std@@QAEXPANABN@Z 0041fac0 f i fluidsim.obj
 0002:0000eaf0       ?construct@?$allocator@N@std@@QAEXPAN$$QAN@Z 0041faf0 f i fluidsim.obj
 0002:0000eba0       ??2@YAPAXIPAX@Z            0041fba0 f i fluidsim.obj
 0002:0000ebc0       ??3@YAXPAX0@Z              0041fbc0 f i fluidsim.obj
 0002:0000ebe0       ??R?$Array3@MU?$Array1@M@@@@QBEABMHHH@Z 0041fbe0 f i fluidsim.obj
 0002:0000ec80       ?construct@?$allocator@U?$Vec@$02M@@@std@@QAEXPAU?$Vec@$02M@@ABU3@@Z 0041fc80 f i fluidsim.obj
 0002:0000ecb0       ?resize@?$SparseColumnLowerFactor@N@@QAEXI@Z 0041fcb0 f i fluidsim.obj
 0002:0000ed20       ??X?$Vec@$02M@@QAE?AU0@M@Z 0041fd20 f i fluidsim.obj
 0002:0000eda0       ??A?$Array1@M@@QBEABMK@Z   0041fda0 f i fluidsim.obj
 0002:0000edd0       ??G?$_Vector_iterator@V?$_Vector_val@NV?$allocator@N@std@@@std@@@std@@QBE?AV01@H@Z 0041fdd0 f i fluidsim.obj
 0002:0000ee10       ??D?$_Vector_iterator@V?$_Vector_val@IV?$allocator@I@std@@@std@@@std@@QBEAAIXZ 0041fe10 f i fluidsim.obj
 0002:0000ee40       ??G?$_Vector_iterator@V?$_Vector_val@IV?$allocator@I@std@@@std@@@std@@QBE?AV01@H@Z 0041fe40 f i fluidsim.obj
 0002:0000ee80       ??Z?$_Vector_iterator@V?$_Vector_val@NV?$allocator@N@std@@@std@@@std@@QAEAAV01@H@Z 0041fe80 f i fluidsim.obj
 0002:0000eeb0       ??Z?$_Vector_iterator@V?$_Vector_val@IV?$allocator@I@std@@@std@@@std@@QAEAAV01@H@Z 0041feb0 f i fluidsim.obj
 0002:0000eee0       ??D?$_Vector_const_iterator@V?$_Vector_val@IV?$allocator@I@std@@@std@@@std@@QBEABIXZ 0041fee0 f i fluidsim.obj
 0002:0000ef00       ??$get_barycentric@M@@YAXMAAHAAMHH@Z 0041ff00 f i fluidsim.obj
 0002:0000efa0       ?floor@@YAMM@Z             0041ffa0 f i fluidsim.obj
 0002:0000efd0       _floorf                    0041ffd0 f i fluidsim.obj
 0002:0000f010       ??$trilerp@MM@@YAMABM0000000MMM@Z 00420010 f i fluidsim.obj
 0002:0000f0b0       ??$bilerp@MM@@YAMABM000MM@Z 004200b0 f i fluidsim.obj
 0002:0000f130       ??$mag2@$02M@@YAMABU?$Vec@$02M@@@Z 00420130 f i fluidsim.obj
 0002:0000f1a0       ??$dist2@$02M@@YAMABU?$Vec@$02M@@0@Z 004201a0 f i fluidsim.obj
 0002:0000f230       ??$_Val_type@PAN@std@@YAPANPAN@Z 00420230 f i fluidsim.obj
 0002:0000f250       ??$_Ptr_cat@NN@std@@YA?AU_Scalar_ptr_iterator_tag@0@PAN0@Z 00420250 f i fluidsim.obj
 0002:0000f270       ??$_Uninit_def_fill_n@NINN@std@@YAXPANIPBNAAV?$allocator@N@0@0U_Scalar_ptr_iterator_tag@0@@Z 00420270 f i fluidsim.obj
 0002:0000f2b0       ??$forward@AAU?$Vec@$02M@@@std@@YAAAU?$Vec@$02M@@AAU1@@Z 004202b0 f i fluidsim.obj
 0002:0000f2d0       ??$construct@AAU?$Vec@$02M@@@?$allocator@U?$Vec@$02M@@@std@@QAEXPAU?$Vec@$02M@@AAU2@@Z 004202d0 f i fluidsim.obj
 0002:0000f390       ??$forward@ABU?$Vec@$02M@@@std@@YAABU?$Vec@$02M@@ABU1@@Z 00420390 f i fluidsim.obj
 0002:0000f3b0       ??$_Val_type@PAV?$vector@IV?$allocator@I@std@@@std@@@std@@YAPAV?$vector@IV?$allocator@I@std@@@0@PAV10@@Z 004203b0 f i fluidsim.obj
 0002:0000f3d0       ??$_Ptr_cat@V?$vector@IV?$allocator@I@std@@@std@@V12@@std@@YA?AU_Nonscalar_ptr_iterator_tag@0@PAV?$vector@IV?$allocator@I@std@@@0@0@Z 004203d0 f i fluidsim.obj
 0002:0000f3f0       ??$_Uninit_def_fill_n@PAV?$vector@IV?$allocator@I@std@@@std@@IV12@V?$allocator@V?$vector@IV?$allocator@I@std@@@std@@@2@V12@@std@@YAXPAV?$vector@IV?$allocator@I@std@@@0@IPBV10@AAV?$allocator@V?$vector@IV?$allocator@I@std@@@std@@@0@0U_Nonscalar_ptr_iterator_tag@0@@Z 004203f0 f i fluidsim.obj
 0002:0000f510       ??$_Val_type@PAI@std@@YAPAIPAI@Z 00420510 f i fluidsim.obj
 0002:0000f530       ??$_Ptr_cat@II@std@@YA?AU_Scalar_ptr_iterator_tag@0@PAI0@Z 00420530 f i fluidsim.obj
 0002:0000f550       ??$_Uninit_def_fill_n@IIII@std@@YAXPAIIPBIAAV?$allocator@I@0@0U_Scalar_ptr_iterator_tag@0@@Z 00420550 f i fluidsim.obj
 0002:0000f590       ??$forward@AAI@std@@YAAAIAAI@Z 00420590 f i fluidsim.obj
 0002:0000f5b0       ??$construct@AAI@?$allocator@I@std@@QAEXPAIAAI@Z 004205b0 f i fluidsim.obj
 0002:0000f660       ??$forward@ABI@std@@YAABIABI@Z 00420660 f i fluidsim.obj
 0002:0000f680       ??$_Copy_impl@PANPAN@std@@YAPANPAN00U_Scalar_ptr_iterator_tag@0@@Z 00420680 f i fluidsim.obj
 0002:0000f6d0       ??$_Uninitialized_copy@PANPANV?$allocator@N@std@@@std@@YAPANPAN00AAV?$allocator@N@0@@Z 004206d0 f i fluidsim.obj
 0002:0000f720       ??$forward@AAN@std@@YAAANAAN@Z 00420720 f i fluidsim.obj
 0002:0000f740       ??$construct@AAN@?$allocator@N@std@@QAEXPANAAN@Z 00420740 f i fluidsim.obj
 0002:0000f7f0       ??$forward@ABN@std@@YAABNABN@Z 004207f0 f i fluidsim.obj
 0002:0000f810       ??$_Move@PANPAN@std@@YAPANPAN00U_Scalar_ptr_iterator_tag@0@@Z 00420810 f i fluidsim.obj
 0002:0000f860       ??$_Move@AAPAN@std@@YA$$QAPANAAPAN@Z 00420860 f i fluidsim.obj
 0002:0000f880       ??$_Val_type@PAV?$vector@NV?$allocator@N@std@@@std@@@std@@YAPAV?$vector@NV?$allocator@N@std@@@0@PAV10@@Z 00420880 f i fluidsim.obj
 0002:0000f8a0       ??$_Ptr_cat@V?$vector@NV?$allocator@N@std@@@std@@V12@@std@@YA?AU_Nonscalar_ptr_iterator_tag@0@PAV?$vector@NV?$allocator@N@std@@@0@0@Z 004208a0 f i fluidsim.obj
 0002:0000f8c0       ??$_Uninit_def_fill_n@PAV?$vector@NV?$allocator@N@std@@@std@@IV12@V?$allocator@V?$vector@NV?$allocator@N@std@@@std@@@2@V12@@std@@YAXPAV?$vector@NV?$allocator@N@std@@@0@IPBV10@AAV?$allocator@V?$vector@NV?$allocator@N@std@@@std@@@0@0U_Nonscalar_ptr_iterator_tag@0@@Z 004208c0 f i fluidsim.obj
 0002:0000f9e0       ??$_Move@PAV?$vector@IV?$allocator@I@std@@@std@@PAV12@@std@@YAPAV?$vector@IV?$allocator@I@std@@@0@PAV10@00U_Nonscalar_ptr_iterator_tag@0@@Z 004209e0 f i fluidsim.obj
 0002:0000fa40       ??$_Move@PAIPAI@std@@YAPAIPAI00U_Scalar_ptr_iterator_tag@0@@Z 00420a40 f i fluidsim.obj
 0002:0000fa90       ??$_Uninitialized_move@PANPANV?$allocator@N@std@@@std@@YAPANPAN00AAV?$allocator@N@0@@Z 00420a90 f i fluidsim.obj
 0002:0000faf0       ??$_Destroy_range@V?$allocator@N@std@@@std@@YAXPAN0AAV?$allocator@N@0@U_Scalar_ptr_iterator_tag@0@@Z 00420af0 f i fluidsim.obj
 0002:0000fb10       ??$_Uninitialized_move@PAU?$Vec@$02M@@PAU1@V?$allocator@U?$Vec@$02M@@@std@@@std@@YAPAU?$Vec@$02M@@PAU1@00AAV?$allocator@U?$Vec@$02M@@@0@@Z 00420b10 f i fluidsim.obj
 0002:0000fb70       ??$_Move@PAV?$vector@NV?$allocator@N@std@@@std@@PAV12@@std@@YAPAV?$vector@NV?$allocator@N@std@@@0@PAV10@00U_Nonscalar_ptr_iterator_tag@0@@Z 00420b70 f i fluidsim.obj
 0002:0000fbd0       ??$_Uninitialized_move@PAV?$vector@IV?$allocator@I@std@@@std@@PAV12@V?$allocator@V?$vector@IV?$allocator@I@std@@@std@@@2@@std@@YAPAV?$vector@IV?$allocator@I@std@@@0@PAV10@00AAV?$allocator@V?$vector@IV?$allocator@I@std@@@std@@@0@@Z 00420bd0 f i fluidsim.obj
 0002:0000fc30       ??$_Destroy_range@V?$allocator@V?$vector@IV?$allocator@I@std@@@std@@@std@@@std@@YAXPAV?$vector@IV?$allocator@I@std@@@0@0AAV?$allocator@V?$vector@IV?$allocator@I@std@@@std@@@0@U_Nonscalar_ptr_iterator_tag@0@@Z 00420c30 f i fluidsim.obj
 0002:0000fc80       ??$_Uninitialized_move@PAIPAIV?$allocator@I@std@@@std@@YAPAIPAI00AAV?$allocator@I@0@@Z 00420c80 f i fluidsim.obj
 0002:0000fce0       ??$_Destroy_range@V?$allocator@I@std@@@std@@YAXPAI0AAV?$allocator@I@0@U_Scalar_ptr_iterator_tag@0@@Z 00420ce0 f i fluidsim.obj
 0002:0000fd00       ??$_Unchecked@PAN@std@@YAPANPAN@Z 00420d00 f i fluidsim.obj
 0002:0000fd20       ??$_Fill@PANN@std@@YAXPAN0ABN@Z 00420d20 f i fluidsim.obj
 0002:0000fd60       ??$_Copy_backward@PANPAN@std@@YAPANPAN00U_Scalar_ptr_iterator_tag@0@@Z 00420d60 f i fluidsim.obj
 0002:0000fdc0       ??$_Ptr_cat@U?$Vec@$02M@@U1@@std@@YA?AU_Nonscalar_ptr_iterator_tag@0@PAU?$Vec@$02M@@0@Z 00420dc0 f i fluidsim.obj
 0002:0000fde0       ??$_Destroy_range@V?$allocator@U?$Vec@$02M@@@std@@@std@@YAXPAU?$Vec@$02M@@0AAV?$allocator@U?$Vec@$02M@@@0@U_Nonscalar_ptr_iterator_tag@0@@Z 00420de0 f i fluidsim.obj
 0002:0000fe30       ??$_Uninitialized_move@PAV?$vector@NV?$allocator@N@std@@@std@@PAV12@V?$allocator@V?$vector@NV?$allocator@N@std@@@std@@@2@@std@@YAPAV?$vector@NV?$allocator@N@std@@@0@PAV10@00AAV?$allocator@V?$vector@NV?$allocator@N@std@@@std@@@0@@Z 00420e30 f i fluidsim.obj
 0002:0000fe90       ??$_Destroy_range@V?$allocator@V?$vector@NV?$allocator@N@std@@@std@@@std@@@std@@YAXPAV?$vector@NV?$allocator@N@std@@@0@0AAV?$allocator@V?$vector@NV?$allocator@N@std@@@std@@@0@U_Nonscalar_ptr_iterator_tag@0@@Z 00420e90 f i fluidsim.obj
 0002:0000fee0       ??$_Uninit_fill_n@NINN@std@@YAXPANIPBNAAV?$allocator@N@0@0U_Scalar_ptr_iterator_tag@0@@Z 00420ee0 f i fluidsim.obj
 0002:0000ff10       ??$_Construct@IABI@std@@YAXPAIABI@Z 00420f10 f i fluidsim.obj
 0002:0000ffc0       ??$_Construct@NABN@std@@YAXPANABN@Z 00420fc0 f i fluidsim.obj
 0002:00010070       ??$_Construct@U?$Vec@$02M@@ABU1@@std@@YAXPAU?$Vec@$02M@@ABU1@@Z 00421070 f i fluidsim.obj
 0002:00010130       ??0?$vector@IV?$allocator@I@std@@@std@@QAE@XZ 00421130 f i fluidsim.obj
 0002:00010170       ??4?$vector@IV?$allocator@I@std@@@std@@QAEAAV01@$$QAV01@@Z 00421170 f i fluidsim.obj
 0002:000101b0       ??1?$vector@IV?$allocator@I@std@@@std@@QAE@XZ 004211b0 f i fluidsim.obj
 0002:00010230       ??0?$vector@NV?$allocator@N@std@@@std@@QAE@XZ 00421230 f i fluidsim.obj
 0002:00010270       ?_Assign_rv@?$vector@IV?$allocator@I@std@@@std@@QAEX$$QAV12@@Z 00421270 f i fluidsim.obj
 0002:000103b0       ?_Tidy@?$vector@IV?$allocator@I@std@@@std@@IAEXXZ 004213b0 f i fluidsim.obj
 0002:00010450       ??0?$_Vector_val@IV?$allocator@I@std@@@std@@QAE@V?$allocator@I@1@@Z 00421450 f i fluidsim.obj
 0002:000104b0       ??1?$_Vector_val@IV?$allocator@I@std@@@std@@QAE@XZ 004214b0 f i fluidsim.obj
 0002:000104d0       ??0?$allocator@I@std@@QAE@XZ 004214d0 f i fluidsim.obj
 0002:000104f0       ??0?$allocator@N@std@@QAE@XZ 004214f0 f i fluidsim.obj
 0002:00010510       ?push_back@?$vector@IV?$allocator@I@std@@@std@@QAEX$$QAI@Z 00421510 f i fluidsim.obj
 0002:00010670       ?get_allocator@?$vector@IV?$allocator@I@std@@@std@@QBE?AV?$allocator@I@2@XZ 00421670 f i fluidsim.obj
 0002:000106a0       ?clear@?$vector@IV?$allocator@I@std@@@std@@QAEXXZ 004216a0 f i fluidsim.obj
 0002:00010700       ??0?$allocator@I@std@@QAE@ABV01@@Z 00421700 f i fluidsim.obj
 0002:00010720       ??E?$_Vector_iterator@V?$_Vector_val@IV?$allocator@I@std@@@std@@@std@@QAEAAV01@XZ 00421720 f i fluidsim.obj
 0002:00010750       ??E?$_Vector_const_iterator@V?$_Vector_val@IV?$allocator@I@std@@@std@@@std@@QAEAAV01@XZ 00421750 f i fluidsim.obj
 0002:00010780       ??$lerp@MM@@YAMABM0M@Z     00421780 f i fluidsim.obj
 0002:000107c0       ??$_Fill_n@PANIN@std@@YAXPANIABN@Z 004217c0 f i fluidsim.obj
 0002:00010810       ??$_Cons_val@V?$allocator@V?$vector@IV?$allocator@I@std@@@std@@@std@@V?$vector@IV?$allocator@I@std@@@2@V32@@std@@YAXAAV?$allocator@V?$vector@IV?$allocator@I@std@@@std@@@0@PAV?$vector@IV?$allocator@I@std@@@0@$$QAV20@@Z 00421810 f i fluidsim.obj
 0002:00010850       ??$_Dest_val@V?$allocator@V?$vector@IV?$allocator@I@std@@@std@@@std@@V?$vector@IV?$allocator@I@std@@@2@@std@@YAXAAV?$allocator@V?$vector@IV?$allocator@I@std@@@std@@@0@PAV?$vector@IV?$allocator@I@std@@@0@@Z 00421850 f i fluidsim.obj
 0002:00010880       ??$_Fill_n@PAIII@std@@YAXPAIIABI@Z 00421880 f i fluidsim.obj
 0002:000108d0       ??$_Uninit_copy@NN@std@@YAPANPAN00AAV?$allocator@N@0@U_Scalar_ptr_iterator_tag@0@@Z 004218d0 f i fluidsim.obj
 0002:00010920       ??$_Cons_val@V?$allocator@V?$vector@NV?$allocator@N@std@@@std@@@std@@V?$vector@NV?$allocator@N@std@@@2@V32@@std@@YAXAAV?$allocator@V?$vector@NV?$allocator@N@std@@@std@@@0@PAV?$vector@NV?$allocator@N@std@@@0@$$QAV20@@Z 00421920 f i fluidsim.obj
 0002:00010960       ??$_Dest_val@V?$allocator@V?$vector@NV?$allocator@N@std@@@std@@@std@@V?$vector@NV?$allocator@N@std@@@2@@std@@YAXAAV?$allocator@V?$vector@NV?$allocator@N@std@@@std@@@0@PAV?$vector@NV?$allocator@N@std@@@0@@Z 00421960 f i fluidsim.obj
 0002:00010990       ??$move@AAV?$vector@IV?$allocator@I@std@@@std@@@std@@YA$$QAV?$vector@IV?$allocator@I@std@@@0@AAV10@@Z 00421990 f i fluidsim.obj
 0002:000109b0       ??$_Uninit_move@NNN@std@@YAPANPAN00AAV?$allocator@N@0@0U_Scalar_ptr_iterator_tag@0@@Z 004219b0 f i fluidsim.obj
 0002:00010a00       ??$_Val_type@PAU?$Vec@$02M@@@std@@YAPAU?$Vec@$02M@@PAU1@@Z 00421a00 f i fluidsim.obj
 0002:00010a20       ??$_Uninit_move@PAU?$Vec@$02M@@PAU1@V?$allocator@U?$Vec@$02M@@@std@@U1@@std@@YAPAU?$Vec@$02M@@PAU1@00AAV?$allocator@U?$Vec@$02M@@@0@0U_Nonscalar_ptr_iterator_tag@0@@Z 00421a20 f i fluidsim.obj
 0002:00010b20       ??$move@AAV?$vector@NV?$allocator@N@std@@@std@@@std@@YA$$QAV?$vector@NV?$allocator@N@std@@@0@AAV10@@Z 00421b20 f i fluidsim.obj
 0002:00010b40       ??$_Uninit_move@PAV?$vector@IV?$allocator@I@std@@@std@@PAV12@V?$allocator@V?$vector@IV?$allocator@I@std@@@std@@@2@V12@@std@@YAPAV?$vector@IV?$allocator@I@std@@@0@PAV10@00AAV?$allocator@V?$vector@IV?$allocator@I@std@@@std@@@0@0U_Nonscalar_ptr_iterator_tag@0@@Z 00421b40 f i fluidsim.obj
 0002:00010c40       ??$_Uninit_move@III@std@@YAPAIPAI00AAV?$allocator@I@0@0U_Scalar_ptr_iterator_tag@0@@Z 00421c40 f i fluidsim.obj
 0002:00010c90       ??$_Dest_val@V?$allocator@U?$Vec@$02M@@@std@@U?$Vec@$02M@@@std@@YAXAAV?$allocator@U?$Vec@$02M@@@0@PAU?$Vec@$02M@@@Z 00421c90 f i fluidsim.obj
 0002:00010cc0       ??$_Uninit_move@PAV?$vector@NV?$allocator@N@std@@@std@@PAV12@V?$allocator@V?$vector@NV?$allocator@N@std@@@std@@@2@V12@@std@@YAPAV?$vector@NV?$allocator@N@std@@@0@PAV10@00AAV?$allocator@V?$vector@NV?$allocator@N@std@@@std@@@0@0U_Nonscalar_ptr_iterator_tag@0@@Z 00421cc0 f i fluidsim.obj
 0002:00010dc0       ??$forward@V?$vector@IV?$allocator@I@std@@@std@@@std@@YA$$QAV?$vector@IV?$allocator@I@std@@@0@AAV10@@Z 00421dc0 f i fluidsim.obj
 0002:00010de0       ??$?9II@std@@YA_NABV?$allocator@I@0@0@Z 00421de0 f i fluidsim.obj
 0002:00010e20       ??$forward@I@std@@YA$$QAIAAI@Z 00421e20 f i fluidsim.obj
 0002:00010e40       ??$addressof@I@std@@YAPAIAAI@Z 00421e40 f i fluidsim.obj
 0002:00010e60       ??$_Cons_val@V?$allocator@I@std@@II@std@@YAXAAV?$allocator@I@0@PAI$$QAI@Z 00421e60 f i fluidsim.obj
 0002:00010ea0       ?construct@?$allocator@V?$vector@IV?$allocator@I@std@@@std@@@std@@QAEXPAV?$vector@IV?$allocator@I@std@@@2@$$QAV32@@Z 00421ea0 f i fluidsim.obj
 0002:00010f50       ?destroy@?$allocator@V?$vector@IV?$allocator@I@std@@@std@@@std@@QAEXPAV?$vector@IV?$allocator@I@std@@@2@@Z 00421f50 f i fluidsim.obj
 0002:00010f80       ?construct@?$allocator@I@std@@QAEXPAI$$QAI@Z 00421f80 f i fluidsim.obj
 0002:00011030       ?destroy@?$allocator@U?$Vec@$02M@@@std@@QAEXPAU?$Vec@$02M@@@Z 00422030 f i fluidsim.obj
 0002:00011060       ?construct@?$allocator@V?$vector@NV?$allocator@N@std@@@std@@@std@@QAEXPAV?$vector@NV?$allocator@N@std@@@2@$$QAV32@@Z 00422060 f i fluidsim.obj
 0002:00011110       ?destroy@?$allocator@V?$vector@NV?$allocator@N@std@@@std@@@std@@QAEXPAV?$vector@NV?$allocator@N@std@@@2@@Z 00422110 f i fluidsim.obj
 0002:00011140       ??0?$vector@IV?$allocator@I@std@@@std@@QAE@$$QAV01@@Z 00422140 f i fluidsim.obj
 0002:000111e0       ??$_Cons_val@V?$allocator@U?$Vec@$02M@@@std@@U?$Vec@$02M@@U3@@std@@YAXAAV?$allocator@U?$Vec@$02M@@@0@PAU?$Vec@$02M@@$$QAU2@@Z 004221e0 f i fluidsim.obj
 0002:00011220       ??$?8II@std@@YA_NABV?$allocator@I@0@0@Z 00422220 f i fluidsim.obj
 0002:00011240       ??$_Destroy@V?$vector@IV?$allocator@I@std@@@std@@@std@@YAXPAV?$vector@IV?$allocator@I@std@@@0@@Z 00422240 f i fluidsim.obj
 0002:00011260       ??$_Destroy@U?$Vec@$02M@@@std@@YAXPAU?$Vec@$02M@@@Z 00422260 f i fluidsim.obj
 0002:00011280       ??$_Destroy@V?$vector@NV?$allocator@N@std@@@std@@@std@@YAXPAV?$vector@NV?$allocator@N@std@@@0@@Z 00422280 f i fluidsim.obj
 0002:000112a0       ??_G?$vector@IV?$allocator@I@std@@@std@@QAEPAXI@Z 004222a0 f i fluidsim.obj
 0002:000112f0       ??_G?$vector@NV?$allocator@N@std@@@std@@QAEPAXI@Z 004222f0 f i fluidsim.obj
 0002:00011340       ?construct@?$allocator@U?$Vec@$02M@@@std@@QAEXPAU?$Vec@$02M@@$$QAU3@@Z 00422340 f i fluidsim.obj
 0002:00011400       ??$forward@U?$Vec@$02M@@@std@@YA$$QAU?$Vec@$02M@@AAU1@@Z 00422400 f i fluidsim.obj
 0002:00011420       ?fraction_inside@@YAMMM@Z  00422420 f   levelset_util.obj
 0002:000114e0       ?fraction_inside@@YAMMMMM@Z 004224e0 f   levelset_util.obj
 0002:00011a90       ?sphere_phi@@YAMABU?$Vec@$02M@@0M@Z 00422a90 f   main.obj
 0002:00011ad0       ?boundary_phi@@YAMABU?$Vec@$02M@@@Z 00422ad0 f   main.obj
 0002:00011b10       ?liquid_phi@@YAMABU?$Vec@$02M@@@Z 00422b10 f   main.obj
 0002:00011b90       _main                      00422b90 f   main.obj
 0002:00011e00       ?export_particles@@YAXV?$basic_string@DU?$char_traits@D@std@@V?$allocator@D@2@@std@@HABV?$vector@U?$Vec@$02M@@V?$allocator@U?$Vec@$02M@@@std@@@2@M@Z 00422e00 f   main.obj
 0002:000120f0       ??_D?$basic_stringstream@DU?$char_traits@D@std@@V?$allocator@D@2@@std@@QAEXXZ 004230f0 f i main.obj
 0002:00012130       ??_D?$basic_ofstream@DU?$char_traits@D@std@@@std@@QAEXXZ 00423130 f i main.obj
 0002:00012170       ??0?$basic_string@DU?$char_traits@D@std@@V?$allocator@D@2@@std@@QAE@ABV01@@Z 00423170 f i main.obj
 0002:00012220       ??0?$basic_string@DU?$char_traits@D@std@@V?$allocator@D@2@@std@@QAE@PBD@Z 00423220 f i main.obj
 0002:000122c0       ??1?$basic_string@DU?$char_traits@D@std@@V?$allocator@D@2@@std@@QAE@XZ 004232c0 f i main.obj
 0002:00012340       ?c_str@?$basic_string@DU?$char_traits@D@std@@V?$allocator@D@2@@std@@QBEPBDXZ 00423340 f i main.obj
 0002:00012370       ??A?$vector@U?$Vec@$02M@@V?$allocator@U?$Vec@$02M@@@std@@@std@@QBEABU?$Vec@$02M@@I@Z 00423370 f i main.obj
 0002:000123a0       ??0?$basic_stringstream@DU?$char_traits@D@std@@V?$allocator@D@2@@std@@QAE@H@Z 004233a0 f i main.obj
 0002:00012490       ??1?$basic_stringstream@DU?$char_traits@D@std@@V?$allocator@D@2@@std@@UAE@XZ 00423490 f i main.obj
 0002:00012530       ?str@?$basic_stringstream@DU?$char_traits@D@std@@V?$allocator@D@2@@std@@QBE?AV?$basic_string@DU?$char_traits@D@std@@V?$allocator@D@2@@2@XZ 00423530 f i main.obj
 0002:00012580       ??1?$basic_stringbuf@DU?$char_traits@D@std@@V?$allocator@D@2@@std@@UAE@XZ 00423580 f i main.obj
 0002:00012600       ?overflow@?$basic_stringbuf@DU?$char_traits@D@std@@V?$allocator@D@2@@std@@MAEHH@Z 00423600 f i main.obj
 0002:000129c0       ?copy@?$char_traits@D@std@@SAPADPADPBDI@Z 004239c0 f i main.obj
 0002:000129f0       ?to_char_type@?$char_traits@D@std@@SADABH@Z 004239f0 f i main.obj
 0002:00012a10       ?eq_int_type@?$char_traits@D@std@@SA_NABH0@Z 00423a10 f i main.obj
 0002:00012a40       ?not_eof@?$char_traits@D@std@@SAHABH@Z 00423a40 f i main.obj
 0002:00012a90       ?eof@?$char_traits@D@std@@SAHXZ 00423a90 f i main.obj
 0002:00012ab0       ?pbackfail@?$basic_stringbuf@DU?$char_traits@D@std@@V?$allocator@D@2@@std@@MAEHH@Z 00423ab0 f i main.obj
 0002:00012be0       ?eq@?$char_traits@D@std@@SA_NABD0@Z 00423be0 f i main.obj
 0002:00012c10       ?underflow@?$basic_stringbuf@DU?$char_traits@D@std@@V?$allocator@D@2@@std@@MAEHXZ 00423c10 f i main.obj
 0002:00012d60       ?to_int_type@?$char_traits@D@std@@SAHABD@Z 00423d60 f i main.obj
 0002:00012d80       ?seekoff@?$basic_stringbuf@DU?$char_traits@D@std@@V?$allocator@D@2@@std@@MAE?AV?$fpos@H@2@_JHH@Z 00423d80 f i main.obj
 0002:000130f0       ?seekpos@?$basic_stringbuf@DU?$char_traits@D@std@@V?$allocator@D@2@@std@@MAE?AV?$fpos@H@2@V32@H@Z 004240f0 f i main.obj
 0002:00013370       ??0?$basic_ofstream@DU?$char_traits@D@std@@@std@@QAE@PBDHH@Z 00424370 f i main.obj
 0002:000134a0       ??1?$basic_ofstream@DU?$char_traits@D@std@@@std@@UAE@XZ 004244a0 f i main.obj
 0002:00013540       ?close@?$basic_ofstream@DU?$char_traits@D@std@@@std@@QAEXXZ 00424540 f i main.obj
 0002:00013590       ??1?$basic_filebuf@DU?$char_traits@D@std@@@std@@UAE@XZ 00424590 f i main.obj
 0002:00013640       ?_Lock@?$basic_filebuf@DU?$char_traits@D@std@@@std@@UAEXXZ 00424640 f i main.obj
 0002:00013680       ?_Unlock@?$basic_filebuf@DU?$char_traits@D@std@@@std@@UAEXXZ 00424680 f i main.obj
 0002:000136c0       ?overflow@?$basic_filebuf@DU?$char_traits@D@std@@@std@@MAEHH@Z 004246c0 f i main.obj
 0002:00013b10       ??$_Fputc@D@std@@YA_NDPAU_iobuf@@@Z 00424b10 f i main.obj
 0002:00013b50       ?size@?$basic_string@DU?$char_traits@D@std@@V?$allocator@D@2@@std@@QBEIXZ 00424b50 f i main.obj
 0002:00013b70       ?pbackfail@?$basic_filebuf@DU?$char_traits@D@std@@@std@@MAEHH@Z 00424b70 f i main.obj
 0002:00013d20       ??$_Ungetc@D@std@@YA_NABDPAU_iobuf@@@Z 00424d20 f i main.obj
 0002:00013d60       ?underflow@?$basic_filebuf@DU?$char_traits@D@std@@@std@@MAEHXZ 00424d60 f i main.obj
 0002:00013e20       ?uflow@?$basic_filebuf@DU?$char_traits@D@std@@@std@@MAEHXZ 00424e20 f i main.obj
 0002:00014220       ??$_Fgetc@D@std@@YA_NAADPAU_iobuf@@@Z 00425220 f i main.obj
 0002:00014270       ??0?$basic_string@DU?$char_traits@D@std@@V?$allocator@D@2@@std@@QAE@XZ 00425270 f i main.obj
 0002:00014300       ?seekoff@?$basic_filebuf@DU?$char_traits@D@std@@@std@@MAE?AV?$fpos@H@2@_JHH@Z 00425300 f i main.obj
 0002:00014420       ?seekpos@?$basic_filebuf@DU?$char_traits@D@std@@@std@@MAE?AV?$fpos@H@2@V32@H@Z 00425420 f i main.obj
 0002:00014560       ?setbuf@?$basic_filebuf@DU?$char_traits@D@std@@@std@@MAEPAV?$basic_streambuf@DU?$char_traits@D@std@@@2@PAD_J@Z 00425560 f i main.obj
 0002:00014600       ?sync@?$basic_filebuf@DU?$char_traits@D@std@@@std@@MAEHXZ 00425600 f i main.obj
 0002:000146a0       ?imbue@?$basic_filebuf@DU?$char_traits@D@std@@@std@@MAEXABVlocale@2@@Z 004256a0 f i main.obj
 0002:000146e0       ??_E?$basic_stringstream@DU?$char_traits@D@std@@V?$allocator@D@2@@std@@UAEPAXI@Z 004256e0 f i main.obj
 0002:000146e0       ??_G?$basic_stringstream@DU?$char_traits@D@std@@V?$allocator@D@2@@std@@UAEPAXI@Z 004256e0 f i main.obj
 0002:00014730       ??_G?$basic_stringbuf@DU?$char_traits@D@std@@V?$allocator@D@2@@std@@UAEPAXI@Z 00425730 f i main.obj
 0002:00014730       ??_E?$basic_stringbuf@DU?$char_traits@D@std@@V?$allocator@D@2@@std@@UAEPAXI@Z 00425730 f i main.obj
 0002:00014780       ??_G?$basic_ofstream@DU?$char_traits@D@std@@@std@@UAEPAXI@Z 00425780 f i main.obj
 0002:00014780       ??_E?$basic_ofstream@DU?$char_traits@D@std@@@std@@UAEPAXI@Z 00425780 f i main.obj
 0002:000147d0       ??_E?$basic_filebuf@DU?$char_traits@D@std@@@std@@UAEPAXI@Z 004257d0 f i main.obj
 0002:000147d0       ??_G?$basic_filebuf@DU?$char_traits@D@std@@@std@@UAEPAXI@Z 004257d0 f i main.obj
 0002:00014820       ??0?$basic_string@DU?$char_traits@D@std@@V?$allocator@D@2@@std@@QAE@ID@Z 00425820 f i main.obj
 0002:000148c0       ?append@?$basic_string@DU?$char_traits@D@std@@V?$allocator@D@2@@std@@QAEAAV12@ID@Z 004258c0 f i main.obj
 0002:00014960       ?assign@?$basic_string@DU?$char_traits@D@std@@V?$allocator@D@2@@std@@QAEAAV12@ABV12@II@Z 00425960 f i main.obj
 0002:00014a50       ?assign@?$basic_string@DU?$char_traits@D@std@@V?$allocator@D@2@@std@@QAEAAV12@PBD@Z 00425a50 f i main.obj
 0002:00014a90       ?length@?$char_traits@D@std@@SAIPBD@Z 00425a90 f i main.obj
 0002:00014ac0       ?erase@?$basic_string@DU?$char_traits@D@std@@V?$allocator@D@2@@std@@QAEAAV12@II@Z 00425ac0 f i main.obj
 0002:00014b80       ?move@?$char_traits@D@std@@SAPADPADPBDI@Z 00425b80 f i main.obj
 0002:00014bb0       ?begin@?$basic_string@DU?$char_traits@D@std@@V?$allocator@D@2@@std@@QAE?AV?$_String_iterator@DU?$char_traits@D@std@@V?$allocator@D@2@@2@XZ 00425bb0 f i main.obj
 0002:00014bf0       ?_Tidy@?$basic_string@DU?$char_traits@D@std@@V?$allocator@D@2@@std@@QAEX_NI@Z 00425bf0 f i main.obj
 0002:00014c90       ?_Myptr@?$basic_string@DU?$char_traits@D@std@@V?$allocator@D@2@@std@@QBEPBDXZ 00425c90 f i main.obj
 0002:00014cd0       ??0?$_String_val@DV?$allocator@D@std@@@std@@QAE@V?$allocator@D@1@@Z 00425cd0 f i main.obj
 0002:00014d00       ??1?$_String_val@DV?$allocator@D@std@@@std@@QAE@XZ 00425d00 f i main.obj
 0002:00014d20       ??0?$allocator@D@std@@QAE@XZ 00425d20 f i main.obj
 0002:00014d40       ??0?$allocator@D@std@@QAE@ABV01@@Z 00425d40 f i main.obj
 0002:00014d60       ?deallocate@?$allocator@D@std@@QAEXPADI@Z 00425d60 f i main.obj
 0002:00014d90       ?allocate@?$allocator@D@std@@QAEPADI@Z 00425d90 f i main.obj
 0002:00014dc0       ??0?$basic_stringbuf@DU?$char_traits@D@std@@V?$allocator@D@2@@std@@QAE@H@Z 00425dc0 f i main.obj
 0002:00014e70       ?str@?$basic_stringbuf@DU?$char_traits@D@std@@V?$allocator@D@2@@std@@QBE?AV?$basic_string@DU?$char_traits@D@std@@V?$allocator@D@2@@2@XZ 00425e70 f i main.obj
 0002:000150a0       ??0?$basic_string@DU?$char_traits@D@std@@V?$allocator@D@2@@std@@QAE@$$QAV01@@Z 004260a0 f i main.obj
 0002:00015160       ?assign@?$basic_string@DU?$char_traits@D@std@@V?$allocator@D@2@@std@@QAEAAV12@$$QAV12@@Z 00426160 f i main.obj
 0002:00015260       ?_Tidy@?$basic_stringbuf@DU?$char_traits@D@std@@V?$allocator@D@2@@std@@IAEXXZ 00426260 f i main.obj
 0002:00015330       ??0?$basic_filebuf@DU?$char_traits@D@std@@@std@@QAE@PAU_iobuf@@@Z 00426330 f i main.obj
 0002:000153c0       ?open@?$basic_filebuf@DU?$char_traits@D@std@@@std@@QAEPAV12@PBDHH@Z 004263c0 f i main.obj
 0002:000154b0       ??1locale@std@@QAE@XZ      004264b0 f i main.obj
 0002:00015520       ?close@?$basic_filebuf@DU?$char_traits@D@std@@@std@@QAEPAV12@XZ 00426520 f i main.obj
 0002:000155b0       ?_Init@?$basic_filebuf@DU?$char_traits@D@std@@@std@@IAEXPAU_iobuf@@W4_Initfl@12@@Z 004265b0 f i main.obj
 0002:00015680       ?_Endwrite@?$basic_filebuf@DU?$char_traits@D@std@@@std@@IAE_NXZ 00426680 f i main.obj
 0002:00015950       ?_Initcvt@?$basic_filebuf@DU?$char_traits@D@std@@@std@@IAEXPBV?$codecvt@DDH@2@@Z 00426950 f i main.obj
 0002:000159b0       ?_Reset_back@?$basic_filebuf@DU?$char_traits@D@std@@@std@@AAEXXZ 004269b0 f i main.obj
 0002:00015a10       ?_Set_back@?$basic_filebuf@DU?$char_traits@D@std@@@std@@AAEXXZ 00426a10 f i main.obj
 0002:00015a90       ??D?$_String_iterator@DU?$char_traits@D@std@@V?$allocator@D@2@@std@@QBEAADXZ 00426a90 f i main.obj
 0002:00015ac0       ??0?$fpos@H@std@@QAE@_J@Z  00426ac0 f i main.obj
 0002:00015b20       ??0?$fpos@H@std@@QAE@H_J@Z 00426b20 f i main.obj
 0002:00015b70       ?state@?$fpos@H@std@@QBEHXZ 00426b70 f i main.obj
 0002:00015b90       ?seekpos@?$fpos@H@std@@QBE_JXZ 00426b90 f i main.obj
 0002:00015bc0       ??B?$fpos@H@std@@QBE_JXZ   00426bc0 f i main.obj
 0002:00015bf0       ??0?$basic_string@DU?$char_traits@D@std@@V?$allocator@D@2@@std@@QAE@PBDI@Z 00426bf0 f i main.obj
 0002:00015c90       ??4?$basic_string@DU?$char_traits@D@std@@V?$allocator@D@2@@std@@QAEAAV01@ABV01@@Z 00426c90 f i main.obj
 0002:00015cc0       ?assign@?$basic_string@DU?$char_traits@D@std@@V?$allocator@D@2@@std@@QAEAAV12@PBDI@Z 00426cc0 f i main.obj
 0002:00015d70       ?assign@?$basic_string@DU?$char_traits@D@std@@V?$allocator@D@2@@std@@QAEAAV12@ID@Z 00426d70 f i main.obj
 0002:00015df0       ?get_allocator@?$basic_string@DU?$char_traits@D@std@@V?$allocator@D@2@@std@@QBE?AV?$allocator@D@2@XZ 00426df0 f i main.obj
 0002:00015e20       ?_Chassign@?$basic_string@DU?$char_traits@D@std@@V?$allocator@D@2@@std@@QAEXIID@Z 00426e20 f i main.obj
 0002:00015e90       ?assign@?$char_traits@D@std@@SAPADPADID@Z 00426e90 f i main.obj
 0002:00015ec0       ?assign@?$char_traits@D@std@@SAXAADABD@Z 00426ec0 f i main.obj
 0002:00015ee0       ?_Eos@?$basic_string@DU?$char_traits@D@std@@V?$allocator@D@2@@std@@QAEXI@Z 00426ee0 f i main.obj
 0002:00015f30       ?_Grow@?$basic_string@DU?$char_traits@D@std@@V?$allocator@D@2@@std@@QAE_NI_N@Z 00426f30 f i main.obj
 0002:00016000       ?_Myptr@?$basic_string@DU?$char_traits@D@std@@V?$allocator@D@2@@std@@QAEPADXZ 00427000 f i main.obj
 0002:00016040       ?_Xlen@?$basic_string@DU?$char_traits@D@std@@V?$allocator@D@2@@std@@QBEXXZ 00427040 f i main.obj
 0002:00016070       ?_Xran@?$basic_string@DU?$char_traits@D@std@@V?$allocator@D@2@@std@@QBEXXZ 00427070 f i main.obj
 0002:000160a0       ?_Init@?$basic_stringbuf@DU?$char_traits@D@std@@V?$allocator@D@2@@std@@IAEXPBDIH@Z 004270a0 f i main.obj
 0002:000161f0       ?_Getstate@?$basic_stringbuf@DU?$char_traits@D@std@@V?$allocator@D@2@@std@@AAEHH@Z 004271f0 f i main.obj
 0002:00016270       ??0?$_String_iterator@DU?$char_traits@D@std@@V?$allocator@D@2@@std@@QAE@PADPBU_Container_base0@1@@Z 00427270 f i main.obj
 0002:000162b0       ??D?$_String_const_iterator@DU?$char_traits@D@std@@V?$allocator@D@2@@std@@QBEABDXZ 004272b0 f i main.obj
 0002:000162d0       ?assign@?$basic_string@DU?$char_traits@D@std@@V?$allocator@D@2@@std@@QAEAAV12@ABV12@@Z 004272d0 f i main.obj
 0002:00016310       ?max_size@?$basic_string@DU?$char_traits@D@std@@V?$allocator@D@2@@std@@QBEIXZ 00427310 f i main.obj
 0002:00016360       ?_Copy@?$basic_string@DU?$char_traits@D@std@@V?$allocator@D@2@@std@@QAEXII@Z 00427360 f i main.obj
 0002:00016550       ?_Inside@?$basic_string@DU?$char_traits@D@std@@V?$allocator@D@2@@std@@QAE_NPBD@Z 00427550 f i main.obj
 0002:000165b0       ??0?$_String_const_iterator@DU?$char_traits@D@std@@V?$allocator@D@2@@std@@QAE@PBDPBU_Container_base0@1@@Z 004275b0 f i main.obj
 0002:000165f0       ?max_size@?$allocator@D@std@@QBEIXZ 004275f0 f i main.obj
 0002:00016630       ??$?6U?$char_traits@D@std@@@std@@YAAAV?$basic_ostream@DU?$char_traits@D@std@@@0@AAV10@PBD@Z 00427630 f i main.obj
 0002:00016b00       ??0sentry@?$basic_ostream@DU?$char_traits@D@std@@@std@@QAE@AAV12@@Z 00427b00 f i main.obj
 0002:00016c00       ??1sentry@?$basic_ostream@DU?$char_traits@D@std@@@std@@QAE@XZ 00427c00 f i main.obj
 0002:00016c90       ??Bsentry@?$basic_ostream@DU?$char_traits@D@std@@@std@@QBEPQ_Bool_struct@2@HXZ 00427c90 f i main.obj
 0002:00016cc0       ??0_Sentry_base@?$basic_ostream@DU?$char_traits@D@std@@@std@@QAE@AAV12@@Z 00427cc0 f i main.obj
 0002:00016d40       ??1_Sentry_base@?$basic_ostream@DU?$char_traits@D@std@@@std@@QAE@XZ 00427d40 f i main.obj
 0002:00016db0       ??$?6DU?$char_traits@D@std@@V?$allocator@D@1@@std@@YAAAV?$basic_ostream@DU?$char_traits@D@std@@@0@AAV10@ABV?$basic_string@DU?$char_traits@D@std@@V?$allocator@D@2@@0@@Z 00427db0 f i main.obj
 0002:000171e0       ??$forward@V?$allocator@D@std@@@std@@YA$$QAV?$allocator@D@0@AAV10@@Z 004281e0 f i main.obj
 0002:00017200       ??$forward@V?$basic_string@DU?$char_traits@D@std@@V?$allocator@D@2@@std@@@std@@YA$$QAV?$basic_string@DU?$char_traits@D@std@@V?$allocator@D@2@@0@AAV10@@Z 00428200 f i main.obj
 0002:00017220       ??$use_facet@V?$codecvt@DDH@std@@@std@@YAABV?$codecvt@DDH@0@ABVlocale@0@@Z 00428220 f i main.obj
 0002:00017360       ?_Register@facet@locale@std@@QAEXXZ 00428360 f i main.obj
 0002:00017390       ?_Getfacet@locale@std@@QBEPBVfacet@12@I@Z 00428390 f i main.obj
 0002:00017440       ??$?9DD@std@@YA_NABV?$allocator@D@0@0@Z 00428440 f i main.obj
 0002:00017480       ??$_Allocate@D@std@@YAPADIPAD@Z 00428480 f i main.obj
 0002:00017500       ??$?8DD@std@@YA_NABV?$allocator@D@0@0@Z 00428500 f i main.obj
 0002:00017520       ??0FluidSim@@QAE@XZ        00428520 f i main.obj
 0002:00017760       ??1?$PCGSolver@N@@QAE@XZ   00428760 f i main.obj
 0002:00017830       ??1?$SparseMatrix@N@@QAE@XZ 00428830 f i main.obj
 0002:000178b0       ??1?$SparseColumnLowerFactor@N@@QAE@XZ 004288b0 f i main.obj
 0002:00017970       ??1?$FixedSparseMatrix@N@@QAE@XZ 00428970 f i main.obj
 0002:00017a00       ??1?$vector@V?$vector@IV?$allocator@I@std@@@std@@V?$allocator@V?$vector@IV?$allocator@I@std@@@std@@@2@@std@@QAE@XZ 00428a00 f i main.obj
 0002:00017a80       ??0?$Array3@MU?$Array1@M@@@@QAE@XZ 00428a80 f i main.obj
 0002:00017ad0       ??0?$Array3@DU?$Array1@D@@@@QAE@XZ 00428ad0 f i main.obj
 0002:00017b20       ??0?$vector@U?$Vec@$02M@@V?$allocator@U?$Vec@$02M@@@std@@@std@@QAE@XZ 00428b20 f i main.obj
 0002:00017b60       ??1?$vector@U?$Vec@$02M@@V?$allocator@U?$Vec@$02M@@@std@@@std@@QAE@XZ 00428b60 f i main.obj
 0002:00017be0       ??0?$PCGSolver@N@@QAE@XZ   00428be0 f i main.obj
 0002:00017cf0       ??0?$SparseMatrix@N@@QAE@II@Z 00428cf0 f i main.obj
 0002:00017df0       ??1?$vector@V?$vector@NV?$allocator@N@std@@@std@@V?$allocator@V?$vector@NV?$allocator@N@std@@@std@@@2@@std@@QAE@XZ 00428df0 f i main.obj
 0002:00017e70       ??0?$vector@V?$vector@IV?$allocator@I@std@@@std@@V?$allocator@V?$vector@IV?$allocator@I@std@@@std@@@2@@std@@QAE@I@Z 00428e70 f i main.obj
 0002:00017f00       ?_Tidy@?$vector@V?$vector@IV?$allocator@I@std@@@std@@V?$allocator@V?$vector@IV?$allocator@I@std@@@std@@@2@@std@@IAEXXZ 00428f00 f i main.obj
 0002:00017fa0       ??1?$_Vector_val@V?$vector@IV?$allocator@I@std@@@std@@V?$allocator@V?$vector@IV?$allocator@I@std@@@std@@@2@@std@@QAE@XZ 00428fa0 f i main.obj
 0002:00017fc0       ??0?$Array1@M@@QAE@XZ      00428fc0 f i main.obj
 0002:00018000       ??0?$Array1@D@@QAE@XZ      00429000 f i main.obj
 0002:00018040       ?_Tidy@?$vector@U?$Vec@$02M@@V?$allocator@U?$Vec@$02M@@@std@@@std@@IAEXXZ 00429040 f i main.obj
 0002:000180e0       ??0?$_Vector_val@U?$Vec@$02M@@V?$allocator@U?$Vec@$02M@@@std@@@std@@QAE@V?$allocator@U?$Vec@$02M@@@1@@Z 004290e0 f i main.obj
 0002:00018140       ??1?$_Vector_val@U?$Vec@$02M@@V?$allocator@U?$Vec@$02M@@@std@@@std@@QAE@XZ 00429140 f i main.obj
 0002:00018160       ??0?$allocator@U?$Vec@$02M@@@std@@QAE@XZ 00429160 f i main.obj
 0002:00018180       ??0?$SparseColumnLowerFactor@N@@QAE@I@Z 00429180 f i main.obj
 0002:00018260       ??0?$FixedSparseMatrix@N@@QAE@I@Z 00429260 f i main.obj
 0002:00018310       ??0?$vector@V?$vector@NV?$allocator@N@std@@@std@@V?$allocator@V?$vector@NV?$allocator@N@std@@@std@@@2@@std@@QAE@I@Z 00429310 f i main.obj
 0002:000183a0       ?_Tidy@?$vector@V?$vector@NV?$allocator@N@std@@@std@@V?$allocator@V?$vector@NV?$allocator@N@std@@@std@@@2@@std@@IAEXXZ 004293a0 f i main.obj
 0002:00018440       ??1?$_Vector_val@V?$vector@NV?$allocator@N@std@@@std@@V?$allocator@V?$vector@NV?$allocator@N@std@@@std@@@2@@std@@QAE@XZ 00429440 f i main.obj
 0002:00018460       ??0?$_Vector_val@V?$vector@IV?$allocator@I@std@@@std@@V?$allocator@V?$vector@IV?$allocator@I@std@@@std@@@2@@std@@QAE@V?$allocator@V?$vector@IV?$allocator@I@std@@@std@@@1@@Z 00429460 f i main.obj
 0002:000184c0       ??0?$allocator@V?$vector@IV?$allocator@I@std@@@std@@@std@@QAE@XZ 004294c0 f i main.obj
 0002:000184e0       ??0?$vector@IV?$allocator@I@std@@@std@@QAE@I@Z 004294e0 f i main.obj
 0002:00018570       ??0?$vector@NV?$allocator@N@std@@@std@@QAE@I@Z 00429570 f i main.obj
 0002:00018600       ??0?$allocator@U?$Vec@$02M@@@std@@QAE@ABV01@@Z 00429600 f i main.obj
 0002:00018620       ??0?$_Vector_val@V?$vector@NV?$allocator@N@std@@@std@@V?$allocator@V?$vector@NV?$allocator@N@std@@@std@@@2@@std@@QAE@V?$allocator@V?$vector@NV?$allocator@N@std@@@std@@@1@@Z 00429620 f i main.obj
 0002:00018680       ??0?$allocator@V?$vector@NV?$allocator@N@std@@@std@@@std@@QAE@XZ 00429680 f i main.obj
 0002:000186a0       ??0?$allocator@V?$vector@IV?$allocator@I@std@@@std@@@std@@QAE@ABV01@@Z 004296a0 f i main.obj
 0002:000186c0       ??0?$allocator@V?$vector@NV?$allocator@N@std@@@std@@@std@@QAE@ABV01@@Z 004296c0 f i main.obj
 0002:000186e0       ??1FluidSim@@QAE@XZ        004296e0 f i main.obj
 0002:00018910       ?_Orphan_all@_Container_base0@std@@QAEXXZ 00429910 f   msvcprt:MSVCP100.dll
 0002:00018916       ?_Swap_all@_Container_base0@std@@QAEXAAU12@@Z 00429916 f   msvcprt:MSVCP100.dll
 0002:0001891c       ?_Xlength_error@std@@YAXPBD@Z 0042991c f   msvcprt:MSVCP100.dll
 0002:00018922       ??6?$basic_ostream@DU?$char_traits@D@std@@@std@@QAEAAV01@P6AAAV01@AAV01@@Z@Z 00429922 f   msvcprt:MSVCP100.dll
 0002:00018928       ?endl@std@@YAAAV?$basic_ostream@DU?$char_traits@D@std@@@1@AAV21@@Z 00429928 f   msvcprt:MSVCP100.dll
 0002:0001892e       ??6?$basic_ostream@DU?$char_traits@D@std@@@std@@QAEAAV01@M@Z 0042992e f   msvcprt:MSVCP100.dll
 0002:00018934       ??6?$basic_ostream@DU?$char_traits@D@std@@@std@@QAEAAV01@I@Z 00429934 f   msvcprt:MSVCP100.dll
 0002:0001893a       ??6?$basic_ostream@DU?$char_traits@D@std@@@std@@QAEAAV01@H@Z 0042993a f   msvcprt:MSVCP100.dll
 0002:00018940       ??1?$basic_ios@DU?$char_traits@D@std@@@std@@UAE@XZ 00429940 f   msvcprt:MSVCP100.dll
 0002:00018946       ??1?$basic_iostream@DU?$char_traits@D@std@@@std@@UAE@XZ 00429946 f   msvcprt:MSVCP100.dll
 0002:0001894c       ??0?$basic_iostream@DU?$char_traits@D@std@@@std@@QAE@PAV?$basic_streambuf@DU?$char_traits@D@std@@@1@@Z 0042994c f   msvcprt:MSVCP100.dll
 0002:00018952       ??0?$basic_ios@DU?$char_traits@D@std@@@std@@IAE@XZ 00429952 f   msvcprt:MSVCP100.dll
 0002:00018958       ??1?$basic_streambuf@DU?$char_traits@D@std@@@std@@UAE@XZ 00429958 f   msvcprt:MSVCP100.dll
 0002:0001895e       ?_Lock@?$basic_streambuf@DU?$char_traits@D@std@@@std@@UAEXXZ 0042995e f   msvcprt:MSVCP100.dll
 0002:00018964       ?_Unlock@?$basic_streambuf@DU?$char_traits@D@std@@@std@@UAEXXZ 00429964 f   msvcprt:MSVCP100.dll
 0002:0001896a       ?showmanyc@?$basic_streambuf@DU?$char_traits@D@std@@@std@@MAE_JXZ 0042996a f   msvcprt:MSVCP100.dll
 0002:00018970       ?uflow@?$basic_streambuf@DU?$char_traits@D@std@@@std@@MAEHXZ 00429970 f   msvcprt:MSVCP100.dll
 0002:00018976       ?xsgetn@?$basic_streambuf@DU?$char_traits@D@std@@@std@@MAE_JPAD_J@Z 00429976 f   msvcprt:MSVCP100.dll
 0002:0001897c       ?xsputn@?$basic_streambuf@DU?$char_traits@D@std@@@std@@MAE_JPBD_J@Z 0042997c f   msvcprt:MSVCP100.dll
 0002:00018982       ?setbuf@?$basic_streambuf@DU?$char_traits@D@std@@@std@@MAEPAV12@PAD_J@Z 00429982 f   msvcprt:MSVCP100.dll
 0002:00018988       ?sync@?$basic_streambuf@DU?$char_traits@D@std@@@std@@MAEHXZ 00429988 f   msvcprt:MSVCP100.dll
 0002:0001898e       ?imbue@?$basic_streambuf@DU?$char_traits@D@std@@@std@@MAEXABVlocale@2@@Z 0042998e f   msvcprt:MSVCP100.dll
 0002:00018994       ?gptr@?$basic_streambuf@DU?$char_traits@D@std@@@std@@IBEPADXZ 00429994 f   msvcprt:MSVCP100.dll
 0002:0001899a       ?setg@?$basic_streambuf@DU?$char_traits@D@std@@@std@@IAEXPAD00@Z 0042999a f   msvcprt:MSVCP100.dll
 0002:000189a0       ?setp@?$basic_streambuf@DU?$char_traits@D@std@@@std@@IAEXPAD0@Z 004299a0 f   msvcprt:MSVCP100.dll
 0002:000189a6       ?eback@?$basic_streambuf@DU?$char_traits@D@std@@@std@@IBEPADXZ 004299a6 f   msvcprt:MSVCP100.dll
 0002:000189ac       ?_Pninc@?$basic_streambuf@DU?$char_traits@D@std@@@std@@IAEPADXZ 004299ac f   msvcprt:MSVCP100.dll
 0002:000189b2       ?setp@?$basic_streambuf@DU?$char_traits@D@std@@@std@@IAEXPAD00@Z 004299b2 f   msvcprt:MSVCP100.dll
 0002:000189b8       ?pbase@?$basic_streambuf@DU?$char_traits@D@std@@@std@@IBEPADXZ 004299b8 f   msvcprt:MSVCP100.dll
 0002:000189be       ?epptr@?$basic_streambuf@DU?$char_traits@D@std@@@std@@IBEPADXZ 004299be f   msvcprt:MSVCP100.dll
 0002:000189c4       ?pptr@?$basic_streambuf@DU?$char_traits@D@std@@@std@@IBEPADXZ 004299c4 f   msvcprt:MSVCP100.dll
 0002:000189ca       ?gbump@?$basic_streambuf@DU?$char_traits@D@std@@@std@@IAEXH@Z 004299ca f   msvcprt:MSVCP100.dll
 0002:000189d0       ?egptr@?$basic_streambuf@DU?$char_traits@D@std@@@std@@IBEPADXZ 004299d0 f   msvcprt:MSVCP100.dll
 0002:000189d6       ?pbump@?$basic_streambuf@DU?$char_traits@D@std@@@std@@IAEXH@Z 004299d6 f   msvcprt:MSVCP100.dll
 0002:000189dc       ??1?$basic_ostream@DU?$char_traits@D@std@@@std@@UAE@XZ 004299dc f   msvcprt:MSVCP100.dll
 0002:000189e2       ?setstate@?$basic_ios@DU?$char_traits@D@std@@@std@@QAEXH_N@Z 004299e2 f   msvcprt:MSVCP100.dll
 0002:000189e8       ??0?$basic_ostream@DU?$char_traits@D@std@@@std@@QAE@PAV?$basic_streambuf@DU?$char_traits@D@std@@@1@_N@Z 004299e8 f   msvcprt:MSVCP100.dll
 0002:000189ee       ?out@?$codecvt@DDH@std@@QBEHAAHPBD1AAPBDPAD3AAPAD@Z 004299ee f   msvcprt:MSVCP100.dll
[...]
 0003:00001d94       ??_R1A@?0A@EA@type_info@@8 00431d94     MSVCRT:ti_inst.obj
 0003:00001edc       ___rtc_iaa                 00431edc     MSVCRT:_initsect_.obj
 0003:00001fe0       ___rtc_izz                 00431fe0     MSVCRT:_initsect_.obj
 0003:000020e4       ___rtc_taa                 004320e4     MSVCRT:_initsect_.obj
 0003:000021e8       ___rtc_tzz                 004321e8     MSVCRT:_initsect_.obj
 0003:0000235c       __TI2?AVbad_alloc@std@@    0043235c     fluidsim.obj
 0003:00002370       __CTA2?AVbad_alloc@std@@   00432370     fluidsim.obj
 0003:00002380       __CT??_R0?AVbad_alloc@std@@@8??0bad_alloc@std@@QAE@ABV01@@Z12 00432380     fluidsim.obj
 0003:000023a0       __CT??_R0?AVexception@std@@@8??0exception@std@@QAE@ABV01@@Z12 004323a0     fluidsim.obj
 0003:00003180       __TI2?AVbad_cast@std@@     00433180     main.obj
 0003:000031c4       __CTA2?AVbad_cast@std@@    004331c4     main.obj
 0003:000031d4       __CT??_R0?AVbad_cast@std@@@8??0bad_cast@std@@QAE@ABV01@@Z12 004331d4     main.obj
 0004:00000000       ??_R0?AVbad_alloc@std@@@8  00434000     fluidsim.obj
 0004:00000024       ??_R0?AVexception@std@@@8  00434024     fluidsim.obj
 0004:00000048       ?grid_resolution@@3HA      00434048     main.obj
 0004:0000004c       ?timestep@@3MA             0043404c     main.obj
 0004:00000050       ?grid_width@@3MA           00434050     main.obj
 0004:00000054       ?rad0@@3MA                 00434054     main.obj
 0004:00000060       ??_R0?AV?$basic_stringstream@DU?$char_traits@D@std@@V?$allocator@D@2@@std@@@8 00434060     main.obj
 0004:000000c0       ??_R0?AV?$basic_iostream@DU?$char_traits@D@std@@@std@@@8 004340c0     main.obj
 0004:00000108       ??_R0?AV?$basic_istream@DU?$char_traits@D@std@@@std@@@8 00434108     main.obj
 0004:00000150       ??_R0?AV?$basic_ios@DU?$char_traits@D@std@@@std@@@8 00434150     main.obj
 0004:00000190       ??_R0?AVios_base@std@@@8   00434190     main.obj
 0004:000001b0       ??_R0?AV?$_Iosb@H@std@@@8  004341b0     main.obj
 0004:000001d4       ??_R0?AV?$basic_ostream@DU?$char_traits@D@std@@@std@@@8 004341d4     main.obj
 0004:00000220       ??_R0?AV?$basic_stringbuf@DU?$char_traits@D@std@@V?$allocator@D@2@@std@@@8 00434220     main.obj
 0004:0000027c       ??_R0?AV?$basic_streambuf@DU?$char_traits@D@std@@@std@@@8 0043427c     main.obj
 0004:000002c4       ??_R0?AV?$basic_ofstream@DU?$char_traits@D@std@@@std@@@8 004342c4     main.obj
 0004:0000030c       ??_R0?AV?$basic_filebuf@DU?$char_traits@D@std@@@std@@@8 0043430c     main.obj
 0004:00000354       ??_R0?AVbad_cast@std@@@8   00434354     main.obj
 0004:00000380       ___security_cookie         00434380     MSVCRT:gs_cookie.obj
 0004:00000384       ___security_cookie_complement 00434384     MSVCRT:gs_cookie.obj
 0004:00000388       ??_R0?AVtype_info@@@8      00434388     MSVCRT:ti_inst.obj
 0004:000003b0       ___native_dllmain_reason   004343b0     MSVCRT:natstart.obj
 0004:000003b4       ___native_vcclrit_reason   004343b4     MSVCRT:natstart.obj
 0004:000003bc       ___globallocalestatus      004343bc     MSVCRT:xthdloc.obj
 0004:000003c0       ___defaultmatherr          004343c0     MSVCRT:merr.obj
 0004:000004e0       ?frame@@3HA                004344e0     main.obj
 0004:000004e4       ?c0@@3U?$Vec@$02M@@A       004344e4     main.obj
 0004:000004f0       ?sim@@3VFluidSim@@A        004344f0     main.obj
 0004:0000087c       ?_Stinit@?1??_Init@?$basic_filebuf@DU?$char_traits@D@std@@@std@@IAEXPAU_iobuf@@W4_Initfl@23@@Z@4HA 0043487c     main.obj
 0004:00000880       ?_Psave@?$_Facetptr@V?$codecvt@DDH@std@@@std@@2PBVfacet@locale@2@B 00434880     main.obj
 0004:00000c7c       __dowildcard               00434c7c     MSVCRT:wildcard.obj
 0004:00000c80       __newmode                  00434c80     MSVCRT:_newmode.obj
 0004:00000c84       __commode                  00434c84     MSVCRT:xncommod.obj
 0004:00000c88       __fmode                    00434c88     MSVCRT:xtxtmode.obj
 0004:00000c8c       ___native_startup_state    00434c8c     <common>
 0004:00000c9c       ___native_startup_lock     00434c9c     <common>
 0004:00000ca0       ___sse2_available          00434ca0     <common>
 0004:00000cac       __NoHeapEnableTerminationOnCorruption 00434cac     <common>
 0004:00000cb0       ___dyn_tls_init_callback   00434cb0     <common>
 0004:00000cb4       ___onexitend               00434cb4     <common>
 0004:00000cc4       ___onexitbegin             00434cc4     <common>
 0005:00000000       __IMPORT_DESCRIPTOR_MSVCP100 00435000     msvcprt:MSVCP100.dll
 0005:00000014       __IMPORT_DESCRIPTOR_MSVCR100 00435014     MSVCRT:MSVCR100.dll
 0005:00000028       __IMPORT_DESCRIPTOR_KERNEL32 00435028     kernel32:KERNEL32.dll
 0005:0000003c       __NULL_IMPORT_DESCRIPTOR   0043503c     msvcprt:MSVCP100.dll
 0005:000003a0       __imp__DecodePointer@4     004353a0     kernel32:KERNEL32.dll
 0005:000003a4       __imp__InterlockedExchange@8 004353a4     kernel32:KERNEL32.dll
 0005:000003a8       __imp__Sleep@4             004353a8     kernel32:KERNEL32.dll
 0005:000003ac       __imp__InterlockedCompareExchange@12 004353ac     kernel32:KERNEL32.dll
 0005:000003b0       __imp__HeapSetInformation@16 004353b0     kernel32:KERNEL32.dll
 0005:000003b4       __imp__TerminateProcess@8  004353b4     kernel32:KERNEL32.dll
 0005:000003b8       __imp__GetCurrentProcess@0 004353b8     kernel32:KERNEL32.dll
 0005:000003bc       __imp__UnhandledExceptionFilter@4 004353bc     kernel32:KERNEL32.dll
 0005:000003c0       __imp__SetUnhandledExceptionFilter@4 004353c0     kernel32:KERNEL32.dll
 0005:000003c4       __imp__IsDebuggerPresent@0 004353c4     kernel32:KERNEL32.dll
 0005:000003c8       __imp__IsProcessorFeaturePresent@4 004353c8     kernel32:KERNEL32.dll
 0005:000003cc       __imp__QueryPerformanceCounter@4 004353cc     kernel32:KERNEL32.dll
 0005:000003d0       __imp__GetTickCount@0      004353d0     kernel32:KERNEL32.dll
 0005:000003d4       __imp__GetCurrentThreadId@0 004353d4     kernel32:KERNEL32.dll
 0005:000003d8       __imp__GetCurrentProcessId@0 004353d8     kernel32:KERNEL32.dll
 0005:000003dc       __imp__GetSystemTimeAsFileTime@4 004353dc     kernel32:KERNEL32.dll
 0005:000003e0       __imp__EncodePointer@4     004353e0     kernel32:KERNEL32.dll
 0005:000003e4       \177KERNEL32_NULL_THUNK_DATA 004353e4     kernel32:KERNEL32.dll
 0005:0000041c       __imp_?xsgetn@?$basic_streambuf@DU?$char_traits@D@std@@@std@@MAE_JPAD_J@Z 0043541c     msvcprt:MSVCP100.dll
 0005:00000420       __imp_?xsputn@?$basic_streambuf@DU?$char_traits@D@std@@@std@@MAE_JPBD_J@Z 00435420     msvcprt:MSVCP100.dll
 0005:00000424       __imp_?setbuf@?$basic_streambuf@DU?$char_traits@D@std@@@std@@MAEPAV12@PAD_J@Z 00435424     msvcprt:MSVCP100.dll
 0005:00000428       __imp_?sync@?$basic_streambuf@DU?$char_traits@D@std@@@std@@MAEHXZ 00435428     msvcprt:MSVCP100.dll
 0005:0000042c       __imp_?imbue@?$basic_streambuf@DU?$char_traits@D@std@@@std@@MAEXABVlocale@2@@Z 0043542c     msvcprt:MSVCP100.dll
 0005:00000430       __imp_?gptr@?$basic_streambuf@DU?$char_traits@D@std@@@std@@IBEPADXZ 00435430     msvcprt:MSVCP100.dll
 0005:00000434       __imp_?setg@?$basic_streambuf@DU?$char_traits@D@std@@@std@@IAEXPAD00@Z 00435434     msvcprt:MSVCP100.dll
 0005:00000438       __imp_?setp@?$basic_streambuf@DU?$char_traits@D@std@@@std@@IAEXPAD0@Z 00435438     msvcprt:MSVCP100.dll
 0005:0000043c       __imp_?eback@?$basic_streambuf@DU?$char_traits@D@std@@@std@@IBEPADXZ 0043543c     msvcprt:MSVCP100.dll
 0005:00000440       __imp_?_Pninc@?$basic_streambuf@DU?$char_traits@D@std@@@std@@IAEPADXZ 00435440     msvcprt:MSVCP100.dll
 0005:00000444       __imp_?setp@?$basic_streambuf@DU?$char_traits@D@std@@@std@@IAEXPAD00@Z 00435444     msvcprt:MSVCP100.dll
 0005:00000448       __imp_?pbase@?$basic_streambuf@DU?$char_traits@D@std@@@std@@IBEPADXZ 00435448     msvcprt:MSVCP100.dll
 0005:0000044c       __imp_?epptr@?$basic_streambuf@DU?$char_traits@D@std@@@std@@IBEPADXZ 0043544c     msvcprt:MSVCP100.dll
 0005:00000450       __imp_?pptr@?$basic_streambuf@DU?$char_traits@D@std@@@std@@IBEPADXZ 00435450     msvcprt:MSVCP100.dll
 0005:00000454       __imp_?gbump@?$basic_streambuf@DU?$char_traits@D@std@@@std@@IAEXH@Z 00435454     msvcprt:MSVCP100.dll
 0005:00000458       __imp_?egptr@?$basic_streambuf@DU?$char_traits@D@std@@@std@@IBEPADXZ 00435458     msvcprt:MSVCP100.dll
 0005:0000045c       __imp_?pbump@?$basic_streambuf@DU?$char_traits@D@std@@@std@@IAEXH@Z 0043545c     msvcprt:MSVCP100.dll
 0005:00000460       __imp_?_BADOFF@std@@3_JB   00435460     msvcprt:MSVCP100.dll
 0005:00000464       __imp_??1?$basic_ostream@DU?$char_traits@D@std@@@std@@UAE@XZ 00435464     msvcprt:MSVCP100.dll
 0005:00000468       __imp_?setstate@?$basic_ios@DU?$char_traits@D@std@@@std@@QAEXH_N@Z 00435468     msvcprt:MSVCP100.dll
 0005:0000046c       __imp_??0?$basic_ostream@DU?$char_traits@D@std@@@std@@QAE@PAV?$basic_streambuf@DU?$char_traits@D@std@@@1@_N@Z 0043546c     msvcprt:MSVCP100.dll
 0005:00000470       __imp_?out@?$codecvt@DDH@std@@QBEHAAHPBD1AAPBDPAD3AAPAD@Z 00435470     msvcprt:MSVCP100.dll
 0005:00000474       __imp_?_Gndec@?$basic_streambuf@DU?$char_traits@D@std@@@std@@IAEPADXZ 00435474     msvcprt:MSVCP100.dll
 0005:00000478       __imp_?in@?$codecvt@DDH@std@@QBEHAAHPBD1AAPBDPAD3AAPAD@Z 00435478     msvcprt:MSVCP100.dll
 0005:0000047c       __imp_?_Gninc@?$basic_streambuf@DU?$char_traits@D@std@@@std@@IAEPADXZ 0043547c     msvcprt:MSVCP100.dll
 0005:00000480       __imp_??0?$basic_streambuf@DU?$char_traits@D@std@@@std@@IAE@XZ 00435480     msvcprt:MSVCP100.dll
 0005:00000484       __imp_?getloc@?$basic_streambuf@DU?$char_traits@D@std@@@std@@QBE?AVlocale@2@XZ 00435484     msvcprt:MSVCP100.dll
 0005:00000488       __imp_?uflow@?$basic_streambuf@DU?$char_traits@D@std@@@std@@MAEHXZ 00435488     msvcprt:MSVCP100.dll
 0005:0000048c       __imp_?_Decref@facet@locale@std@@QAEPAV123@XZ 0043548c     msvcprt:MSVCP100.dll
 0005:00000490       __imp_?_Init@?$basic_streambuf@DU?$char_traits@D@std@@@std@@IAEXPAPAD0PAH001@Z 00435490     msvcprt:MSVCP100.dll
 0005:00000494       __imp_?_Init@?$basic_streambuf@DU?$char_traits@D@std@@@std@@IAEXXZ 00435494     msvcprt:MSVCP100.dll
 0005:00000498       __imp_?unshift@?$codecvt@DDH@std@@QBEHAAHPAD1AAPAD@Z 00435498     msvcprt:MSVCP100.dll
 0005:0000049c       __imp_?always_noconv@codecvt_base@std@@QBE_NXZ 0043549c     msvcprt:MSVCP100.dll
 0005:000004a0       __imp_?_Xout_of_range@std@@YAXPBD@Z 004354a0     msvcprt:MSVCP100.dll
 0005:000004a4       __imp_?width@ios_base@std@@QAE_J_J@Z 004354a4     msvcprt:MSVCP100.dll
 0005:000004a8       __imp_?sputn@?$basic_streambuf@DU?$char_traits@D@std@@@std@@QAE_JPBD_J@Z 004354a8     msvcprt:MSVCP100.dll
 0005:000004ac       __imp_?sputc@?$basic_streambuf@DU?$char_traits@D@std@@@std@@QAEHD@Z 004354ac     msvcprt:MSVCP100.dll
 0005:000004b0       __imp_?rdbuf@?$basic_ios@DU?$char_traits@D@std@@@std@@QBEPAV?$basic_streambuf@DU?$char_traits@D@std@@@2@XZ 004354b0     msvcprt:MSVCP100.dll
 0005:000004b4       __imp_?fill@?$basic_ios@DU?$char_traits@D@std@@@std@@QBEDXZ 004354b4     msvcprt:MSVCP100.dll
 0005:000004b8       __imp_?flags@ios_base@std@@QBEHXZ 004354b8     msvcprt:MSVCP100.dll
 0005:000004bc       __imp_?width@ios_base@std@@QBE_JXZ 004354bc     msvcprt:MSVCP100.dll
 0005:000004c0       __imp_?flush@?$basic_ostream@DU?$char_traits@D@std@@@std@@QAEAAV12@XZ 004354c0     msvcprt:MSVCP100.dll
 0005:000004c4       __imp_?tie@?$basic_ios@DU?$char_traits@D@std@@@std@@QBEPAV?$basic_ostream@DU?$char_traits@D@std@@@2@XZ 004354c4     msvcprt:MSVCP100.dll
 0005:000004c8       __imp_?good@ios_base@std@@QBE_NXZ 004354c8     msvcprt:MSVCP100.dll
 0005:000004cc       __imp_?_Osfx@?$basic_ostream@DU?$char_traits@D@std@@@std@@QAEXXZ 004354cc     msvcprt:MSVCP100.dll
 0005:000004d0       __imp_?uncaught_exception@std@@YA_NXZ 004354d0     msvcprt:MSVCP100.dll
 0005:000004d4       __imp_??1_Lockit@std@@QAE@XZ 004354d4     msvcprt:MSVCP100.dll
 0005:000004d8       __imp_?_Incref@facet@locale@std@@QAEXXZ 004354d8     msvcprt:MSVCP100.dll
 0005:000004dc       __imp_?_Getcat@?$codecvt@DDH@std@@SAIPAPBVfacet@locale@2@PBV42@@Z 004354dc     msvcprt:MSVCP100.dll
 0005:000004e0       __imp_??Bid@locale@std@@QAEIXZ 004354e0     msvcprt:MSVCP100.dll
 0005:000004e4       __imp_?id@?$codecvt@DDH@std@@2V0locale@2@A 004354e4     msvcprt:MSVCP100.dll
 0005:000004e8       __imp_??0_Lockit@std@@QAE@H@Z 004354e8     msvcprt:MSVCP100.dll
 0005:000004ec       __imp_?_Getgloballocale@locale@std@@CAPAV_Locimp@12@XZ 004354ec     msvcprt:MSVCP100.dll
 0005:000004f0       __imp_?showmanyc@?$basic_streambuf@DU?$char_traits@D@std@@@std@@MAE_JXZ 004354f0     msvcprt:MSVCP100.dll
 0005:000004f4       __imp_?_Unlock@?$basic_streambuf@DU?$char_traits@D@std@@@std@@UAEXXZ 004354f4     msvcprt:MSVCP100.dll
 0005:000004f8       __imp_?_Lock@?$basic_streambuf@DU?$char_traits@D@std@@@std@@UAEXXZ 004354f8     msvcprt:MSVCP100.dll
 0005:000004fc       __imp_??1?$basic_streambuf@DU?$char_traits@D@std@@@std@@UAE@XZ 004354fc     msvcprt:MSVCP100.dll
 0005:00000500       __imp_?_Orphan_all@_Container_base0@std@@QAEXXZ 00435500     msvcprt:MSVCP100.dll
 0005:00000504       __imp_??0?$basic_ios@DU?$char_traits@D@std@@@std@@IAE@XZ 00435504     msvcprt:MSVCP100.dll
 0005:00000508       __imp_??0?$basic_iostream@DU?$char_traits@D@std@@@std@@QAE@PAV?$basic_streambuf@DU?$char_traits@D@std@@@1@@Z 00435508     msvcprt:MSVCP100.dll
 0005:0000050c       __imp_??1?$basic_iostream@DU?$char_traits@D@std@@@std@@UAE@XZ 0043550c     msvcprt:MSVCP100.dll
 0005:00000510       __imp_??1?$basic_ios@DU?$char_traits@D@std@@@std@@UAE@XZ 00435510     msvcprt:MSVCP100.dll
 0005:00000514       __imp_??6?$basic_ostream@DU?$char_traits@D@std@@@std@@QAEAAV01@H@Z 00435514     msvcprt:MSVCP100.dll
 0005:00000518       __imp_??6?$basic_ostream@DU?$char_traits@D@std@@@std@@QAEAAV01@I@Z 00435518     msvcprt:MSVCP100.dll
 0005:0000051c       __imp_??6?$basic_ostream@DU?$char_traits@D@std@@@std@@QAEAAV01@M@Z 0043551c     msvcprt:MSVCP100.dll
 0005:00000520       __imp_?endl@std@@YAAAV?$basic_ostream@DU?$char_traits@D@std@@@1@AAV21@@Z 00435520     msvcprt:MSVCP100.dll
 0005:00000524       __imp_?cerr@std@@3V?$basic_ostream@DU?$char_traits@D@std@@@1@A 00435524     msvcprt:MSVCP100.dll
 0005:00000528       __imp_??6?$basic_ostream@DU?$char_traits@D@std@@@std@@QAEAAV01@P6AAAV01@AAV01@@Z@Z 00435528     msvcprt:MSVCP100.dll
 0005:0000052c       __imp_?_Xlength_error@std@@YAXPBD@Z 0043552c     msvcprt:MSVCP100.dll
 0005:00000530       __imp_?_Swap_all@_Container_base0@std@@QAEXAAU12@@Z 00435530     msvcprt:MSVCP100.dll
 0005:00000534       __imp_?_Fiopen@std@@YAPAU_iobuf@@PBDHH@Z 00435534     msvcprt:MSVCP100.dll
 0005:00000538       \177MSVCP100_NULL_THUNK_DATA 00435538     msvcprt:MSVCP100.dll
 0005:0000059c       __imp_??0exception@std@@QAE@ABQBD@Z 0043559c     MSVCRT:MSVCR100.dll
 0005:000005a0       __imp__floor               004355a0     MSVCRT:MSVCR100.dll
 0005:000005a4       __imp__memmove             004355a4     MSVCRT:MSVCR100.dll
 0005:000005a8       __imp___lock_file          004355a8     MSVCRT:MSVCR100.dll
 0005:000005ac       __imp___unlock_file        004355ac     MSVCRT:MSVCR100.dll
 0005:000005b0       __imp__fwrite              004355b0     MSVCRT:MSVCR100.dll
 0005:000005b4       __imp__fputc               004355b4     MSVCRT:MSVCR100.dll
 0005:000005b8       __imp__ungetc              004355b8     MSVCRT:MSVCR100.dll
 0005:000005bc       __imp__memcpy_s            004355bc     MSVCRT:MSVCR100.dll
 0005:000005c0       __imp__fgetc               004355c0     MSVCRT:MSVCR100.dll
 0005:000005c4       __imp__fgetpos             004355c4     MSVCRT:MSVCR100.dll
 0005:000005c8       __imp___fseeki64           004355c8     MSVCRT:MSVCR100.dll
 0005:000005cc       __imp__fsetpos             004355cc     MSVCRT:MSVCR100.dll
 0005:000005d0       __imp__setvbuf             004355d0     MSVCRT:MSVCR100.dll
 0005:000005d4       __imp__fflush              004355d4     MSVCRT:MSVCR100.dll
 0005:000005d8       __imp__strlen              004355d8     MSVCRT:MSVCR100.dll
 0005:000005dc       __imp__fclose              004355dc     MSVCRT:MSVCR100.dll
 0005:000005e0       __imp_??0bad_cast@std@@QAE@PBD@Z 004355e0     MSVCRT:MSVCR100.dll
 0005:000005e4       __imp_??1bad_cast@std@@UAE@XZ 004355e4     MSVCRT:MSVCR100.dll
 0005:000005e8       __imp_??0bad_cast@std@@QAE@ABV01@@Z 004355e8     MSVCRT:MSVCR100.dll
 0005:000005ec       __imp___unlock             004355ec     MSVCRT:MSVCR100.dll
 0005:000005f0       __imp____dllonexit         004355f0     MSVCRT:MSVCR100.dll
 0005:000005f4       __imp___lock               004355f4     MSVCRT:MSVCR100.dll
 0005:000005f8       __imp___onexit             004355f8     MSVCRT:MSVCR100.dll
 0005:000005fc       __imp___amsg_exit          004355fc     MSVCRT:MSVCR100.dll
 0005:00000600       __imp____getmainargs       00435600     MSVCRT:MSVCR100.dll
 0005:00000604       __imp___cexit              00435604     MSVCRT:MSVCR100.dll
 0005:00000608       __imp___exit               00435608     MSVCRT:MSVCR100.dll
 0005:0000060c       __imp___XcptFilter         0043560c     MSVCRT:MSVCR100.dll
 0005:00000610       __imp__exit                00435610     MSVCRT:MSVCR100.dll
 0005:00000614       __imp____initenv           00435614     MSVCRT:MSVCR100.dll
 0005:00000618       __imp___initterm           00435618     MSVCRT:MSVCR100.dll
 0005:0000061c       __imp___initterm_e         0043561c     MSVCRT:MSVCR100.dll
 0005:00000620       __imp___configthreadlocale 00435620     MSVCRT:MSVCR100.dll
 0005:00000624       __imp____setusermatherr    00435624     MSVCRT:MSVCR100.dll
 0005:00000628       __imp___commode            00435628     MSVCRT:MSVCR100.dll
 0005:0000062c       __imp___fmode              0043562c     MSVCRT:MSVCR100.dll
 0005:00000630       __imp____set_app_type      00435630     MSVCRT:MSVCR100.dll
 0005:00000634       __imp___crt_debugger_hook  00435634     MSVCRT:MSVCR100.dll
 0005:00000638       __imp_?terminate@@YAXXZ    00435638     MSVCRT:MSVCR100.dll
 0005:0000063c       __imp_?_type_info_dtor_internal_method@type_info@@QAEXXZ 0043563c     MSVCRT:MSVCR100.dll
 0005:00000640       __imp___except_handler4_common 00435640     MSVCRT:MSVCR100.dll
 0005:00000644       __imp___invoke_watson      00435644     MSVCRT:MSVCR100.dll
 0005:00000648       __imp___controlfp_s        00435648     MSVCRT:MSVCR100.dll
 0005:0000064c       __imp_??2@YAPAXI@Z         0043564c     MSVCRT:MSVCR100.dll
 0005:00000650       __imp__realloc             00435650     MSVCRT:MSVCR100.dll
 0005:00000654       __imp__calloc              00435654     MSVCRT:MSVCR100.dll
 0005:00000658       __imp__memset              00435658     MSVCRT:MSVCR100.dll
 0005:0000065c       __imp__free                0043565c     MSVCRT:MSVCR100.dll
 0005:00000660       __imp_??3@YAXPAX@Z         00435660     MSVCRT:MSVCR100.dll
 0005:00000664       __imp_??1exception@std@@UAE@XZ 00435664     MSVCRT:MSVCR100.dll
 0005:00000668       __imp_?what@exception@std@@UBEPBDXZ 00435668     MSVCRT:MSVCR100.dll
 0005:0000066c       __imp_??0exception@std@@QAE@ABQBDH@Z 0043566c     MSVCRT:MSVCR100.dll
 0005:00000670       __imp_??0exception@std@@QAE@ABV01@@Z 00435670     MSVCRT:MSVCR100.dll
 0005:00000674       __imp___CxxThrowException@8 00435674     MSVCRT:MSVCR100.dll
 0005:00000678       __imp__malloc              00435678     MSVCRT:MSVCR100.dll
 0005:0000067c       __imp__memcpy              0043567c     MSVCRT:MSVCR100.dll
 0005:00000680       __imp____CxxFrameHandler3  00435680     MSVCRT:MSVCR100.dll
 0005:00000684       __imp__fabs                00435684     MSVCRT:MSVCR100.dll
 0005:00000688       __imp__printf              00435688     MSVCRT:MSVCR100.dll
 0005:0000068c       __imp__sqrt                0043568c     MSVCRT:MSVCR100.dll
 0005:00000690       __imp___wassert            00435690     MSVCRT:MSVCR100.dll
 0005:00000694       \177MSVCR100_NULL_THUNK_DATA 00435694     MSVCRT:MSVCR100.dll

 entry point at        0002:00000979

