 Fluid3D

 Timestamp is 534c0ff9 (Mon Apr 14 12:42:33 2014)

 Preferred load address is 00400000

 Start         Length     Name                   Class
 0001:00000000 00010000H .textbss                DATA
 0002:00000000 0001a539H .text                   CODE
 0002:0001a540 00002488H .text$x                 CODE
 0002:0001c9d0 00001085H .text$yc                CODE
 0002:0001da60 0000102dH .text$yd                CODE
 0003:00000000 00000104H .CRT$XCA                DATA
 0003:00000104 00000104H .CRT$XCAA               DATA
 0003:00000208 00000104H .CRT$XCL                DATA
 0003:0000030c 00000109H .CRT$XCU                DATA
 0003:00000418 00000104H .CRT$XCZ                DATA
 0003:0000051c 00000104H .CRT$XIA                DATA
 0003:00000620 00000104H .CRT$XIAA               DATA
 0003:00000724 00000104H .CRT$XIC                DATA
 0003:00000828 00000104H .CRT$XIY                DATA
 0003:0000092c 00000104H .CRT$XIZ                DATA
 0003:00000a30 00000ca4H .rdata                  DATA
 0003:000016d4 00000176H .rdata$debug            DATA
 0003:0000184c 0000067aH .rdata$r                DATA
 0003:00001ec8 00000104H .rtc$IAA                DATA
 0003:00001fcc 00000104H .rtc$IZZ                DATA
 0003:000020d0 00000104H .rtc$TAA                DATA
 0003:000021d4 00000104H .rtc$TZZ                DATA
 0003:000022d8 00001850H .xdata$x                DATA
 0003:00003b28 00000000H .edata                  DATA
 0004:00000000 000004dbH .data                   DATA
 0004:000004e0 000007c8H .bss                    DATA
 0005:00000000 0000003cH .idata$2                DATA
 0005:0000003c 00000014H .idata$3                DATA
 0005:00000050 00000350H .idata$4                DATA
 0005:000003a0 00000350H .idata$5                DATA
 0005:000006f0 000018f3H .idata$6                DATA

  Address         Publics by Value              Rva+Base       Lib:Object

 0000:00000000       __except_list              00000000     <absolute>
 0000:00000000       ___safe_se_handler_count   00000000     <absolute>
 0000:00000000       ___safe_se_handler_table   00000000     <absolute>
 0000:00009876       __fltused                  00009876     <absolute>
 0000:00009876       __ldused                   00009876     <absolute>
 0000:00000000       ___ImageBase               00400000     <linker-defined>
 0001:00000000       __enc$textbss$begin        00401000     <linker-defined>
 0001:00010000       __enc$textbss$end          00411000     <linker-defined>
 0002:00001e70       ?initialize@FluidSim@@QAEXMHHH@Z 00412e70 f   fluidsim.obj
 0002:00002210       ?set_boundary@FluidSim@@QAEXP6AMABU?$Vec@$02M@@@Z@Z 00413210 f   fluidsim.obj
 0002:00002360       ?set_liquid@FluidSim@@QAEXP6AMABU?$Vec@$02M@@@Z@Z 00413360 f   fluidsim.obj
 0002:00002600       ?randhashf@@YAMI@Z         00413600 f i fluidsim.obj
 0002:00002650       ?randhash@@YAII@Z          00413650 f i fluidsim.obj
 0002:000026c0       ?advance@FluidSim@@QAEXM@Z 004136c0 f   fluidsim.obj
 0002:00002880       ?cfl@FluidSim@@AAEMXZ      00413880 f   fluidsim.obj
 0002:00002a00       ?fabs@@YAMM@Z              00413a00 f i fluidsim.obj
 0002:00002a30       _fabsf                     00413a30 f i fluidsim.obj
 0002:00002a60       ?add_particle@FluidSim@@QAEXABU?$Vec@$02M@@@Z 00413a60 f   fluidsim.obj
 0002:00002a90       ?add_force@FluidSim@@AAEXM@Z 00413a90 f   fluidsim.obj
 0002:00002b60       ?constrain_velocity@FluidSim@@AAEXXZ 00413b60 f   fluidsim.obj
 0002:00003310       ??4?$Array3@MU?$Array1@M@@@@QAEAAU0@ABU0@@Z 00414310 f i fluidsim.obj
 0002:00003370       ?advect_particles@FluidSim@@AAEXM@Z 00414370 f   fluidsim.obj
 0002:00003580       ?advect@FluidSim@@AAEXM@Z  00414580 f   fluidsim.obj
 0002:00003b00       ?compute_phi@FluidSim@@AAEXXZ 00414b00 f   fluidsim.obj
 0002:00004240       ??0?$Array3@MU?$Array1@M@@@@QAE@ABU0@@Z 00415240 f i fluidsim.obj
 0002:000042a0       ?project@FluidSim@@AAEXM@Z 004152a0 f   fluidsim.obj
 0002:000042f0       ?trace_rk2@FluidSim@@AAE?AU?$Vec@$02M@@ABU2@M@Z 004152f0 f   fluidsim.obj
 0002:00004420       ?get_velocity@FluidSim@@QAE?AU?$Vec@$02M@@ABU2@@Z 00415420 f   fluidsim.obj
 0002:000045e0       ?compute_weights@FluidSim@@AAEXXZ 004155e0 f   fluidsim.obj
 0002:00004bb0       ?solve_pressure@FluidSim@@AAEXM@Z 00415bb0 f   fluidsim.obj
 0002:000065f0       ?extrapolate@@YAXAAU?$Array3@MU?$Array1@M@@@@AAU?$Array3@DU?$Array1@D@@@@@Z 004175f0 f   fluidsim.obj
 0002:00006a20       ??4?$Array3@DU?$Array1@D@@@@QAEAAU0@ABU0@@Z 00417a20 f i fluidsim.obj
 0002:00006a80       ?resize@?$vector@NV?$allocator@N@std@@@std@@QAEXI@Z 00417a80 f i fluidsim.obj
 0002:00006b90       ?size@?$vector@NV?$allocator@N@std@@@std@@QBEIXZ 00417b90 f i fluidsim.obj
 0002:00006bc0       ??A?$vector@NV?$allocator@N@std@@@std@@QAEAANI@Z 00417bc0 f i fluidsim.obj
 0002:00006bf0       ?assign@?$vector@NV?$allocator@N@std@@@std@@QAEXIABN@Z 00417bf0 f i fluidsim.obj
 0002:00006c20       ??1?$Array3@MU?$Array1@M@@@@QAE@XZ 00417c20 f i fluidsim.obj
 0002:00006c60       ??R?$Array3@MU?$Array1@M@@@@QAEAAMHHH@Z 00417c60 f i fluidsim.obj
 0002:00006d00       ?assign@?$Array3@MU?$Array1@M@@@@QAEXABM@Z 00417d00 f i fluidsim.obj
 0002:00006d30       ?resize@?$Array3@MU?$Array1@M@@@@QAEXHHH@Z 00417d30 f i fluidsim.obj
 0002:00006dc0       ?set_zero@?$Array3@MU?$Array1@M@@@@QAEXXZ 00417dc0 f i fluidsim.obj
 0002:00006df0       ??0?$Array1@M@@QAE@ABU0@@Z 00417df0 f i fluidsim.obj
 0002:00006ec0       ??0bad_alloc@std@@QAE@XZ   00417ec0 f i fluidsim.obj
 0002:00006f10       ??1bad_alloc@std@@UAE@XZ   00417f10 f i fluidsim.obj
 0002:00006f40       ??_Ebad_alloc@std@@UAEPAXI@Z 00417f40 f i fluidsim.obj
 0002:00006f40       ??_Gbad_alloc@std@@UAEPAXI@Z 00417f40 f i fluidsim.obj
 0002:00006f90       ??1?$Array1@M@@QAE@XZ      00417f90 f i fluidsim.obj
 0002:00006fe0       ??A?$Array1@M@@QAEAAMK@Z   00417fe0 f i fluidsim.obj
 0002:00007010       ??4?$Array1@M@@QAEAAU0@ABU0@@Z 00418010 f i fluidsim.obj
 0002:000070e0       ?size@?$Array1@M@@QBEKXZ   004180e0 f i fluidsim.obj
 0002:00007100       ??0?$Array3@DU?$Array1@D@@@@QAE@HHH@Z 00418100 f i fluidsim.obj
 0002:00007190       ??1?$Array3@DU?$Array1@D@@@@QAE@XZ 00418190 f i fluidsim.obj
 0002:000071d0       ??R?$Array3@DU?$Array1@D@@@@QAEAADHHH@Z 004181d0 f i fluidsim.obj
 0002:00007270       ?assign@?$Array3@DU?$Array1@D@@@@QAEXABD@Z 00418270 f i fluidsim.obj
 0002:000072a0       ?resize@?$Array3@DU?$Array1@D@@@@QAEXHHH@Z 004182a0 f i fluidsim.obj
 0002:00007330       ??A?$Array1@D@@QAEAADK@Z   00418330 f i fluidsim.obj
 0002:00007360       ??4?$Array1@D@@QAEAAU0@ABU0@@Z 00418360 f i fluidsim.obj
 0002:00007430       ?size@?$Array1@D@@QBEKXZ   00418430 f i fluidsim.obj
 0002:00007450       ?size@?$vector@U?$Vec@$02M@@V?$allocator@U?$Vec@$02M@@@std@@@std@@QBEIXZ 00418450 f i fluidsim.obj
 0002:00007480       ??A?$vector@U?$Vec@$02M@@V?$allocator@U?$Vec@$02M@@@std@@@std@@QAEAAU?$Vec@$02M@@I@Z 00418480 f i fluidsim.obj
 0002:000074b0       ?push_back@?$vector@U?$Vec@$02M@@V?$allocator@U?$Vec@$02M@@@std@@@std@@QAEXABU?$Vec@$02M@@@Z 004184b0 f i fluidsim.obj
 0002:00007600       ?set_solver_parameters@?$PCGSolver@N@@QAEXNHNN@Z 00418600 f i fluidsim.obj
 0002:00007690       ?solve@?$PCGSolver@N@@QAE_NABU?$SparseMatrix@N@@ABV?$vector@NV?$allocator@N@std@@@std@@AAV34@AANAAH@Z 00418690 f i fluidsim.obj
 0002:00007a00       ?dot@BLAS@@YANABV?$vector@NV?$allocator@N@std@@@std@@0@Z 00418a00 f i fluidsim.obj
 0002:00007a80       ?abs_max@BLAS@@YANABV?$vector@NV?$allocator@N@std@@@std@@@Z 00418a80 f i fluidsim.obj
 0002:00007ad0       ?index_abs_max@BLAS@@YAHABV?$vector@NV?$allocator@N@std@@@std@@@Z 00418ad0 f i fluidsim.obj
 0002:00007b80       ?add_scaled@BLAS@@YAXNABV?$vector@NV?$allocator@N@std@@@std@@AAV23@@Z 00418b80 f i fluidsim.obj
 0002:00007c00       ??A?$vector@NV?$allocator@N@std@@@std@@QBEABNI@Z 00418c00 f i fluidsim.obj
 0002:00007c30       ?zero@?$SparseMatrix@N@@QAEXXZ 00418c30 f i fluidsim.obj
 0002:00007cb0       ?resize@?$SparseMatrix@N@@QAEXH@Z 00418cb0 f i fluidsim.obj
 0002:00007d00       ?add_to_element@?$SparseMatrix@N@@QAEXIIN@Z 00418d00 f i fluidsim.obj
 0002:00007e90       ??0?$Vec@$02M@@QAE@XZ      00418e90 f i fluidsim.obj
 0002:00007eb0       ??0?$Vec@$02M@@QAE@MMM@Z   00418eb0 f i fluidsim.obj
 0002:00007ef0       ??A?$Vec@$02M@@QAEAAMH@Z   00418ef0 f i fluidsim.obj
 0002:00007f40       ??Y?$Vec@$02M@@QAE?AU0@ABU0@@Z 00418f40 f i fluidsim.obj
 0002:00007fd0       ??H?$Vec@$02M@@QBE?AU0@ABU0@@Z 00418fd0 f i fluidsim.obj
 0002:00008050       ??Z?$Vec@$02M@@QAE?AU0@ABU0@@Z 00419050 f i fluidsim.obj
 0002:000080e0       ??G?$Vec@$02M@@QBE?AU0@ABU0@@Z 004190e0 f i fluidsim.obj
 0002:00008160       ??K?$Vec@$02M@@QBE?AU0@M@Z 00419160 f i fluidsim.obj
 0002:000081e0       ??A?$Vec@$02H@@QAEAAHH@Z   004191e0 f i fluidsim.obj
 0002:00008230       ??0bad_alloc@std@@QAE@ABV01@@Z 00419230 f i fluidsim.obj
 0002:00008270       ?resize@?$vector@V?$vector@IV?$allocator@I@std@@@std@@V?$allocator@V?$vector@IV?$allocator@I@std@@@std@@@2@@std@@QAEXI@Z 00419270 f i fluidsim.obj
 0002:00008380       ??A?$vector@V?$vector@IV?$allocator@I@std@@@std@@V?$allocator@V?$vector@IV?$allocator@I@std@@@std@@@2@@std@@QAEAAV?$vector@IV?$allocator@I@std@@@1@I@Z 00419380 f i fluidsim.obj
 0002:000083b0       ?resize@?$vector@IV?$allocator@I@std@@@std@@QAEXI@Z 004193b0 f i fluidsim.obj
 0002:000084c0       ?size@?$vector@IV?$allocator@I@std@@@std@@QBEIXZ 004194c0 f i fluidsim.obj
 0002:000084f0       ??A?$vector@IV?$allocator@I@std@@@std@@QAEAAII@Z 004194f0 f i fluidsim.obj
 0002:00008520       ?push_back@?$vector@IV?$allocator@I@std@@@std@@QAEXABI@Z 00419520 f i fluidsim.obj
 0002:00008660       ??4?$vector@NV?$allocator@N@std@@@std@@QAEAAV01@ABV01@@Z 00419660 f i fluidsim.obj
 0002:00008850       ?begin@?$vector@NV?$allocator@N@std@@@std@@QAE?AV?$_Vector_iterator@V?$_Vector_val@NV?$allocator@N@std@@@std@@@2@XZ 00419850 f i fluidsim.obj
 0002:00008890       ?end@?$vector@NV?$allocator@N@std@@@std@@QAE?AV?$_Vector_iterator@V?$_Vector_val@NV?$allocator@N@std@@@std@@@2@XZ 00419890 f i fluidsim.obj
 0002:000088d0       ?push_back@?$vector@NV?$allocator@N@std@@@std@@QAEXABN@Z 004198d0 f i fluidsim.obj
 0002:00008a10       ?erase@?$vector@NV?$allocator@N@std@@@std@@QAE?AV?$_Vector_iterator@V?$_Vector_val@NV?$allocator@N@std@@@std@@@2@V?$_Vector_const_iterator@V?$_Vector_val@NV?$allocator@N@std@@@std@@@2@0@Z 00419a10 f i fluidsim.obj
 0002:00008ad0       ?swap@?$vector@NV?$allocator@N@std@@@std@@QAEXAAV12@@Z 00419ad0 f i fluidsim.obj
 0002:00008c20       ?_Assign_n@?$vector@NV?$allocator@N@std@@@std@@IAEXIABN@Z 00419c20 f i fluidsim.obj
 0002:00008cc0       ?_Reserve@?$vector@NV?$allocator@N@std@@@std@@IAEXI@Z 00419cc0 f i fluidsim.obj
 0002:00008d40       ?assign@?$Array1@M@@QAEXABM@Z 00419d40 f i fluidsim.obj
 0002:00008da0       ?resize@?$Array1@M@@QAEXK@Z 00419da0 f i fluidsim.obj
 0002:00008df0       ?set_zero@?$Array1@M@@QAEXXZ 00419df0 f i fluidsim.obj
 0002:00008e30       ??0?$Array1@D@@QAE@K@Z     00419e30 f i fluidsim.obj
 0002:00008ef0       ??1?$Array1@D@@QAE@XZ      00419ef0 f i fluidsim.obj
 0002:00008f40       ?assign@?$Array1@D@@QAEXABD@Z 00419f40 f i fluidsim.obj
 0002:00008fa0       ?resize@?$Array1@D@@QAEXK@Z 00419fa0 f i fluidsim.obj
 0002:00008ff0       ?_Inside@?$vector@U?$Vec@$02M@@V?$allocator@U?$Vec@$02M@@@std@@@std@@IBE_NPBU?$Vec@$02M@@@Z 00419ff0 f i fluidsim.obj
 0002:00009040       ?_Reserve@?$vector@U?$Vec@$02M@@V?$allocator@U?$Vec@$02M@@@std@@@std@@IAEXI@Z 0041a040 f i fluidsim.obj
 0002:000090c0       ?_Orphan_range@?$vector@U?$Vec@$02M@@V?$allocator@U?$Vec@$02M@@@std@@@std@@IBEXPAU?$Vec@$02M@@0@Z 0041a0c0 f i fluidsim.obj
 0002:000090e0       ?form_preconditioner@?$PCGSolver@N@@IAEXABU?$SparseMatrix@N@@@Z 0041a0e0 f i fluidsim.obj
 0002:00009130       ?apply_preconditioner@?$PCGSolver@N@@IAEXABV?$vector@NV?$allocator@N@std@@@std@@AAV23@@Z 0041a130 f i fluidsim.obj
 0002:00009180       ?construct_from_matrix@?$FixedSparseMatrix@N@@QAEXABU?$SparseMatrix@N@@@Z 0041a180 f i fluidsim.obj
 0002:00009380       ?resize@?$vector@V?$vector@NV?$allocator@N@std@@@std@@V?$allocator@V?$vector@NV?$allocator@N@std@@@std@@@2@@std@@QAEXI@Z 0041a380 f i fluidsim.obj
 0002:00009490       ??A?$vector@V?$vector@NV?$allocator@N@std@@@std@@V?$allocator@V?$vector@NV?$allocator@N@std@@@std@@@2@@std@@QAEAAV?$vector@NV?$allocator@N@std@@@1@I@Z 0041a490 f i fluidsim.obj
 0002:000094c0       ??A?$Vec@$02M@@QBEABMH@Z   0041a4c0 f i fluidsim.obj
 0002:00009510       ??_0?$Vec@$02M@@QAE?AU0@M@Z 0041a510 f i fluidsim.obj
 0002:00009590       ??H?$_Vector_iterator@V?$_Vector_val@NV?$allocator@N@std@@@std@@@std@@QBE?AV01@H@Z 0041a590 f i fluidsim.obj
 0002:000095d0       ?begin@?$vector@V?$vector@IV?$allocator@I@std@@@std@@V?$allocator@V?$vector@IV?$allocator@I@std@@@std@@@2@@std@@QAE?AV?$_Vector_iterator@V?$_Vector_val@V?$vector@IV?$allocator@I@std@@@std@@V?$allocator@V?$vector@IV?$allocator@I@std@@@std@@@2@@std@@@2@XZ 0041a5d0 f i fluidsim.obj
 0002:00009610       ?end@?$vector@V?$vector@IV?$allocator@I@std@@@std@@V?$allocator@V?$vector@IV?$allocator@I@std@@@std@@@2@@std@@QAE?AV?$_Vector_iterator@V?$_Vector_val@V?$vector@IV?$allocator@I@std@@@std@@V?$allocator@V?$vector@IV?$allocator@I@std@@@std@@@2@@std@@@2@XZ 0041a610 f i fluidsim.obj
 0002:00009650       ?size@?$vector@V?$vector@IV?$allocator@I@std@@@std@@V?$allocator@V?$vector@IV?$allocator@I@std@@@std@@@2@@std@@QBEIXZ 0041a650 f i fluidsim.obj
 0002:00009680       ??A?$vector@V?$vector@IV?$allocator@I@std@@@std@@V?$allocator@V?$vector@IV?$allocator@I@std@@@std@@@2@@std@@QBEABV?$vector@IV?$allocator@I@std@@@1@I@Z 0041a680 f i fluidsim.obj
 0002:000096b0       ?erase@?$vector@V?$vector@IV?$allocator@I@std@@@std@@V?$allocator@V?$vector@IV?$allocator@I@std@@@std@@@2@@std@@QAE?AV?$_Vector_iterator@V?$_Vector_val@V?$vector@IV?$allocator@I@std@@@std@@V?$allocator@V?$vector@IV?$allocator@I@std@@@std@@@2@@std@@@2@V?$_Vector_const_iterator@V?$_Vector_val@V?$vector@IV?$allocator@I@std@@@std@@V?$allocator@V?$vector@IV?$allocator@I@std@@@std@@@2@@std@@@2@0@Z 0041a6b0 f i fluidsim.obj
 0002:00009770       ?_Reserve@?$vector@V?$vector@IV?$allocator@I@std@@@std@@V?$allocator@V?$vector@IV?$allocator@I@std@@@std@@@2@@std@@IAEXI@Z 0041a770 f i fluidsim.obj
 0002:000097f0       ?begin@?$vector@IV?$allocator@I@std@@@std@@QAE?AV?$_Vector_iterator@V?$_Vector_val@IV?$allocator@I@std@@@std@@@2@XZ 0041a7f0 f i fluidsim.obj
 0002:00009830       ?end@?$vector@IV?$allocator@I@std@@@std@@QAE?AV?$_Vector_iterator@V?$_Vector_val@IV?$allocator@I@std@@@std@@@2@XZ 0041a830 f i fluidsim.obj
 0002:00009870       ??A?$vector@IV?$allocator@I@std@@@std@@QBEABII@Z 0041a870 f i fluidsim.obj
 0002:000098a0       ?erase@?$vector@IV?$allocator@I@std@@@std@@QAE?AV?$_Vector_iterator@V?$_Vector_val@IV?$allocator@I@std@@@std@@@2@V?$_Vector_const_iterator@V?$_Vector_val@IV?$allocator@I@std@@@std@@@2@0@Z 0041a8a0 f i fluidsim.obj
 0002:00009960       ?_Inside@?$vector@IV?$allocator@I@std@@@std@@IBE_NPBI@Z 0041a960 f i fluidsim.obj
 0002:000099b0       ?_Reserve@?$vector@IV?$allocator@I@std@@@std@@IAEXI@Z 0041a9b0 f i fluidsim.obj
 0002:00009a30       ?_Orphan_range@?$vector@IV?$allocator@I@std@@@std@@IBEXPAI0@Z 0041aa30 f i fluidsim.obj
 0002:00009a50       ??0?$vector@NV?$allocator@N@std@@@std@@QAE@$$QAV01@@Z 0041aa50 f i fluidsim.obj
 0002:00009af0       ??4?$vector@NV?$allocator@N@std@@@std@@QAEAAV01@$$QAV01@@Z 0041aaf0 f i fluidsim.obj
 0002:00009b30       ??1?$vector@NV?$allocator@N@std@@@std@@QAE@XZ 0041ab30 f i fluidsim.obj
 0002:00009bb0       ?reserve@?$vector@NV?$allocator@N@std@@@std@@QAEXI@Z 0041abb0 f i fluidsim.obj
 0002:00009d50       ?capacity@?$vector@NV?$allocator@N@std@@@std@@QBEIXZ 0041ad50 f i fluidsim.obj
 0002:00009d80       ?_Make_iter@?$vector@NV?$allocator@N@std@@@std@@QBE?AV?$_Vector_iterator@V?$_Vector_val@NV?$allocator@N@std@@@std@@@2@V?$_Vector_const_iterator@V?$_Vector_val@NV?$allocator@N@std@@@std@@@2@@Z 0041ad80 f i fluidsim.obj
 0002:00009dc0       ?max_size@?$vector@NV?$allocator@N@std@@@std@@QBEIXZ 0041adc0 f i fluidsim.obj
 0002:00009df0       ?insert@?$vector@NV?$allocator@N@std@@@std@@QAEXV?$_Vector_const_iterator@V?$_Vector_val@NV?$allocator@N@std@@@std@@@2@IABN@Z 0041adf0 f i fluidsim.obj
 0002:00009e30       ?clear@?$vector@NV?$allocator@N@std@@@std@@QAEXXZ 0041ae30 f i fluidsim.obj
 0002:00009e90       ?_Buy@?$vector@NV?$allocator@N@std@@@std@@IAE_NI@Z 0041ae90 f i fluidsim.obj
 0002:00009f40       ?_Destroy@?$vector@NV?$allocator@N@std@@@std@@IAEXPAN0@Z 0041af40 f i fluidsim.obj
 0002:00009f80       ?_Grow_to@?$vector@NV?$allocator@N@std@@@std@@IBEII@Z 0041af80 f i fluidsim.obj
 0002:0000a000       ?_Inside@?$vector@NV?$allocator@N@std@@@std@@IBE_NPBN@Z 0041b000 f i fluidsim.obj
 0002:0000a050       ?_Xlen@?$vector@NV?$allocator@N@std@@@std@@IBEXXZ 0041b050 f i fluidsim.obj
 0002:0000a080       ?_Orphan_range@?$vector@NV?$allocator@N@std@@@std@@IBEXPAN0@Z 0041b080 f i fluidsim.obj
 0002:0000a0a0       ?deallocate@?$allocator@N@std@@QAEXPANI@Z 0041b0a0 f i fluidsim.obj
 0002:0000a0d0       ?reserve@?$Array1@M@@QAEXK@Z 0041b0d0 f i fluidsim.obj
 0002:0000a170       ?reserve@?$Array1@D@@QAEXK@Z 0041b170 f i fluidsim.obj
 0002:0000a210       ?reserve@?$vector@U?$Vec@$02M@@V?$allocator@U?$Vec@$02M@@@std@@@std@@QAEXI@Z 0041b210 f i fluidsim.obj
 0002:0000a3c0       ?capacity@?$vector@U?$Vec@$02M@@V?$allocator@U?$Vec@$02M@@@std@@@std@@QBEIXZ 0041b3c0 f i fluidsim.obj
 0002:0000a3f0       ?max_size@?$vector@U?$Vec@$02M@@V?$allocator@U?$Vec@$02M@@@std@@@std@@QBEIXZ 0041b3f0 f i fluidsim.obj
 0002:0000a420       ?_Grow_to@?$vector@U?$Vec@$02M@@V?$allocator@U?$Vec@$02M@@@std@@@std@@IBEII@Z 0041b420 f i fluidsim.obj
 0002:0000a4a0       ?_Xlen@?$vector@U?$Vec@$02M@@V?$allocator@U?$Vec@$02M@@@std@@@std@@IBEXXZ 0041b4a0 f i fluidsim.obj
 0002:0000a4d0       ?resize@?$FixedSparseMatrix@N@@QAEXH@Z 0041b4d0 f i fluidsim.obj
 0002:0000a510       ?begin@?$vector@V?$vector@NV?$allocator@N@std@@@std@@V?$allocator@V?$vector@NV?$allocator@N@std@@@std@@@2@@std@@QAE?AV?$_Vector_iterator@V?$_Vector_val@V?$vector@NV?$allocator@N@std@@@std@@V?$allocator@V?$vector@NV?$allocator@N@std@@@std@@@2@@std@@@2@XZ 0041b510 f i fluidsim.obj
 0002:0000a550       ?end@?$vector@V?$vector@NV?$allocator@N@std@@@std@@V?$allocator@V?$vector@NV?$allocator@N@std@@@std@@@2@@std@@QAE?AV?$_Vector_iterator@V?$_Vector_val@V?$vector@NV?$allocator@N@std@@@std@@V?$allocator@V?$vector@NV?$allocator@N@std@@@std@@@2@@std@@@2@XZ 0041b550 f i fluidsim.obj
 0002:0000a590       ?size@?$vector@V?$vector@NV?$allocator@N@std@@@std@@V?$allocator@V?$vector@NV?$allocator@N@std@@@std@@@2@@std@@QBEIXZ 0041b590 f i fluidsim.obj
 0002:0000a5c0       ??A?$vector@V?$vector@NV?$allocator@N@std@@@std@@V?$allocator@V?$vector@NV?$allocator@N@std@@@std@@@2@@std@@QBEABV?$vector@NV?$allocator@N@std@@@1@I@Z 0041b5c0 f i fluidsim.obj
 0002:0000a5f0       ?erase@?$vector@V?$vector@NV?$allocator@N@std@@@std@@V?$allocator@V?$vector@NV?$allocator@N@std@@@std@@@2@@std@@QAE?AV?$_Vector_iterator@V?$_Vector_val@V?$vector@NV?$allocator@N@std@@@std@@V?$allocator@V?$vector@NV?$allocator@N@std@@@std@@@2@@std@@@2@V?$_Vector_const_iterator@V?$_Vector_val@V?$vector@NV?$allocator@N@std@@@std@@V?$allocator@V?$vector@NV?$allocator@N@std@@@std@@@2@@std@@@2@0@Z 0041b5f0 f i fluidsim.obj
 0002:0000a6b0       ?_Reserve@?$vector@V?$vector@NV?$allocator@N@std@@@std@@V?$allocator@V?$vector@NV?$allocator@N@std@@@std@@@2@@std@@IAEXI@Z 0041b6b0 f i fluidsim.obj
 0002:0000a730       ??0?$_Vector_iterator@V?$_Vector_val@NV?$allocator@N@std@@@std@@@std@@QAE@PANPBU_Container_base0@1@@Z 0041b730 f i fluidsim.obj
 0002:0000a770       ??Y?$_Vector_iterator@V?$_Vector_val@NV?$allocator@N@std@@@std@@@std@@QAEAAV01@H@Z 0041b770 f i fluidsim.obj
 0002:0000a7a0       ??9?$_Vector_const_iterator@V?$_Vector_val@NV?$allocator@N@std@@@std@@@std@@QBE_NABV01@@Z 0041b7a0 f i fluidsim.obj
 0002:0000a7e0       ??H?$_Vector_iterator@V?$_Vector_val@V?$vector@IV?$allocator@I@std@@@std@@V?$allocator@V?$vector@IV?$allocator@I@std@@@std@@@2@@std@@@std@@QBE?AV01@H@Z 0041b7e0 f i fluidsim.obj
 0002:0000a820       ??H?$_Vector_iterator@V?$_Vector_val@IV?$allocator@I@std@@@std@@@std@@QBE?AV01@H@Z 0041b820 f i fluidsim.obj
 0002:0000a860       ??H?$_Vector_iterator@V?$_Vector_val@V?$vector@NV?$allocator@N@std@@@std@@V?$allocator@V?$vector@NV?$allocator@N@std@@@std@@@2@@std@@@std@@QBE?AV01@H@Z 0041b860 f i fluidsim.obj
 0002:0000a8a0       ?reserve@?$vector@V?$vector@IV?$allocator@I@std@@@std@@V?$allocator@V?$vector@IV?$allocator@I@std@@@std@@@2@@std@@QAEXI@Z 0041b8a0 f i fluidsim.obj
 0002:0000aa40       ?capacity@?$vector@V?$vector@IV?$allocator@I@std@@@std@@V?$allocator@V?$vector@IV?$allocator@I@std@@@std@@@2@@std@@QBEIXZ 0041ba40 f i fluidsim.obj
 0002:0000aa70       ?_Make_iter@?$vector@V?$vector@IV?$allocator@I@std@@@std@@V?$allocator@V?$vector@IV?$allocator@I@std@@@std@@@2@@std@@QBE?AV?$_Vector_iterator@V?$_Vector_val@V?$vector@IV?$allocator@I@std@@@std@@V?$allocator@V?$vector@IV?$allocator@I@std@@@std@@@2@@std@@@2@V?$_Vector_const_iterator@V?$_Vector_val@V?$vector@IV?$allocator@I@std@@@std@@V?$allocator@V?$vector@IV?$allocator@I@std@@@std@@@2@@std@@@2@@Z 0041ba70 f i fluidsim.obj
 0002:0000aab0       ?max_size@?$vector@V?$vector@IV?$allocator@I@std@@@std@@V?$allocator@V?$vector@IV?$allocator@I@std@@@std@@@2@@std@@QBEIXZ 0041bab0 f i fluidsim.obj
 0002:0000aae0       ?_Destroy@?$vector@V?$vector@IV?$allocator@I@std@@@std@@V?$allocator@V?$vector@IV?$allocator@I@std@@@std@@@2@@std@@IAEXPAV?$vector@IV?$allocator@I@std@@@2@0@Z 0041bae0 f i fluidsim.obj
 0002:0000ab20       ?_Grow_to@?$vector@V?$vector@IV?$allocator@I@std@@@std@@V?$allocator@V?$vector@IV?$allocator@I@std@@@std@@@2@@std@@IBEII@Z 0041bb20 f i fluidsim.obj
 0002:0000aba0       ?_Xlen@?$vector@V?$vector@IV?$allocator@I@std@@@std@@V?$allocator@V?$vector@IV?$allocator@I@std@@@std@@@2@@std@@IBEXXZ 0041bba0 f i fluidsim.obj
 0002:0000abd0       ?reserve@?$vector@IV?$allocator@I@std@@@std@@QAEXI@Z 0041bbd0 f i fluidsim.obj
 0002:0000ad70       ?capacity@?$vector@IV?$allocator@I@std@@@std@@QBEIXZ 0041bd70 f i fluidsim.obj
 0002:0000ada0       ?_Make_iter@?$vector@IV?$allocator@I@std@@@std@@QBE?AV?$_Vector_iterator@V?$_Vector_val@IV?$allocator@I@std@@@std@@@2@V?$_Vector_const_iterator@V?$_Vector_val@IV?$allocator@I@std@@@std@@@2@@Z 0041bda0 f i fluidsim.obj
 0002:0000ade0       ?max_size@?$vector@IV?$allocator@I@std@@@std@@QBEIXZ 0041bde0 f i fluidsim.obj
 0002:0000ae10       ?_Destroy@?$vector@IV?$allocator@I@std@@@std@@IAEXPAI0@Z 0041be10 f i fluidsim.obj
 0002:0000ae50       ?_Grow_to@?$vector@IV?$allocator@I@std@@@std@@IBEII@Z 0041be50 f i fluidsim.obj
 0002:0000aed0       ?_Xlen@?$vector@IV?$allocator@I@std@@@std@@IBEXXZ 0041bed0 f i fluidsim.obj
 0002:0000af00       ?_Assign_rv@?$vector@NV?$allocator@N@std@@@std@@QAEX$$QAV12@@Z 0041bf00 f i fluidsim.obj
 0002:0000b040       ?_Tidy@?$vector@NV?$allocator@N@std@@@std@@IAEXXZ 0041c040 f i fluidsim.obj
 0002:0000b0e0       ?_Insert_n@?$vector@NV?$allocator@N@std@@@std@@IAEXV?$_Vector_const_iterator@V?$_Vector_val@NV?$allocator@N@std@@@std@@@2@IABN@Z 0041c0e0 f i fluidsim.obj
 0002:0000b590       ??0?$_Vector_val@NV?$allocator@N@std@@@std@@QAE@V?$allocator@N@1@@Z 0041c590 f i fluidsim.obj
 0002:0000b5f0       ??1?$_Vector_val@NV?$allocator@N@std@@@std@@QAE@XZ 0041c5f0 f i fluidsim.obj
 0002:0000b610       ??0?$allocator@N@std@@QAE@ABV01@@Z 0041c610 f i fluidsim.obj
 0002:0000b630       ?allocate@?$allocator@N@std@@QAEPANI@Z 0041c630 f i fluidsim.obj
 0002:0000b660       ?max_size@?$allocator@N@std@@QBEIXZ 0041c660 f i fluidsim.obj
 0002:0000b6a0       ?_Destroy@?$vector@U?$Vec@$02M@@V?$allocator@U?$Vec@$02M@@@std@@@std@@IAEXPAU?$Vec@$02M@@0@Z 0041c6a0 f i fluidsim.obj
 0002:0000b6e0       ?deallocate@?$allocator@U?$Vec@$02M@@@std@@QAEXPAU?$Vec@$02M@@I@Z 0041c6e0 f i fluidsim.obj
 0002:0000b710       ?allocate@?$allocator@U?$Vec@$02M@@@std@@QAEPAU?$Vec@$02M@@I@Z 0041c710 f i fluidsim.obj
 0002:0000b740       ?max_size@?$allocator@U?$Vec@$02M@@@std@@QBEIXZ 0041c740 f i fluidsim.obj
 0002:0000b780       ?reserve@?$vector@V?$vector@NV?$allocator@N@std@@@std@@V?$allocator@V?$vector@NV?$allocator@N@std@@@std@@@2@@std@@QAEXI@Z 0041c780 f i fluidsim.obj
 0002:0000b920       ?capacity@?$vector@V?$vector@NV?$allocator@N@std@@@std@@V?$allocator@V?$vector@NV?$allocator@N@std@@@std@@@2@@std@@QBEIXZ 0041c920 f i fluidsim.obj
 0002:0000b950       ?_Make_iter@?$vector@V?$vector@NV?$allocator@N@std@@@std@@V?$allocator@V?$vector@NV?$allocator@N@std@@@std@@@2@@std@@QBE?AV?$_Vector_iterator@V?$_Vector_val@V?$vector@NV?$allocator@N@std@@@std@@V?$allocator@V?$vector@NV?$allocator@N@std@@@std@@@2@@std@@@2@V?$_Vector_const_iterator@V?$_Vector_val@V?$vector@NV?$allocator@N@std@@@std@@V?$allocator@V?$vector@NV?$allocator@N@std@@@std@@@2@@std@@@2@@Z 0041c950 f i fluidsim.obj
 0002:0000b990       ?max_size@?$vector@V?$vector@NV?$allocator@N@std@@@std@@V?$allocator@V?$vector@NV?$allocator@N@std@@@std@@@2@@std@@QBEIXZ 0041c990 f i fluidsim.obj
 0002:0000b9c0       ?_Destroy@?$vector@V?$vector@NV?$allocator@N@std@@@std@@V?$allocator@V?$vector@NV?$allocator@N@std@@@std@@@2@@std@@IAEXPAV?$vector@NV?$allocator@N@std@@@2@0@Z 0041c9c0 f i fluidsim.obj
 0002:0000ba00       ?_Grow_to@?$vector@V?$vector@NV?$allocator@N@std@@@std@@V?$allocator@V?$vector@NV?$allocator@N@std@@@std@@@2@@std@@IBEII@Z 0041ca00 f i fluidsim.obj
 0002:0000ba80       ?_Xlen@?$vector@V?$vector@NV?$allocator@N@std@@@std@@V?$allocator@V?$vector@NV?$allocator@N@std@@@std@@@2@@std@@IBEXXZ 0041ca80 f i fluidsim.obj
 0002:0000bab0       ??0?$_Vector_const_iterator@V?$_Vector_val@NV?$allocator@N@std@@@std@@@std@@QAE@PANPBU_Container_base0@1@@Z 0041cab0 f i fluidsim.obj
 0002:0000baf0       ?_Adopt@_Iterator_base0@std@@QAEXPBX@Z 0041caf0 f i fluidsim.obj
 0002:0000bb10       ??Y?$_Vector_const_iterator@V?$_Vector_val@NV?$allocator@N@std@@@std@@@std@@QAEAAV01@H@Z 0041cb10 f i fluidsim.obj
 0002:0000bb50       ??8?$_Vector_const_iterator@V?$_Vector_val@NV?$allocator@N@std@@@std@@@std@@QBE_NABV01@@Z 0041cb50 f i fluidsim.obj
 0002:0000bb90       ??0?$_Vector_iterator@V?$_Vector_val@V?$vector@IV?$allocator@I@std@@@std@@V?$allocator@V?$vector@IV?$allocator@I@std@@@std@@@2@@std@@@std@@QAE@PAV?$vector@IV?$allocator@I@std@@@1@PBU_Container_base0@1@@Z 0041cb90 f i fluidsim.obj
 0002:0000bbd0       ??Y?$_Vector_iterator@V?$_Vector_val@V?$vector@IV?$allocator@I@std@@@std@@V?$allocator@V?$vector@IV?$allocator@I@std@@@std@@@2@@std@@@std@@QAEAAV01@H@Z 0041cbd0 f i fluidsim.obj
 0002:0000bc00       ??9?$_Vector_const_iterator@V?$_Vector_val@V?$vector@IV?$allocator@I@std@@@std@@V?$allocator@V?$vector@IV?$allocator@I@std@@@std@@@2@@std@@@std@@QBE_NABV01@@Z 0041cc00 f i fluidsim.obj
 0002:0000bc40       ??0?$_Vector_iterator@V?$_Vector_val@IV?$allocator@I@std@@@std@@@std@@QAE@PAIPBU_Container_base0@1@@Z 0041cc40 f i fluidsim.obj
 0002:0000bc80       ??Y?$_Vector_iterator@V?$_Vector_val@IV?$allocator@I@std@@@std@@@std@@QAEAAV01@H@Z 0041cc80 f i fluidsim.obj
 0002:0000bcb0       ??9?$_Vector_const_iterator@V?$_Vector_val@IV?$allocator@I@std@@@std@@@std@@QBE_NABV01@@Z 0041ccb0 f i fluidsim.obj
 0002:0000bcf0       ??0?$_Vector_iterator@V?$_Vector_val@V?$vector@NV?$allocator@N@std@@@std@@V?$allocator@V?$vector@NV?$allocator@N@std@@@std@@@2@@std@@@std@@QAE@PAV?$vector@NV?$allocator@N@std@@@1@PBU_Container_base0@1@@Z 0041ccf0 f i fluidsim.obj
 0002:0000bd30       ??Y?$_Vector_iterator@V?$_Vector_val@V?$vector@NV?$allocator@N@std@@@std@@V?$allocator@V?$vector@NV?$allocator@N@std@@@std@@@2@@std@@@std@@QAEAAV01@H@Z 0041cd30 f i fluidsim.obj
 0002:0000bd60       ??9?$_Vector_const_iterator@V?$_Vector_val@V?$vector@NV?$allocator@N@std@@@std@@V?$allocator@V?$vector@NV?$allocator@N@std@@@std@@@2@@std@@@std@@QBE_NABV01@@Z 0041cd60 f i fluidsim.obj
 0002:0000bda0       ?deallocate@?$allocator@V?$vector@IV?$allocator@I@std@@@std@@@std@@QAEXPAV?$vector@IV?$allocator@I@std@@@2@I@Z 0041cda0 f i fluidsim.obj
 0002:0000bdd0       ?allocate@?$allocator@V?$vector@IV?$allocator@I@std@@@std@@@std@@QAEPAV?$vector@IV?$allocator@I@std@@@2@I@Z 0041cdd0 f i fluidsim.obj
 0002:0000be00       ?max_size@?$allocator@V?$vector@IV?$allocator@I@std@@@std@@@std@@QBEIXZ 0041ce00 f i fluidsim.obj
 0002:0000be40       ?deallocate@?$allocator@I@std@@QAEXPAII@Z 0041ce40 f i fluidsim.obj
 0002:0000be70       ?allocate@?$allocator@I@std@@QAEPAII@Z 0041ce70 f i fluidsim.obj
 0002:0000bea0       ?max_size@?$allocator@I@std@@QBEIXZ 0041cea0 f i fluidsim.obj
 0002:0000bee0       ?push_back@?$vector@NV?$allocator@N@std@@@std@@QAEX$$QAN@Z 0041cee0 f i fluidsim.obj
 0002:0000c040       ?get_allocator@?$vector@NV?$allocator@N@std@@@std@@QBE?AV?$allocator@N@2@XZ 0041d040 f i fluidsim.obj
 0002:0000c070       ?_Ufill@?$vector@NV?$allocator@N@std@@@std@@IAEPANPANIPBN@Z 0041d070 f i fluidsim.obj
 0002:0000c0c0       ?deallocate@?$allocator@V?$vector@NV?$allocator@N@std@@@std@@@std@@QAEXPAV?$vector@NV?$allocator@N@std@@@2@I@Z 0041d0c0 f i fluidsim.obj
 0002:0000c0f0       ?allocate@?$allocator@V?$vector@NV?$allocator@N@std@@@std@@@std@@QAEPAV?$vector@NV?$allocator@N@std@@@2@I@Z 0041d0f0 f i fluidsim.obj
 0002:0000c120       ?max_size@?$allocator@V?$vector@NV?$allocator@N@std@@@std@@@std@@QBEIXZ 0041d120 f i fluidsim.obj
 0002:0000c160       ??D?$_Vector_iterator@V?$_Vector_val@NV?$allocator@N@std@@@std@@@std@@QBEAANXZ 0041d160 f i fluidsim.obj
 0002:0000c190       ??E?$_Vector_iterator@V?$_Vector_val@NV?$allocator@N@std@@@std@@@std@@QAEAAV01@XZ 0041d190 f i fluidsim.obj
 0002:0000c1c0       ?_Compat@?$_Vector_const_iterator@V?$_Vector_val@NV?$allocator@N@std@@@std@@@std@@QBEXABV12@@Z 0041d1c0 f i fluidsim.obj
 0002:0000c1e0       ??0?$_Vector_const_iterator@V?$_Vector_val@V?$vector@IV?$allocator@I@std@@@std@@V?$allocator@V?$vector@IV?$allocator@I@std@@@std@@@2@@std@@@std@@QAE@PAV?$vector@IV?$allocator@I@std@@@1@PBU_Container_base0@1@@Z 0041d1e0 f i fluidsim.obj
 0002:0000c220       ??Y?$_Vector_const_iterator@V?$_Vector_val@V?$vector@IV?$allocator@I@std@@@std@@V?$allocator@V?$vector@IV?$allocator@I@std@@@std@@@2@@std@@@std@@QAEAAV01@H@Z 0041d220 f i fluidsim.obj
 0002:0000c260       ??8?$_Vector_const_iterator@V?$_Vector_val@V?$vector@IV?$allocator@I@std@@@std@@V?$allocator@V?$vector@IV?$allocator@I@std@@@std@@@2@@std@@@std@@QBE_NABV01@@Z 0041d260 f i fluidsim.obj
 0002:0000c2a0       ??0?$_Vector_const_iterator@V?$_Vector_val@IV?$allocator@I@std@@@std@@@std@@QAE@PAIPBU_Container_base0@1@@Z 0041d2a0 f i fluidsim.obj
 0002:0000c2e0       ??Y?$_Vector_const_iterator@V?$_Vector_val@IV?$allocator@I@std@@@std@@@std@@QAEAAV01@H@Z 0041d2e0 f i fluidsim.obj
 0002:0000c320       ??8?$_Vector_const_iterator@V?$_Vector_val@IV?$allocator@I@std@@@std@@@std@@QBE_NABV01@@Z 0041d320 f i fluidsim.obj
 0002:0000c360       ??0?$_Vector_const_iterator@V?$_Vector_val@V?$vector@NV?$allocator@N@std@@@std@@V?$allocator@V?$vector@NV?$allocator@N@std@@@std@@@2@@std@@@std@@QAE@PAV?$vector@NV?$allocator@N@std@@@1@PBU_Container_base0@1@@Z 0041d360 f i fluidsim.obj
 0002:0000c3a0       ??Y?$_Vector_const_iterator@V?$_Vector_val@V?$vector@NV?$allocator@N@std@@@std@@V?$allocator@V?$vector@NV?$allocator@N@std@@@std@@@2@@std@@@std@@QAEAAV01@H@Z 0041d3a0 f i fluidsim.obj
 0002:0000c3e0       ??8?$_Vector_const_iterator@V?$_Vector_val@V?$vector@NV?$allocator@N@std@@@std@@V?$allocator@V?$vector@NV?$allocator@N@std@@@std@@@2@@std@@@std@@QBE_NABV01@@Z 0041d3e0 f i fluidsim.obj
 0002:0000c420       ??D?$_Vector_const_iterator@V?$_Vector_val@NV?$allocator@N@std@@@std@@@std@@QBEABNXZ 0041d420 f i fluidsim.obj
 0002:0000c440       ??E?$_Vector_const_iterator@V?$_Vector_val@NV?$allocator@N@std@@@std@@@std@@QAEAAV01@XZ 0041d440 f i fluidsim.obj
 0002:0000c470       ?_Compat@?$_Vector_const_iterator@V?$_Vector_val@V?$vector@IV?$allocator@I@std@@@std@@V?$allocator@V?$vector@IV?$allocator@I@std@@@std@@@2@@std@@@std@@QBEXABV12@@Z 0041d470 f i fluidsim.obj
 0002:0000c490       ?_Compat@?$_Vector_const_iterator@V?$_Vector_val@IV?$allocator@I@std@@@std@@@std@@QBEXABV12@@Z 0041d490 f i fluidsim.obj
 0002:0000c4b0       ?_Compat@?$_Vector_const_iterator@V?$_Vector_val@V?$vector@NV?$allocator@N@std@@@std@@V?$allocator@V?$vector@NV?$allocator@N@std@@@std@@@2@@std@@@std@@QBEXABV12@@Z 0041d4b0 f i fluidsim.obj
 0002:0000c4d0       ??$?D$02M@@YA?AU?$Vec@$02M@@MABU0@@Z 0041d4d0 f i fluidsim.obj
 0002:0000c550       ??$interpolate_value@MM@@YAMABU?$Vec@$02M@@ABU?$Array3@MU?$Array1@M@@@@@Z 0041d550 f i fluidsim.obj
 0002:0000c720       ??$max@M@std@@YAABMABM0@Z  0041d720 f i fluidsim.obj
 0002:0000c770       ??$interpolate_gradient@MM@@YAMAAU?$Vec@$02M@@ABU0@ABU?$Array3@MU?$Array1@M@@@@@Z 0041d770 f i fluidsim.obj
 0002:0000caf0       ??$normalize@$02M@@YAXAAU?$Vec@$02M@@@Z 0041daf0 f i fluidsim.obj
 0002:0000cb40       ??$dot@$02M@@YAMABU?$Vec@$02M@@0@Z 0041db40 f i fluidsim.obj
 0002:0000cbb0       ??$mag@$02M@@YAMABU?$Vec@$02M@@@Z 0041dbb0 f i fluidsim.obj
 0002:0000cbe0       ?sqrt@@YAMM@Z              0041dbe0 f i fluidsim.obj
 0002:0000cc10       _sqrtf                     0041dc10 f i fluidsim.obj
 0002:0000cc40       ??$?0M@?$Vec@$02H@@QAE@ABU?$Vec@$02M@@@Z 0041dc40 f i fluidsim.obj
 0002:0000ccb0       ??$max@H@std@@YAABHABH0@Z  0041dcb0 f i fluidsim.obj
 0002:0000ccf0       ??$min@H@std@@YAABHABH0@Z  0041dcf0 f i fluidsim.obj
 0002:0000cd30       ??$dist@$02M@@YAMABU?$Vec@$02M@@0@Z 0041dd30 f i fluidsim.obj
 0002:0000cd70       ??$clamp@M@@YAMMMM@Z       0041dd70 f i fluidsim.obj
 0002:0000cdc0       ??$sqr@M@@YAMABM@Z         0041ddc0 f i fluidsim.obj
 0002:0000cdf0       ??$_Uninitialized_default_fill_n@PANINV?$allocator@N@std@@@std@@YAXPANIPBNAAV?$allocator@N@0@@Z 0041ddf0 f i fluidsim.obj
 0002:0000ce50       ??$addressof@$$CBU?$Vec@$02M@@@std@@YAPBU?$Vec@$02M@@ABU1@@Z 0041de50 f i fluidsim.obj
 0002:0000ce70       ??$_Cons_val@V?$allocator@U?$Vec@$02M@@@std@@U?$Vec@$02M@@AAU3@@std@@YAXAAV?$allocator@U?$Vec@$02M@@@0@PAU?$Vec@$02M@@AAU2@@Z 0041de70 f i fluidsim.obj
 0002:0000ceb0       ??$_Cons_val@V?$allocator@U?$Vec@$02M@@@std@@U?$Vec@$02M@@ABU3@@std@@YAXAAV?$allocator@U?$Vec@$02M@@@0@PAU?$Vec@$02M@@ABU2@@Z 0041deb0 f i fluidsim.obj
 0002:0000cef0       ??$zero@N@@YAXAAV?$vector@NV?$allocator@N@std@@@std@@@Z 0041def0 f i fluidsim.obj
 0002:0000cf50       ??$multiply@N@@YAXABU?$FixedSparseMatrix@N@@ABV?$vector@NV?$allocator@N@std@@@std@@AAV12@@Z 0041df50 f i fluidsim.obj
 0002:0000d090       ??$insert@I@@YAXAAV?$vector@IV?$allocator@I@std@@@std@@II@Z 0041e090 f i fluidsim.obj
 0002:0000d130       ??$insert@N@@YAXAAV?$vector@NV?$allocator@N@std@@@std@@IN@Z 0041e130 f i fluidsim.obj
 0002:0000d1d0       ??$_Uninitialized_default_fill_n@PAV?$vector@IV?$allocator@I@std@@@std@@IV12@V?$allocator@V?$vector@IV?$allocator@I@std@@@std@@@2@@std@@YAXPAV?$vector@IV?$allocator@I@std@@@0@IPBV10@AAV?$allocator@V?$vector@IV?$allocator@I@std@@@std@@@0@@Z 0041e1d0 f i fluidsim.obj
 0002:0000d230       ??$_Uninitialized_default_fill_n@PAIIIV?$allocator@I@std@@@std@@YAXPAIIPBIAAV?$allocator@I@0@@Z 0041e230 f i fluidsim.obj
 0002:0000d290       ??$addressof@$$CBI@std@@YAPBIABI@Z 0041e290 f i fluidsim.obj
 0002:0000d2b0       ??$_Cons_val@V?$allocator@I@std@@IAAI@std@@YAXAAV?$allocator@I@0@PAIAAI@Z 0041e2b0 f i fluidsim.obj
 0002:0000d2f0       ??$_Cons_val@V?$allocator@I@std@@IABI@std@@YAXAAV?$allocator@I@0@PAIABI@Z 0041e2f0 f i fluidsim.obj
 0002:0000d330       ??$_Copy_impl@PANPAN@std@@YAPANPAN00@Z 0041e330 f i fluidsim.obj
 0002:0000d380       ??$_Ucopy@PAN@?$vector@NV?$allocator@N@std@@@std@@IAEPANPAN00@Z 0041e380 f i fluidsim.obj
 0002:0000d3c0       ??$addressof@$$CBN@std@@YAPBNABN@Z 0041e3c0 f i fluidsim.obj
 0002:0000d3e0       ??$_Cons_val@V?$allocator@N@std@@NAAN@std@@YAXAAV?$allocator@N@0@PANAAN@Z 0041e3e0 f i fluidsim.obj
 0002:0000d420       ??$_Cons_val@V?$allocator@N@std@@NABN@std@@YAXAAV?$allocator@N@0@PANABN@Z 0041e420 f i fluidsim.obj
 0002:0000d460       ??$_Move@PANPAN@std@@YAPANPAN00@Z 0041e460 f i fluidsim.obj
 0002:0000d4b0       ??$?8NN@std@@YA_NABV?$allocator@N@0@0@Z 0041e4b0 f i fluidsim.obj
 0002:0000d4d0       ??$swap@PAN@std@@YAXAAPAN0@Z 0041e4d0 f i fluidsim.obj
 0002:0000d530       ??$_Move@AAV?$vector@NV?$allocator@N@std@@@std@@@std@@YA$$QAV?$vector@NV?$allocator@N@std@@@0@AAV10@@Z 0041e530 f i fluidsim.obj
 0002:0000d550       ??$factor_modified_incomplete_cholesky0@N@@YAXABU?$SparseMatrix@N@@AAU?$SparseColumnLowerFactor@N@@NN@Z 0041e550 f i fluidsim.obj
 0002:0000dd60       ??$solve_lower@N@@YAXABU?$SparseColumnLowerFactor@N@@ABV?$vector@NV?$allocator@N@std@@@std@@AAV12@@Z 0041ed60 f i fluidsim.obj
 0002:0000def0       ??$solve_lower_transpose_in_place@N@@YAXABU?$SparseColumnLowerFactor@N@@AAV?$vector@NV?$allocator@N@std@@@std@@@Z 0041eef0 f i fluidsim.obj
 0002:0000e060       ??$_Uninitialized_default_fill_n@PAV?$vector@NV?$allocator@N@std@@@std@@IV12@V?$allocator@V?$vector@NV?$allocator@N@std@@@std@@@2@@std@@YAXPAV?$vector@NV?$allocator@N@std@@@0@IPBV10@AAV?$allocator@V?$vector@NV?$allocator@N@std@@@std@@@0@@Z 0041f060 f i fluidsim.obj
 0002:0000e0c0       ??$_Move@PAV?$vector@IV?$allocator@I@std@@@std@@PAV12@@std@@YAPAV?$vector@IV?$allocator@I@std@@@0@PAV10@00@Z 0041f0c0 f i fluidsim.obj
 0002:0000e110       ??$_Move@PAIPAI@std@@YAPAIPAI00@Z 0041f110 f i fluidsim.obj
 0002:0000e160       ??$forward@V?$vector@NV?$allocator@N@std@@@std@@@std@@YA$$QAV?$vector@NV?$allocator@N@std@@@0@AAV10@@Z 0041f160 f i fluidsim.obj
 0002:0000e180       ??$_Umove@PAN@?$vector@NV?$allocator@N@std@@@std@@IAEPANPAN00@Z 0041f180 f i fluidsim.obj
 0002:0000e1c0       ??$_Destroy_range@V?$allocator@N@std@@@std@@YAXPAN0AAV?$allocator@N@0@@Z 0041f1c0 f i fluidsim.obj
 0002:0000e210       ??$_Umove@PAU?$Vec@$02M@@@?$vector@U?$Vec@$02M@@V?$allocator@U?$Vec@$02M@@@std@@@std@@IAEPAU?$Vec@$02M@@PAU2@00@Z 0041f210 f i fluidsim.obj
 0002:0000e250       ??$_Move@PAV?$vector@NV?$allocator@N@std@@@std@@PAV12@@std@@YAPAV?$vector@NV?$allocator@N@std@@@0@PAV10@00@Z 0041f250 f i fluidsim.obj
 0002:0000e2a0       ??$_Umove@PAV?$vector@IV?$allocator@I@std@@@std@@@?$vector@V?$vector@IV?$allocator@I@std@@@std@@V?$allocator@V?$vector@IV?$allocator@I@std@@@std@@@2@@std@@IAEPAV?$vector@IV?$allocator@I@std@@@1@PAV21@00@Z 0041f2a0 f i fluidsim.obj
 0002:0000e2e0       ??$_Destroy_range@V?$allocator@V?$vector@IV?$allocator@I@std@@@std@@@std@@@std@@YAXPAV?$vector@IV?$allocator@I@std@@@0@0AAV?$allocator@V?$vector@IV?$allocator@I@std@@@std@@@0@@Z 0041f2e0 f i fluidsim.obj
 0002:0000e330       ??$_Umove@PAI@?$vector@IV?$allocator@I@std@@@std@@IAEPAIPAI00@Z 0041f330 f i fluidsim.obj
 0002:0000e370       ??$_Destroy_range@V?$allocator@I@std@@@std@@YAXPAI0AAV?$allocator@I@0@@Z 0041f370 f i fluidsim.obj
 0002:0000e3c0       ??$?9NN@std@@YA_NABV?$allocator@N@0@0@Z 0041f3c0 f i fluidsim.obj
 0002:0000e400       ??$forward@N@std@@YA$$QANAAN@Z 0041f400 f i fluidsim.obj
 0002:0000e420       ??$addressof@N@std@@YAPANAAN@Z 0041f420 f i fluidsim.obj
 0002:0000e440       ??$fill@PANN@std@@YAXPAN0ABN@Z 0041f440 f i fluidsim.obj
 0002:0000e490       ??$_Copy_backward@PANPAN@std@@YAPANPAN00@Z 0041f490 f i fluidsim.obj
 0002:0000e4e0       ??$_Allocate@N@std@@YAPANIPAN@Z 0041f4e0 f i fluidsim.obj
 0002:0000e560       ??0bad_alloc@std@@QAE@PBD@Z 0041f560 f i fluidsim.obj
 0002:0000e5a0       ??$_Destroy_range@V?$allocator@U?$Vec@$02M@@@std@@@std@@YAXPAU?$Vec@$02M@@0AAV?$allocator@U?$Vec@$02M@@@0@@Z 0041f5a0 f i fluidsim.obj
 0002:0000e5f0       ??$_Allocate@U?$Vec@$02M@@@std@@YAPAU?$Vec@$02M@@IPAU1@@Z 0041f5f0 f i fluidsim.obj
 0002:0000e670       ??$_Umove@PAV?$vector@NV?$allocator@N@std@@@std@@@?$vector@V?$vector@NV?$allocator@N@std@@@std@@V?$allocator@V?$vector@NV?$allocator@N@std@@@std@@@2@@std@@IAEPAV?$vector@NV?$allocator@N@std@@@1@PAV21@00@Z 0041f670 f i fluidsim.obj
 0002:0000e6b0       ??$_Destroy_range@V?$allocator@V?$vector@NV?$allocator@N@std@@@std@@@std@@@std@@YAXPAV?$vector@NV?$allocator@N@std@@@0@0AAV?$allocator@V?$vector@NV?$allocator@N@std@@@std@@@0@@Z 0041f6b0 f i fluidsim.obj
 0002:0000e700       ??$_Allocate@V?$vector@IV?$allocator@I@std@@@std@@@std@@YAPAV?$vector@IV?$allocator@I@std@@@0@IPAV10@@Z 0041f700 f i fluidsim.obj
 0002:0000e780       ??$_Allocate@I@std@@YAPAIIPAI@Z 0041f780 f i fluidsim.obj
 0002:0000e800       ??$_Cons_val@V?$allocator@N@std@@NN@std@@YAXAAV?$allocator@N@0@PAN$$QAN@Z 0041f800 f i fluidsim.obj
 0002:0000e840       ??$_Uninitialized_fill_n@PANINV?$allocator@N@std@@@std@@YAXPANIPBNAAV?$allocator@N@0@@Z 0041f840 f i fluidsim.obj
 0002:0000e8a0       ??$_Allocate@V?$vector@NV?$allocator@N@std@@@std@@@std@@YAPAV?$vector@NV?$allocator@N@std@@@0@IPAV10@@Z 0041f8a0 f i fluidsim.obj
 0002:0000e920       ?back@?$vector@IV?$allocator@I@std@@@std@@QAEAAIXZ 0041f920 f i fluidsim.obj
 0002:0000e960       ?construct@?$allocator@I@std@@QAEXPAIABI@Z 0041f960 f i fluidsim.obj
 0002:0000e990       ?back@?$vector@NV?$allocator@N@std@@@std@@QAEAANXZ 0041f990 f i fluidsim.obj
 0002:0000e9d0       ?construct@?$allocator@N@std@@QAEXPANABN@Z 0041f9d0 f i fluidsim.obj
 0002:0000ea00       ?construct@?$allocator@N@std@@QAEXPAN$$QAN@Z 0041fa00 f i fluidsim.obj
 0002:0000eab0       ??2@YAPAXIPAX@Z            0041fab0 f i fluidsim.obj
 0002:0000ead0       ??3@YAXPAX0@Z              0041fad0 f i fluidsim.obj
 0002:0000eaf0       ??R?$Array3@MU?$Array1@M@@@@QBEABMHHH@Z 0041faf0 f i fluidsim.obj
 0002:0000eb90       ?construct@?$allocator@U?$Vec@$02M@@@std@@QAEXPAU?$Vec@$02M@@ABU3@@Z 0041fb90 f i fluidsim.obj
 0002:0000ebc0       ?resize@?$SparseColumnLowerFactor@N@@QAEXI@Z 0041fbc0 f i fluidsim.obj
 0002:0000ec30       ??X?$Vec@$02M@@QAE?AU0@M@Z 0041fc30 f i fluidsim.obj
 0002:0000ecb0       ??A?$Array1@M@@QBEABMK@Z   0041fcb0 f i fluidsim.obj
 0002:0000ece0       ??G?$_Vector_iterator@V?$_Vector_val@NV?$allocator@N@std@@@std@@@std@@QBE?AV01@H@Z 0041fce0 f i fluidsim.obj
 0002:0000ed20       ??D?$_Vector_iterator@V?$_Vector_val@IV?$allocator@I@std@@@std@@@std@@QBEAAIXZ 0041fd20 f i fluidsim.obj
 0002:0000ed50       ??G?$_Vector_iterator@V?$_Vector_val@IV?$allocator@I@std@@@std@@@std@@QBE?AV01@H@Z 0041fd50 f i fluidsim.obj
 0002:0000ed90       ??Z?$_Vector_iterator@V?$_Vector_val@NV?$allocator@N@std@@@std@@@std@@QAEAAV01@H@Z 0041fd90 f i fluidsim.obj
 0002:0000edc0       ??Z?$_Vector_iterator@V?$_Vector_val@IV?$allocator@I@std@@@std@@@std@@QAEAAV01@H@Z 0041fdc0 f i fluidsim.obj
 0002:0000edf0       ??D?$_Vector_const_iterator@V?$_Vector_val@IV?$allocator@I@std@@@std@@@std@@QBEABIXZ 0041fdf0 f i fluidsim.obj
 0002:0000ee10       ??$get_barycentric@M@@YAXMAAHAAMHH@Z 0041fe10 f i fluidsim.obj
 0002:0000eeb0       ?floor@@YAMM@Z             0041feb0 f i fluidsim.obj
 0002:0000eee0       _floorf                    0041fee0 f i fluidsim.obj
 0002:0000ef20       ??$trilerp@MM@@YAMABM0000000MMM@Z 0041ff20 f i fluidsim.obj
 0002:0000efc0       ??$bilerp@MM@@YAMABM000MM@Z 0041ffc0 f i fluidsim.obj
 0002:0000f040       ??$mag2@$02M@@YAMABU?$Vec@$02M@@@Z 00420040 f i fluidsim.obj
 0002:0000f0b0       ??$dist2@$02M@@YAMABU?$Vec@$02M@@0@Z 004200b0 f i fluidsim.obj
 0002:0000f140       ??$_Val_type@PAN@std@@YAPANPAN@Z 00420140 f i fluidsim.obj
 0002:0000f160       ??$_Ptr_cat@NN@std@@YA?AU_Scalar_ptr_iterator_tag@0@PAN0@Z 00420160 f i fluidsim.obj
 0002:0000f180       ??$_Uninit_def_fill_n@NINN@std@@YAXPANIPBNAAV?$allocator@N@0@0U_Scalar_ptr_iterator_tag@0@@Z 00420180 f i fluidsim.obj
 0002:0000f1c0       ??$forward@AAU?$Vec@$02M@@@std@@YAAAU?$Vec@$02M@@AAU1@@Z 004201c0 f i fluidsim.obj
 0002:0000f1e0       ??$construct@AAU?$Vec@$02M@@@?$allocator@U?$Vec@$02M@@@std@@QAEXPAU?$Vec@$02M@@AAU2@@Z 004201e0 f i fluidsim.obj
 0002:0000f2a0       ??$forward@ABU?$Vec@$02M@@@std@@YAABU?$Vec@$02M@@ABU1@@Z 004202a0 f i fluidsim.obj
 0002:0000f2c0       ??$_Val_type@PAV?$vector@IV?$allocator@I@std@@@std@@@std@@YAPAV?$vector@IV?$allocator@I@std@@@0@PAV10@@Z 004202c0 f i fluidsim.obj
 0002:0000f2e0       ??$_Ptr_cat@V?$vector@IV?$allocator@I@std@@@std@@V12@@std@@YA?AU_Nonscalar_ptr_iterator_tag@0@PAV?$vector@IV?$allocator@I@std@@@0@0@Z 004202e0 f i fluidsim.obj
 0002:0000f300       ??$_Uninit_def_fill_n@PAV?$vector@IV?$allocator@I@std@@@std@@IV12@V?$allocator@V?$vector@IV?$allocator@I@std@@@std@@@2@V12@@std@@YAXPAV?$vector@IV?$allocator@I@std@@@0@IPBV10@AAV?$allocator@V?$vector@IV?$allocator@I@std@@@std@@@0@0U_Nonscalar_ptr_iterator_tag@0@@Z 00420300 f i fluidsim.obj
 0002:0000f420       ??$_Val_type@PAI@std@@YAPAIPAI@Z 00420420 f i fluidsim.obj
 0002:0000f440       ??$_Ptr_cat@II@std@@YA?AU_Scalar_ptr_iterator_tag@0@PAI0@Z 00420440 f i fluidsim.obj
 0002:0000f460       ??$_Uninit_def_fill_n@IIII@std@@YAXPAIIPBIAAV?$allocator@I@0@0U_Scalar_ptr_iterator_tag@0@@Z 00420460 f i fluidsim.obj
 0002:0000f4a0       ??$forward@AAI@std@@YAAAIAAI@Z 004204a0 f i fluidsim.obj
 0002:0000f4c0       ??$construct@AAI@?$allocator@I@std@@QAEXPAIAAI@Z 004204c0 f i fluidsim.obj
 0002:0000f570       ??$forward@ABI@std@@YAABIABI@Z 00420570 f i fluidsim.obj
 0002:0000f590       ??$_Copy_impl@PANPAN@std@@YAPANPAN00U_Scalar_ptr_iterator_tag@0@@Z 00420590 f i fluidsim.obj
 0002:0000f5e0       ??$_Uninitialized_copy@PANPANV?$allocator@N@std@@@std@@YAPANPAN00AAV?$allocator@N@0@@Z 004205e0 f i fluidsim.obj
 0002:0000f630       ??$forward@AAN@std@@YAAANAAN@Z 00420630 f i fluidsim.obj
 0002:0000f650       ??$construct@AAN@?$allocator@N@std@@QAEXPANAAN@Z 00420650 f i fluidsim.obj
 0002:0000f700       ??$forward@ABN@std@@YAABNABN@Z 00420700 f i fluidsim.obj
 0002:0000f720       ??$_Move@PANPAN@std@@YAPANPAN00U_Scalar_ptr_iterator_tag@0@@Z 00420720 f i fluidsim.obj
 0002:0000f770       ??$_Move@AAPAN@std@@YA$$QAPANAAPAN@Z 00420770 f i fluidsim.obj
 0002:0000f790       ??$_Val_type@PAV?$vector@NV?$allocator@N@std@@@std@@@std@@YAPAV?$vector@NV?$allocator@N@std@@@0@PAV10@@Z 00420790 f i fluidsim.obj
 0002:0000f7b0       ??$_Ptr_cat@V?$vector@NV?$allocator@N@std@@@std@@V12@@std@@YA?AU_Nonscalar_ptr_iterator_tag@0@PAV?$vector@NV?$allocator@N@std@@@0@0@Z 004207b0 f i fluidsim.obj
 0002:0000f7d0       ??$_Uninit_def_fill_n@PAV?$vector@NV?$allocator@N@std@@@std@@IV12@V?$allocator@V?$vector@NV?$allocator@N@std@@@std@@@2@V12@@std@@YAXPAV?$vector@NV?$allocator@N@std@@@0@IPBV10@AAV?$allocator@V?$vector@NV?$allocator@N@std@@@std@@@0@0U_Nonscalar_ptr_iterator_tag@0@@Z 004207d0 f i fluidsim.obj
 0002:0000f8f0       ??$_Move@PAV?$vector@IV?$allocator@I@std@@@std@@PAV12@@std@@YAPAV?$vector@IV?$allocator@I@std@@@0@PAV10@00U_Nonscalar_ptr_iterator_tag@0@@Z 004208f0 f i fluidsim.obj
 0002:0000f950       ??$_Move@PAIPAI@std@@YAPAIPAI00U_Scalar_ptr_iterator_tag@0@@Z 00420950 f i fluidsim.obj
 0002:0000f9a0       ??$_Uninitialized_move@PANPANV?$allocator@N@std@@@std@@YAPANPAN00AAV?$allocator@N@0@@Z 004209a0 f i fluidsim.obj
 0002:0000fa00       ??$_Destroy_range@V?$allocator@N@std@@@std@@YAXPAN0AAV?$allocator@N@0@U_Scalar_ptr_iterator_tag@0@@Z 00420a00 f i fluidsim.obj
 0002:0000fa20       ??$_Uninitialized_move@PAU?$Vec@$02M@@PAU1@V?$allocator@U?$Vec@$02M@@@std@@@std@@YAPAU?$Vec@$02M@@PAU1@00AAV?$allocator@U?$Vec@$02M@@@0@@Z 00420a20 f i fluidsim.obj
 0002:0000fa80       ??$_Move@PAV?$vector@NV?$allocator@N@std@@@std@@PAV12@@std@@YAPAV?$vector@NV?$allocator@N@std@@@0@PAV10@00U_Nonscalar_ptr_iterator_tag@0@@Z 00420a80 f i fluidsim.obj
 0002:0000fae0       ??$_Uninitialized_move@PAV?$vector@IV?$allocator@I@std@@@std@@PAV12@V?$allocator@V?$vector@IV?$allocator@I@std@@@std@@@2@@std@@YAPAV?$vector@IV?$allocator@I@std@@@0@PAV10@00AAV?$allocator@V?$vector@IV?$allocator@I@std@@@std@@@0@@Z 00420ae0 f i fluidsim.obj
 0002:0000fb40       ??$_Destroy_range@V?$allocator@V?$vector@IV?$allocator@I@std@@@std@@@std@@@std@@YAXPAV?$vector@IV?$allocator@I@std@@@0@0AAV?$allocator@V?$vector@IV?$allocator@I@std@@@std@@@0@U_Nonscalar_ptr_iterator_tag@0@@Z 00420b40 f i fluidsim.obj
 0002:0000fb90       ??$_Uninitialized_move@PAIPAIV?$allocator@I@std@@@std@@YAPAIPAI00AAV?$allocator@I@0@@Z 00420b90 f i fluidsim.obj
 0002:0000fbf0       ??$_Destroy_range@V?$allocator@I@std@@@std@@YAXPAI0AAV?$allocator@I@0@U_Scalar_ptr_iterator_tag@0@@Z 00420bf0 f i fluidsim.obj
 0002:0000fc10       ??$_Unchecked@PAN@std@@YAPANPAN@Z 00420c10 f i fluidsim.obj
 0002:0000fc30       ??$_Fill@PANN@std@@YAXPAN0ABN@Z 00420c30 f i fluidsim.obj
 0002:0000fc70       ??$_Copy_backward@PANPAN@std@@YAPANPAN00U_Scalar_ptr_iterator_tag@0@@Z 00420c70 f i fluidsim.obj
 0002:0000fcd0       ??$_Ptr_cat@U?$Vec@$02M@@U1@@std@@YA?AU_Nonscalar_ptr_iterator_tag@0@PAU?$Vec@$02M@@0@Z 00420cd0 f i fluidsim.obj
 0002:0000fcf0       ??$_Destroy_range@V?$allocator@U?$Vec@$02M@@@std@@@std@@YAXPAU?$Vec@$02M@@0AAV?$allocator@U?$Vec@$02M@@@0@U_Nonscalar_ptr_iterator_tag@0@@Z 00420cf0 f i fluidsim.obj
 0002:0000fd40       ??$_Uninitialized_move@PAV?$vector@NV?$allocator@N@std@@@std@@PAV12@V?$allocator@V?$vector@NV?$allocator@N@std@@@std@@@2@@std@@YAPAV?$vector@NV?$allocator@N@std@@@0@PAV10@00AAV?$allocator@V?$vector@NV?$allocator@N@std@@@std@@@0@@Z 00420d40 f i fluidsim.obj
 0002:0000fda0       ??$_Destroy_range@V?$allocator@V?$vector@NV?$allocator@N@std@@@std@@@std@@@std@@YAXPAV?$vector@NV?$allocator@N@std@@@0@0AAV?$allocator@V?$vector@NV?$allocator@N@std@@@std@@@0@U_Nonscalar_ptr_iterator_tag@0@@Z 00420da0 f i fluidsim.obj
 0002:0000fdf0       ??$_Uninit_fill_n@NINN@std@@YAXPANIPBNAAV?$allocator@N@0@0U_Scalar_ptr_iterator_tag@0@@Z 00420df0 f i fluidsim.obj
 0002:0000fe20       ??$_Construct@IABI@std@@YAXPAIABI@Z 00420e20 f i fluidsim.obj
 0002:0000fed0       ??$_Construct@NABN@std@@YAXPANABN@Z 00420ed0 f i fluidsim.obj
 0002:0000ff80       ??$_Construct@U?$Vec@$02M@@ABU1@@std@@YAXPAU?$Vec@$02M@@ABU1@@Z 00420f80 f i fluidsim.obj
 0002:00010040       ??0?$vector@IV?$allocator@I@std@@@std@@QAE@XZ 00421040 f i fluidsim.obj
 0002:00010080       ??4?$vector@IV?$allocator@I@std@@@std@@QAEAAV01@$$QAV01@@Z 00421080 f i fluidsim.obj
 0002:000100c0       ??1?$vector@IV?$allocator@I@std@@@std@@QAE@XZ 004210c0 f i fluidsim.obj
 0002:00010140       ??0?$vector@NV?$allocator@N@std@@@std@@QAE@XZ 00421140 f i fluidsim.obj
 0002:00010180       ?_Assign_rv@?$vector@IV?$allocator@I@std@@@std@@QAEX$$QAV12@@Z 00421180 f i fluidsim.obj
 0002:000102c0       ?_Tidy@?$vector@IV?$allocator@I@std@@@std@@IAEXXZ 004212c0 f i fluidsim.obj
 0002:00010360       ??0?$_Vector_val@IV?$allocator@I@std@@@std@@QAE@V?$allocator@I@1@@Z 00421360 f i fluidsim.obj
 0002:000103c0       ??1?$_Vector_val@IV?$allocator@I@std@@@std@@QAE@XZ 004213c0 f i fluidsim.obj
 0002:000103e0       ??0?$allocator@I@std@@QAE@XZ 004213e0 f i fluidsim.obj
 0002:00010400       ??0?$allocator@N@std@@QAE@XZ 00421400 f i fluidsim.obj
 0002:00010420       ?push_back@?$vector@IV?$allocator@I@std@@@std@@QAEX$$QAI@Z 00421420 f i fluidsim.obj
 0002:00010580       ?get_allocator@?$vector@IV?$allocator@I@std@@@std@@QBE?AV?$allocator@I@2@XZ 00421580 f i fluidsim.obj
 0002:000105b0       ?clear@?$vector@IV?$allocator@I@std@@@std@@QAEXXZ 004215b0 f i fluidsim.obj
 0002:00010610       ??0?$allocator@I@std@@QAE@ABV01@@Z 00421610 f i fluidsim.obj
 0002:00010630       ??E?$_Vector_iterator@V?$_Vector_val@IV?$allocator@I@std@@@std@@@std@@QAEAAV01@XZ 00421630 f i fluidsim.obj
 0002:00010660       ??E?$_Vector_const_iterator@V?$_Vector_val@IV?$allocator@I@std@@@std@@@std@@QAEAAV01@XZ 00421660 f i fluidsim.obj
 0002:00010690       ??$lerp@MM@@YAMABM0M@Z     00421690 f i fluidsim.obj
 0002:000106d0       ??$_Fill_n@PANIN@std@@YAXPANIABN@Z 004216d0 f i fluidsim.obj
 0002:00010720       ??$_Cons_val@V?$allocator@V?$vector@IV?$allocator@I@std@@@std@@@std@@V?$vector@IV?$allocator@I@std@@@2@V32@@std@@YAXAAV?$allocator@V?$vector@IV?$allocator@I@std@@@std@@@0@PAV?$vector@IV?$allocator@I@std@@@0@$$QAV20@@Z 00421720 f i fluidsim.obj
 0002:00010760       ??$_Dest_val@V?$allocator@V?$vector@IV?$allocator@I@std@@@std@@@std@@V?$vector@IV?$allocator@I@std@@@2@@std@@YAXAAV?$allocator@V?$vector@IV?$allocator@I@std@@@std@@@0@PAV?$vector@IV?$allocator@I@std@@@0@@Z 00421760 f i fluidsim.obj
 0002:00010790       ??$_Fill_n@PAIII@std@@YAXPAIIABI@Z 00421790 f i fluidsim.obj
 0002:000107e0       ??$_Uninit_copy@NN@std@@YAPANPAN00AAV?$allocator@N@0@U_Scalar_ptr_iterator_tag@0@@Z 004217e0 f i fluidsim.obj
 0002:00010830       ??$_Cons_val@V?$allocator@V?$vector@NV?$allocator@N@std@@@std@@@std@@V?$vector@NV?$allocator@N@std@@@2@V32@@std@@YAXAAV?$allocator@V?$vector@NV?$allocator@N@std@@@std@@@0@PAV?$vector@NV?$allocator@N@std@@@0@$$QAV20@@Z 00421830 f i fluidsim.obj
 0002:00010870       ??$_Dest_val@V?$allocator@V?$vector@NV?$allocator@N@std@@@std@@@std@@V?$vector@NV?$allocator@N@std@@@2@@std@@YAXAAV?$allocator@V?$vector@NV?$allocator@N@std@@@std@@@0@PAV?$vector@NV?$allocator@N@std@@@0@@Z 00421870 f i fluidsim.obj
 0002:000108a0       ??$move@AAV?$vector@IV?$allocator@I@std@@@std@@@std@@YA$$QAV?$vector@IV?$allocator@I@std@@@0@AAV10@@Z 004218a0 f i fluidsim.obj
 0002:000108c0       ??$_Uninit_move@NNN@std@@YAPANPAN00AAV?$allocator@N@0@0U_Scalar_ptr_iterator_tag@0@@Z 004218c0 f i fluidsim.obj
 0002:00010910       ??$_Val_type@PAU?$Vec@$02M@@@std@@YAPAU?$Vec@$02M@@PAU1@@Z 00421910 f i fluidsim.obj
 0002:00010930       ??$_Uninit_move@PAU?$Vec@$02M@@PAU1@V?$allocator@U?$Vec@$02M@@@std@@U1@@std@@YAPAU?$Vec@$02M@@PAU1@00AAV?$allocator@U?$Vec@$02M@@@0@0U_Nonscalar_ptr_iterator_tag@0@@Z 00421930 f i fluidsim.obj
 0002:00010a30       ??$move@AAV?$vector@NV?$allocator@N@std@@@std@@@std@@YA$$QAV?$vector@NV?$allocator@N@std@@@0@AAV10@@Z 00421a30 f i fluidsim.obj
 0002:00010a50       ??$_Uninit_move@PAV?$vector@IV?$allocator@I@std@@@std@@PAV12@V?$allocator@V?$vector@IV?$allocator@I@std@@@std@@@2@V12@@std@@YAPAV?$vector@IV?$allocator@I@std@@@0@PAV10@00AAV?$allocator@V?$vector@IV?$allocator@I@std@@@std@@@0@0U_Nonscalar_ptr_iterator_tag@0@@Z 00421a50 f i fluidsim.obj
 0002:00010b50       ??$_Uninit_move@III@std@@YAPAIPAI00AAV?$allocator@I@0@0U_Scalar_ptr_iterator_tag@0@@Z 00421b50 f i fluidsim.obj
 0002:00010ba0       ??$_Dest_val@V?$allocator@U?$Vec@$02M@@@std@@U?$Vec@$02M@@@std@@YAXAAV?$allocator@U?$Vec@$02M@@@0@PAU?$Vec@$02M@@@Z 00421ba0 f i fluidsim.obj
 0002:00010bd0       ??$_Uninit_move@PAV?$vector@NV?$allocator@N@std@@@std@@PAV12@V?$allocator@V?$vector@NV?$allocator@N@std@@@std@@@2@V12@@std@@YAPAV?$vector@NV?$allocator@N@std@@@0@PAV10@00AAV?$allocator@V?$vector@NV?$allocator@N@std@@@std@@@0@0U_Nonscalar_ptr_iterator_tag@0@@Z 00421bd0 f i fluidsim.obj
 0002:00010cd0       ??$forward@V?$vector@IV?$allocator@I@std@@@std@@@std@@YA$$QAV?$vector@IV?$allocator@I@std@@@0@AAV10@@Z 00421cd0 f i fluidsim.obj
 0002:00010cf0       ??$?9II@std@@YA_NABV?$allocator@I@0@0@Z 00421cf0 f i fluidsim.obj
 0002:00010d30       ??$forward@I@std@@YA$$QAIAAI@Z 00421d30 f i fluidsim.obj
 0002:00010d50       ??$addressof@I@std@@YAPAIAAI@Z 00421d50 f i fluidsim.obj
 0002:00010d70       ??$_Cons_val@V?$allocator@I@std@@II@std@@YAXAAV?$allocator@I@0@PAI$$QAI@Z 00421d70 f i fluidsim.obj
 0002:00010db0       ?construct@?$allocator@V?$vector@IV?$allocator@I@std@@@std@@@std@@QAEXPAV?$vector@IV?$allocator@I@std@@@2@$$QAV32@@Z 00421db0 f i fluidsim.obj
 0002:00010e60       ?destroy@?$allocator@V?$vector@IV?$allocator@I@std@@@std@@@std@@QAEXPAV?$vector@IV?$allocator@I@std@@@2@@Z 00421e60 f i fluidsim.obj
 0002:00010e90       ?construct@?$allocator@I@std@@QAEXPAI$$QAI@Z 00421e90 f i fluidsim.obj
 0002:00010f40       ?destroy@?$allocator@U?$Vec@$02M@@@std@@QAEXPAU?$Vec@$02M@@@Z 00421f40 f i fluidsim.obj
 0002:00010f70       ?construct@?$allocator@V?$vector@NV?$allocator@N@std@@@std@@@std@@QAEXPAV?$vector@NV?$allocator@N@std@@@2@$$QAV32@@Z 00421f70 f i fluidsim.obj
 0002:00011020       ?destroy@?$allocator@V?$vector@NV?$allocator@N@std@@@std@@@std@@QAEXPAV?$vector@NV?$allocator@N@std@@@2@@Z 00422020 f i fluidsim.obj
 0002:00011050       ??0?$vector@IV?$allocator@I@std@@@std@@QAE@$$QAV01@@Z 00422050 f i fluidsim.obj
 0002:000110f0       ??$_Cons_val@V?$allocator@U?$Vec@$02M@@@std@@U?$Vec@$02M@@U3@@std@@YAXAAV?$allocator@U?$Vec@$02M@@@0@PAU?$Vec@$02M@@$$QAU2@@Z 004220f0 f i fluidsim.obj
 0002:00011130       ??$?8II@std@@YA_NABV?$allocator@I@0@0@Z 00422130 f i fluidsim.obj
 0002:00011150       ??$_Destroy@V?$vector@IV?$allocator@I@std@@@std@@@std@@YAXPAV?$vector@IV?$allocator@I@std@@@0@@Z 00422150 f i fluidsim.obj
 0002:00011170       ??$_Destroy@U?$Vec@$02M@@@std@@YAXPAU?$Vec@$02M@@@Z 00422170 f i fluidsim.obj
 0002:00011190       ??$_Destroy@V?$vector@NV?$allocator@N@std@@@std@@@std@@YAXPAV?$vector@NV?$allocator@N@std@@@0@@Z 00422190 f i fluidsim.obj
 0002:000111b0       ??_G?$vector@IV?$allocator@I@std@@@std@@QAEPAXI@Z 004221b0 f i fluidsim.obj
 0002:00011200       ??_G?$vector@NV?$allocator@N@std@@@std@@QAEPAXI@Z 00422200 f i fluidsim.obj
 0002:00011250       ?construct@?$allocator@U?$Vec@$02M@@@std@@QAEXPAU?$Vec@$02M@@$$QAU3@@Z 00422250 f i fluidsim.obj
 0002:00011310       ??$forward@U?$Vec@$02M@@@std@@YA$$QAU?$Vec@$02M@@AAU1@@Z 00422310 f i fluidsim.obj
 0002:00011330       ?fraction_inside@@YAMMM@Z  00422330 f   levelset_util.obj
 0002:000113f0       ?fraction_inside@@YAMMMMM@Z 004223f0 f   levelset_util.obj
 0002:000119a0       ?sphere_phi@@YAMABU?$Vec@$02M@@0M@Z 004229a0 f   main.obj
 0002:000119e0       ?boundary_phi@@YAMABU?$Vec@$02M@@@Z 004229e0 f   main.obj
 0002:00011a20       ?liquid_phi@@YAMABU?$Vec@$02M@@@Z 00422a20 f   main.obj
 0002:00011aa0       _main                      00422aa0 f   main.obj
 0002:00011d10       ?export_particles@@YAXV?$basic_string@DU?$char_traits@D@std@@V?$allocator@D@2@@std@@HABV?$vector@U?$Vec@$02M@@V?$allocator@U?$Vec@$02M@@@std@@@2@M@Z 00422d10 f   main.obj
 0002:00012000       ??_D?$basic_stringstream@DU?$char_traits@D@std@@V?$allocator@D@2@@std@@QAEXXZ 00423000 f i main.obj
 0002:00012040       ??_D?$basic_ofstream@DU?$char_traits@D@std@@@std@@QAEXXZ 00423040 f i main.obj
 0002:00012080       ??0?$basic_string@DU?$char_traits@D@std@@V?$allocator@D@2@@std@@QAE@ABV01@@Z 00423080 f i main.obj
 0002:00012130       ??0?$basic_string@DU?$char_traits@D@std@@V?$allocator@D@2@@std@@QAE@PBD@Z 00423130 f i main.obj
 0002:000121d0       ??1?$basic_string@DU?$char_traits@D@std@@V?$allocator@D@2@@std@@QAE@XZ 004231d0 f i main.obj
 0002:00012250       ?c_str@?$basic_string@DU?$char_traits@D@std@@V?$allocator@D@2@@std@@QBEPBDXZ 00423250 f i main.obj
 0002:00012280       ??A?$vector@U?$Vec@$02M@@V?$allocator@U?$Vec@$02M@@@std@@@std@@QBEABU?$Vec@$02M@@I@Z 00423280 f i main.obj
 0002:000122b0       ??0?$basic_stringstream@DU?$char_traits@D@std@@V?$allocator@D@2@@std@@QAE@H@Z 004232b0 f i main.obj
 0002:000123a0       ??1?$basic_stringstream@DU?$char_traits@D@std@@V?$allocator@D@2@@std@@UAE@XZ 004233a0 f i main.obj
 0002:00012440       ?str@?$basic_stringstream@DU?$char_traits@D@std@@V?$allocator@D@2@@std@@QBE?AV?$basic_string@DU?$char_traits@D@std@@V?$allocator@D@2@@2@XZ 00423440 f i main.obj
 0002:00012490       ??1?$basic_stringbuf@DU?$char_traits@D@std@@V?$allocator@D@2@@std@@UAE@XZ 00423490 f i main.obj
 0002:00012510       ?overflow@?$basic_stringbuf@DU?$char_traits@D@std@@V?$allocator@D@2@@std@@MAEHH@Z 00423510 f i main.obj
 0002:000128d0       ?copy@?$char_traits@D@std@@SAPADPADPBDI@Z 004238d0 f i main.obj
 0002:00012900       ?to_char_type@?$char_traits@D@std@@SADABH@Z 00423900 f i main.obj
 0002:00012920       ?eq_int_type@?$char_traits@D@std@@SA_NABH0@Z 00423920 f i main.obj
 0002:00012950       ?not_eof@?$char_traits@D@std@@SAHABH@Z 00423950 f i main.obj
 0002:000129a0       ?eof@?$char_traits@D@std@@SAHXZ 004239a0 f i main.obj
 0002:000129c0       ?pbackfail@?$basic_stringbuf@DU?$char_traits@D@std@@V?$allocator@D@2@@std@@MAEHH@Z 004239c0 f i main.obj
 0002:00012af0       ?eq@?$char_traits@D@std@@SA_NABD0@Z 00423af0 f i main.obj
 0002:00012b20       ?underflow@?$basic_stringbuf@DU?$char_traits@D@std@@V?$allocator@D@2@@std@@MAEHXZ 00423b20 f i main.obj
 0002:00012c70       ?to_int_type@?$char_traits@D@std@@SAHABD@Z 00423c70 f i main.obj
 0002:00012c90       ?seekoff@?$basic_stringbuf@DU?$char_traits@D@std@@V?$allocator@D@2@@std@@MAE?AV?$fpos@H@2@_JHH@Z 00423c90 f i main.obj
 0002:00013000       ?seekpos@?$basic_stringbuf@DU?$char_traits@D@std@@V?$allocator@D@2@@std@@MAE?AV?$fpos@H@2@V32@H@Z 00424000 f i main.obj
 0002:00013280       ??0?$basic_ofstream@DU?$char_traits@D@std@@@std@@QAE@PBDHH@Z 00424280 f i main.obj
 0002:000133b0       ??1?$basic_ofstream@DU?$char_traits@D@std@@@std@@UAE@XZ 004243b0 f i main.obj
 0002:00013450       ?close@?$basic_ofstream@DU?$char_traits@D@std@@@std@@QAEXXZ 00424450 f i main.obj
 0002:000134a0       ??1?$basic_filebuf@DU?$char_traits@D@std@@@std@@UAE@XZ 004244a0 f i main.obj
 0002:00013550       ?_Lock@?$basic_filebuf@DU?$char_traits@D@std@@@std@@UAEXXZ 00424550 f i main.obj
 0002:00013590       ?_Unlock@?$basic_filebuf@DU?$char_traits@D@std@@@std@@UAEXXZ 00424590 f i main.obj
 0002:000135d0       ?overflow@?$basic_filebuf@DU?$char_traits@D@std@@@std@@MAEHH@Z 004245d0 f i main.obj
 0002:00013a20       ??$_Fputc@D@std@@YA_NDPAU_iobuf@@@Z 00424a20 f i main.obj
 0002:00013a60       ?size@?$basic_string@DU?$char_traits@D@std@@V?$allocator@D@2@@std@@QBEIXZ 00424a60 f i main.obj
 0002:00013a80       ?pbackfail@?$basic_filebuf@DU?$char_traits@D@std@@@std@@MAEHH@Z 00424a80 f i main.obj
 0002:00013c30       ??$_Ungetc@D@std@@YA_NABDPAU_iobuf@@@Z 00424c30 f i main.obj
 0002:00013c70       ?underflow@?$basic_filebuf@DU?$char_traits@D@std@@@std@@MAEHXZ 00424c70 f i main.obj
 0002:00013d30       ?uflow@?$basic_filebuf@DU?$char_traits@D@std@@@std@@MAEHXZ 00424d30 f i main.obj
 0002:00014130       ??$_Fgetc@D@std@@YA_NAADPAU_iobuf@@@Z 00425130 f i main.obj
 0002:00014180       ??0?$basic_string@DU?$char_traits@D@std@@V?$allocator@D@2@@std@@QAE@XZ 00425180 f i main.obj
 0002:00014210       ?seekoff@?$basic_filebuf@DU?$char_traits@D@std@@@std@@MAE?AV?$fpos@H@2@_JHH@Z 00425210 f i main.obj
 0002:00014330       ?seekpos@?$basic_filebuf@DU?$char_traits@D@std@@@std@@MAE?AV?$fpos@H@2@V32@H@Z 00425330 f i main.obj
 0002:00014470       ?setbuf@?$basic_filebuf@DU?$char_traits@D@std@@@std@@MAEPAV?$basic_streambuf@DU?$char_traits@D@std@@@2@PAD_J@Z 00425470 f i main.obj
 0002:00014510       ?sync@?$basic_filebuf@DU?$char_traits@D@std@@@std@@MAEHXZ 00425510 f i main.obj
 0002:000145b0       ?imbue@?$basic_filebuf@DU?$char_traits@D@std@@@std@@MAEXABVlocale@2@@Z 004255b0 f i main.obj
 0002:000145f0       ??_G?$basic_stringstream@DU?$char_traits@D@std@@V?$allocator@D@2@@std@@UAEPAXI@Z 004255f0 f i main.obj
 0002:000145f0       ??_E?$basic_stringstream@DU?$char_traits@D@std@@V?$allocator@D@2@@std@@UAEPAXI@Z 004255f0 f i main.obj
 0002:00014640       ??_E?$basic_stringbuf@DU?$char_traits@D@std@@V?$allocator@D@2@@std@@UAEPAXI@Z 00425640 f i main.obj
 0002:00014640       ??_G?$basic_stringbuf@DU?$char_traits@D@std@@V?$allocator@D@2@@std@@UAEPAXI@Z 00425640 f i main.obj
 0002:00014690       ??_G?$basic_ofstream@DU?$char_traits@D@std@@@std@@UAEPAXI@Z 00425690 f i main.obj
 0002:00014690       ??_E?$basic_ofstream@DU?$char_traits@D@std@@@std@@UAEPAXI@Z 00425690 f i main.obj
 0002:000146e0       ??_G?$basic_filebuf@DU?$char_traits@D@std@@@std@@UAEPAXI@Z 004256e0 f i main.obj
 0002:000146e0       ??_E?$basic_filebuf@DU?$char_traits@D@std@@@std@@UAEPAXI@Z 004256e0 f i main.obj
 0002:00014730       ??0?$basic_string@DU?$char_traits@D@std@@V?$allocator@D@2@@std@@QAE@ID@Z 00425730 f i main.obj
 0002:000147d0       ?append@?$basic_string@DU?$char_traits@D@std@@V?$allocator@D@2@@std@@QAEAAV12@ID@Z 004257d0 f i main.obj
 0002:00014870       ?assign@?$basic_string@DU?$char_traits@D@std@@V?$allocator@D@2@@std@@QAEAAV12@ABV12@II@Z 00425870 f i main.obj
 0002:00014960       ?assign@?$basic_string@DU?$char_traits@D@std@@V?$allocator@D@2@@std@@QAEAAV12@PBD@Z 00425960 f i main.obj
 0002:000149a0       ?length@?$char_traits@D@std@@SAIPBD@Z 004259a0 f i main.obj
 0002:000149d0       ?erase@?$basic_string@DU?$char_traits@D@std@@V?$allocator@D@2@@std@@QAEAAV12@II@Z 004259d0 f i main.obj
 0002:00014a90       ?move@?$char_traits@D@std@@SAPADPADPBDI@Z 00425a90 f i main.obj
 0002:00014ac0       ?begin@?$basic_string@DU?$char_traits@D@std@@V?$allocator@D@2@@std@@QAE?AV?$_String_iterator@DU?$char_traits@D@std@@V?$allocator@D@2@@2@XZ 00425ac0 f i main.obj
 0002:00014b00       ?_Tidy@?$basic_string@DU?$char_traits@D@std@@V?$allocator@D@2@@std@@QAEX_NI@Z 00425b00 f i main.obj
 0002:00014ba0       ?_Myptr@?$basic_string@DU?$char_traits@D@std@@V?$allocator@D@2@@std@@QBEPBDXZ 00425ba0 f i main.obj
 0002:00014be0       ??0?$_String_val@DV?$allocator@D@std@@@std@@QAE@V?$allocator@D@1@@Z 00425be0 f i main.obj
 0002:00014c10       ??1?$_String_val@DV?$allocator@D@std@@@std@@QAE@XZ 00425c10 f i main.obj
 0002:00014c30       ??0?$allocator@D@std@@QAE@XZ 00425c30 f i main.obj
 0002:00014c50       ??0?$allocator@D@std@@QAE@ABV01@@Z 00425c50 f i main.obj
 0002:00014c70       ?deallocate@?$allocator@D@std@@QAEXPADI@Z 00425c70 f i main.obj
 0002:00014ca0       ?allocate@?$allocator@D@std@@QAEPADI@Z 00425ca0 f i main.obj
 0002:00014cd0       ??0?$basic_stringbuf@DU?$char_traits@D@std@@V?$allocator@D@2@@std@@QAE@H@Z 00425cd0 f i main.obj
 0002:00014d80       ?str@?$basic_stringbuf@DU?$char_traits@D@std@@V?$allocator@D@2@@std@@QBE?AV?$basic_string@DU?$char_traits@D@std@@V?$allocator@D@2@@2@XZ 00425d80 f i main.obj
 0002:00014fb0       ??0?$basic_string@DU?$char_traits@D@std@@V?$allocator@D@2@@std@@QAE@$$QAV01@@Z 00425fb0 f i main.obj
 0002:00015070       ?assign@?$basic_string@DU?$char_traits@D@std@@V?$allocator@D@2@@std@@QAEAAV12@$$QAV12@@Z 00426070 f i main.obj
 0002:00015170       ?_Tidy@?$basic_stringbuf@DU?$char_traits@D@std@@V?$allocator@D@2@@std@@IAEXXZ 00426170 f i main.obj
 0002:00015240       ??0?$basic_filebuf@DU?$char_traits@D@std@@@std@@QAE@PAU_iobuf@@@Z 00426240 f i main.obj
 0002:000152d0       ?open@?$basic_filebuf@DU?$char_traits@D@std@@@std@@QAEPAV12@PBDHH@Z 004262d0 f i main.obj
 0002:000153c0       ??1locale@std@@QAE@XZ      004263c0 f i main.obj
 0002:00015430       ?close@?$basic_filebuf@DU?$char_traits@D@std@@@std@@QAEPAV12@XZ 00426430 f i main.obj
 0002:000154c0       ?_Init@?$basic_filebuf@DU?$char_traits@D@std@@@std@@IAEXPAU_iobuf@@W4_Initfl@12@@Z 004264c0 f i main.obj
 0002:00015590       ?_Endwrite@?$basic_filebuf@DU?$char_traits@D@std@@@std@@IAE_NXZ 00426590 f i main.obj
 0002:00015860       ?_Initcvt@?$basic_filebuf@DU?$char_traits@D@std@@@std@@IAEXPBV?$codecvt@DDH@2@@Z 00426860 f i main.obj
 0002:000158c0       ?_Reset_back@?$basic_filebuf@DU?$char_traits@D@std@@@std@@AAEXXZ 004268c0 f i main.obj
 0002:00015920       ?_Set_back@?$basic_filebuf@DU?$char_traits@D@std@@@std@@AAEXXZ 00426920 f i main.obj
 0002:000159a0       ??D?$_String_iterator@DU?$char_traits@D@std@@V?$allocator@D@2@@std@@QBEAADXZ 004269a0 f i main.obj
 0002:000159d0       ??0?$fpos@H@std@@QAE@_J@Z  004269d0 f i main.obj
 0002:00015a30       ??0?$fpos@H@std@@QAE@H_J@Z 00426a30 f i main.obj
 0002:00015a80       ?state@?$fpos@H@std@@QBEHXZ 00426a80 f i main.obj
 0002:00015aa0       ?seekpos@?$fpos@H@std@@QBE_JXZ 00426aa0 f i main.obj
 0002:00015ad0       ??B?$fpos@H@std@@QBE_JXZ   00426ad0 f i main.obj
 0002:00015b00       ??0?$basic_string@DU?$char_traits@D@std@@V?$allocator@D@2@@std@@QAE@PBDI@Z 00426b00 f i main.obj
 0002:00015ba0       ??4?$basic_string@DU?$char_traits@D@std@@V?$allocator@D@2@@std@@QAEAAV01@ABV01@@Z 00426ba0 f i main.obj
 0002:00015bd0       ?assign@?$basic_string@DU?$char_traits@D@std@@V?$allocator@D@2@@std@@QAEAAV12@PBDI@Z 00426bd0 f i main.obj
 0002:00015c80       ?assign@?$basic_string@DU?$char_traits@D@std@@V?$allocator@D@2@@std@@QAEAAV12@ID@Z 00426c80 f i main.obj
 0002:00015d00       ?get_allocator@?$basic_string@DU?$char_traits@D@std@@V?$allocator@D@2@@std@@QBE?AV?$allocator@D@2@XZ 00426d00 f i main.obj
 0002:00015d30       ?_Chassign@?$basic_string@DU?$char_traits@D@std@@V?$allocator@D@2@@std@@QAEXIID@Z 00426d30 f i main.obj
 0002:00015da0       ?assign@?$char_traits@D@std@@SAPADPADID@Z 00426da0 f i main.obj
 0002:00015dd0       ?assign@?$char_traits@D@std@@SAXAADABD@Z 00426dd0 f i main.obj
 0002:00015df0       ?_Eos@?$basic_string@DU?$char_traits@D@std@@V?$allocator@D@2@@std@@QAEXI@Z 00426df0 f i main.obj
 0002:00015e40       ?_Grow@?$basic_string@DU?$char_traits@D@std@@V?$allocator@D@2@@std@@QAE_NI_N@Z 00426e40 f i main.obj
 0002:00015f10       ?_Myptr@?$basic_string@DU?$char_traits@D@std@@V?$allocator@D@2@@std@@QAEPADXZ 00426f10 f i main.obj
 0002:00015f50       ?_Xlen@?$basic_string@DU?$char_traits@D@std@@V?$allocator@D@2@@std@@QBEXXZ 00426f50 f i main.obj
 0002:00015f80       ?_Xran@?$basic_string@DU?$char_traits@D@std@@V?$allocator@D@2@@std@@QBEXXZ 00426f80 f i main.obj
 0002:00015fb0       ?_Init@?$basic_stringbuf@DU?$char_traits@D@std@@V?$allocator@D@2@@std@@IAEXPBDIH@Z 00426fb0 f i main.obj
 0002:00016100       ?_Getstate@?$basic_stringbuf@DU?$char_traits@D@std@@V?$allocator@D@2@@std@@AAEHH@Z 00427100 f i main.obj
 0002:00016180       ??0?$_String_iterator@DU?$char_traits@D@std@@V?$allocator@D@2@@std@@QAE@PADPBU_Container_base0@1@@Z 00427180 f i main.obj
 0002:000161c0       ??D?$_String_const_iterator@DU?$char_traits@D@std@@V?$allocator@D@2@@std@@QBEABDXZ 004271c0 f i main.obj
 0002:000161e0       ?assign@?$basic_string@DU?$char_traits@D@std@@V?$allocator@D@2@@std@@QAEAAV12@ABV12@@Z 004271e0 f i main.obj
 0002:00016220       ?max_size@?$basic_string@DU?$char_traits@D@std@@V?$allocator@D@2@@std@@QBEIXZ 00427220 f i main.obj
 0002:00016270       ?_Copy@?$basic_string@DU?$char_traits@D@std@@V?$allocator@D@2@@std@@QAEXII@Z 00427270 f i main.obj
 0002:00016460       ?_Inside@?$basic_string@DU?$char_traits@D@std@@V?$allocator@D@2@@std@@QAE_NPBD@Z 00427460 f i main.obj
 0002:000164c0       ??0?$_String_const_iterator@DU?$char_traits@D@std@@V?$allocator@D@2@@std@@QAE@PBDPBU_Container_base0@1@@Z 004274c0 f i main.obj
 0002:00016500       ?max_size@?$allocator@D@std@@QBEIXZ 00427500 f i main.obj
 0002:00016540       ??$?6U?$char_traits@D@std@@@std@@YAAAV?$basic_ostream@DU?$char_traits@D@std@@@0@AAV10@PBD@Z 00427540 f i main.obj
 0002:00016a10       ??0sentry@?$basic_ostream@DU?$char_traits@D@std@@@std@@QAE@AAV12@@Z 00427a10 f i main.obj
 0002:00016b10       ??1sentry@?$basic_ostream@DU?$char_traits@D@std@@@std@@QAE@XZ 00427b10 f i main.obj
 0002:00016ba0       ??Bsentry@?$basic_ostream@DU?$char_traits@D@std@@@std@@QBEPQ_Bool_struct@2@HXZ 00427ba0 f i main.obj
 0002:00016bd0       ??0_Sentry_base@?$basic_ostream@DU?$char_traits@D@std@@@std@@QAE@AAV12@@Z 00427bd0 f i main.obj
 0002:00016c50       ??1_Sentry_base@?$basic_ostream@DU?$char_traits@D@std@@@std@@QAE@XZ 00427c50 f i main.obj
 0002:00016cc0       ??$?6DU?$char_traits@D@std@@V?$allocator@D@1@@std@@YAAAV?$basic_ostream@DU?$char_traits@D@std@@@0@AAV10@ABV?$basic_string@DU?$char_traits@D@std@@V?$allocator@D@2@@0@@Z 00427cc0 f i main.obj
 0002:000170f0       ??$forward@V?$allocator@D@std@@@std@@YA$$QAV?$allocator@D@0@AAV10@@Z 004280f0 f i main.obj
 0002:00017110       ??$forward@V?$basic_string@DU?$char_traits@D@std@@V?$allocator@D@2@@std@@@std@@YA$$QAV?$basic_string@DU?$char_traits@D@std@@V?$allocator@D@2@@0@AAV10@@Z 00428110 f i main.obj
 0002:00017130       ??$use_facet@V?$codecvt@DDH@std@@@std@@YAABV?$codecvt@DDH@0@ABVlocale@0@@Z 00428130 f i main.obj
 0002:00017270       ?_Register@facet@locale@std@@QAEXXZ 00428270 f i main.obj
 0002:000172a0       ?_Getfacet@locale@std@@QBEPBVfacet@12@I@Z 004282a0 f i main.obj
 0002:00017350       ??$?9DD@std@@YA_NABV?$allocator@D@0@0@Z 00428350 f i main.obj
 0002:00017390       ??$_Allocate@D@std@@YAPADIPAD@Z 00428390 f i main.obj
 0002:00017410       ??$?8DD@std@@YA_NABV?$allocator@D@0@0@Z 00428410 f i main.obj
 0002:00017430       ??0FluidSim@@QAE@XZ        00428430 f i main.obj
 0002:00017660       ??1?$PCGSolver@N@@QAE@XZ   00428660 f i main.obj
 0002:00017730       ??1?$SparseMatrix@N@@QAE@XZ 00428730 f i main.obj
 0002:000177b0       ??1?$SparseColumnLowerFactor@N@@QAE@XZ 004287b0 f i main.obj
 0002:00017870       ??1?$FixedSparseMatrix@N@@QAE@XZ 00428870 f i main.obj
 0002:00017900       ??1?$vector@V?$vector@IV?$allocator@I@std@@@std@@V?$allocator@V?$vector@IV?$allocator@I@std@@@std@@@2@@std@@QAE@XZ 00428900 f i main.obj
 0002:00017980       ??0?$Array3@MU?$Array1@M@@@@QAE@XZ 00428980 f i main.obj
 0002:000179d0       ??0?$Array3@DU?$Array1@D@@@@QAE@XZ 004289d0 f i main.obj
 0002:00017a20       ??0?$vector@U?$Vec@$02M@@V?$allocator@U?$Vec@$02M@@@std@@@std@@QAE@XZ 00428a20 f i main.obj
 0002:00017a60       ??1?$vector@U?$Vec@$02M@@V?$allocator@U?$Vec@$02M@@@std@@@std@@QAE@XZ 00428a60 f i main.obj
 0002:00017ae0       ??0?$PCGSolver@N@@QAE@XZ   00428ae0 f i main.obj
 0002:00017bf0       ??0?$SparseMatrix@N@@QAE@II@Z 00428bf0 f i main.obj
 0002:00017cf0       ??1?$vector@V?$vector@NV?$allocator@N@std@@@std@@V?$allocator@V?$vector@NV?$allocator@N@std@@@std@@@2@@std@@QAE@XZ 00428cf0 f i main.obj
 0002:00017d70       ??0?$vector@V?$vector@IV?$allocator@I@std@@@std@@V?$allocator@V?$vector@IV?$allocator@I@std@@@std@@@2@@std@@QAE@I@Z 00428d70 f i main.obj
 0002:00017e00       ?_Tidy@?$vector@V?$vector@IV?$allocator@I@std@@@std@@V?$allocator@V?$vector@IV?$allocator@I@std@@@std@@@2@@std@@IAEXXZ 00428e00 f i main.obj
 0002:00017ea0       ??1?$_Vector_val@V?$vector@IV?$allocator@I@std@@@std@@V?$allocator@V?$vector@IV?$allocator@I@std@@@std@@@2@@std@@QAE@XZ 00428ea0 f i main.obj
 0002:00017ec0       ??0?$Array1@M@@QAE@XZ      00428ec0 f i main.obj
 0002:00017f00       ??0?$Array1@D@@QAE@XZ      00428f00 f i main.obj
 0002:00017f40       ?_Tidy@?$vector@U?$Vec@$02M@@V?$allocator@U?$Vec@$02M@@@std@@@std@@IAEXXZ 00428f40 f i main.obj
 0002:00017fe0       ??0?$_Vector_val@U?$Vec@$02M@@V?$allocator@U?$Vec@$02M@@@std@@@std@@QAE@V?$allocator@U?$Vec@$02M@@@1@@Z 00428fe0 f i main.obj
 0002:00018040       ??1?$_Vector_val@U?$Vec@$02M@@V?$allocator@U?$Vec@$02M@@@std@@@std@@QAE@XZ 00429040 f i main.obj
 0002:00018060       ??0?$allocator@U?$Vec@$02M@@@std@@QAE@XZ 00429060 f i main.obj
 0002:00018080       ??0?$SparseColumnLowerFactor@N@@QAE@I@Z 00429080 f i main.obj
 0002:00018160       ??0?$FixedSparseMatrix@N@@QAE@I@Z 00429160 f i main.obj
 0002:00018210       ??0?$vector@V?$vector@NV?$allocator@N@std@@@std@@V?$allocator@V?$vector@NV?$allocator@N@std@@@std@@@2@@std@@QAE@I@Z 00429210 f i main.obj
 0002:000182a0       ?_Tidy@?$vector@V?$vector@NV?$allocator@N@std@@@std@@V?$allocator@V?$vector@NV?$allocator@N@std@@@std@@@2@@std@@IAEXXZ 004292a0 f i main.obj
 0002:00018340       ??1?$_Vector_val@V?$vector@NV?$allocator@N@std@@@std@@V?$allocator@V?$vector@NV?$allocator@N@std@@@std@@@2@@std@@QAE@XZ 00429340 f i main.obj
 0002:00018360       ??0?$_Vector_val@V?$vector@IV?$allocator@I@std@@@std@@V?$allocator@V?$vector@IV?$allocator@I@std@@@std@@@2@@std@@QAE@V?$allocator@V?$vector@IV?$allocator@I@std@@@std@@@1@@Z 00429360 f i main.obj
 0002:000183c0       ??0?$allocator@V?$vector@IV?$allocator@I@std@@@std@@@std@@QAE@XZ 004293c0 f i main.obj
 0002:000183e0       ??0?$vector@IV?$allocator@I@std@@@std@@QAE@I@Z 004293e0 f i main.obj
 0002:00018470       ??0?$vector@NV?$allocator@N@std@@@std@@QAE@I@Z 00429470 f i main.obj
 0002:00018500       ??0?$allocator@U?$Vec@$02M@@@std@@QAE@ABV01@@Z 00429500 f i main.obj
 0002:00018520       ??0?$_Vector_val@V?$vector@NV?$allocator@N@std@@@std@@V?$allocator@V?$vector@NV?$allocator@N@std@@@std@@@2@@std@@QAE@V?$allocator@V?$vector@NV?$allocator@N@std@@@std@@@1@@Z 00429520 f i main.obj
 0002:00018580       ??0?$allocator@V?$vector@NV?$allocator@N@std@@@std@@@std@@QAE@XZ 00429580 f i main.obj
 0002:000185a0       ??0?$allocator@V?$vector@IV?$allocator@I@std@@@std@@@std@@QAE@ABV01@@Z 004295a0 f i main.obj
 0002:000185c0       ??0?$allocator@V?$vector@NV?$allocator@N@std@@@std@@@std@@QAE@ABV01@@Z 004295c0 f i main.obj
 0002:000185e0       ??1FluidSim@@QAE@XZ        004295e0 f i main.obj
 0002:000187fa       ?_Orphan_all@_Container_base0@std@@QAEXXZ 004297fa f   msvcprt:MSVCP100.dll
 0002:00018800       ?_Swap_all@_Container_base0@std@@QAEXAAU12@@Z 00429800 f   msvcprt:MSVCP100.dll
 0002:00018806       ?_Xlength_error@std@@YAXPBD@Z 00429806 f   msvcprt:MSVCP100.dll
 0002:0001880c       ??6?$basic_ostream@DU?$char_traits@D@std@@@std@@QAEAAV01@P6AAAV01@AAV01@@Z@Z 0042980c f   msvcprt:MSVCP100.dll
 0002:00018812       ?endl@std@@YAAAV?$basic_ostream@DU?$char_traits@D@std@@@1@AAV21@@Z 00429812 f   msvcprt:MSVCP100.dll
 0002:00018818       ??6?$basic_ostream@DU?$char_traits@D@std@@@std@@QAEAAV01@M@Z 00429818 f   msvcprt:MSVCP100.dll
 0002:0001881e       ??6?$basic_ostream@DU?$char_traits@D@std@@@std@@QAEAAV01@I@Z 0042981e f   msvcprt:MSVCP100.dll
 0002:00018824       ??6?$basic_ostream@DU?$char_traits@D@std@@@std@@QAEAAV01@H@Z 00429824 f   msvcprt:MSVCP100.dll
 0002:0001882a       ??1?$basic_ios@DU?$char_traits@D@std@@@std@@UAE@XZ 0042982a f   msvcprt:MSVCP100.dll
 0002:00018830       ??1?$basic_iostream@DU?$char_traits@D@std@@@std@@UAE@XZ 00429830 f   msvcprt:MSVCP100.dll
 0002:00018836       ??0?$basic_iostream@DU?$char_traits@D@std@@@std@@QAE@PAV?$basic_streambuf@DU?$char_traits@D@std@@@1@@Z 00429836 f   msvcprt:MSVCP100.dll
 0002:0001883c       ??0?$basic_ios@DU?$char_traits@D@std@@@std@@IAE@XZ 0042983c f   msvcprt:MSVCP100.dll
 0002:00018842       ??1?$basic_streambuf@DU?$char_traits@D@std@@@std@@UAE@XZ 00429842 f   msvcprt:MSVCP100.dll
 0002:00018848       ?_Lock@?$basic_streambuf@DU?$char_traits@D@std@@@std@@UAEXXZ 00429848 f   msvcprt:MSVCP100.dll
 0002:0001884e       ?_Unlock@?$basic_streambuf@DU?$char_traits@D@std@@@std@@UAEXXZ 0042984e f   msvcprt:MSVCP100.dll
 0002:00018854       ?showmanyc@?$basic_streambuf@DU?$char_traits@D@std@@@std@@MAE_JXZ 00429854 f   msvcprt:MSVCP100.dll
 0002:0001885a       ?uflow@?$basic_streambuf@DU?$char_traits@D@std@@@std@@MAEHXZ 0042985a f   msvcprt:MSVCP100.dll
 0002:00018860       ?xsgetn@?$basic_streambuf@DU?$char_traits@D@std@@@std@@MAE_JPAD_J@Z 00429860 f   msvcprt:MSVCP100.dll
 0002:00018866       ?xsputn@?$basic_streambuf@DU?$char_traits@D@std@@@std@@MAE_JPBD_J@Z 00429866 f   msvcprt:MSVCP100.dll
 0002:0001886c       ?setbuf@?$basic_streambuf@DU?$char_traits@D@std@@@std@@MAEPAV12@PAD_J@Z 0042986c f   msvcprt:MSVCP100.dll
 0002:00018872       ?sync@?$basic_streambuf@DU?$char_traits@D@std@@@std@@MAEHXZ 00429872 f   msvcprt:MSVCP100.dll
 0002:00018878       ?imbue@?$basic_streambuf@DU?$char_traits@D@std@@@std@@MAEXABVlocale@2@@Z 00429878 f   msvcprt:MSVCP100.dll
 0002:0001887e       ?gptr@?$basic_streambuf@DU?$char_traits@D@std@@@std@@IBEPADXZ 0042987e f   msvcprt:MSVCP100.dll
 0002:00018884       ?setg@?$basic_streambuf@DU?$char_traits@D@std@@@std@@IAEXPAD00@Z 00429884 f   msvcprt:MSVCP100.dll
 0002:0001888a       ?setp@?$basic_streambuf@DU?$char_traits@D@std@@@std@@IAEXPAD0@Z 0042988a f   msvcprt:MSVCP100.dll
 0002:00018890       ?eback@?$basic_streambuf@DU?$char_traits@D@std@@@std@@IBEPADXZ 00429890 f   msvcprt:MSVCP100.dll
 0002:00018896       ?_Pninc@?$basic_streambuf@DU?$char_traits@D@std@@@std@@IAEPADXZ 00429896 f   msvcprt:MSVCP100.dll
 0002:0001889c       ?setp@?$basic_streambuf@DU?$char_traits@D@std@@@std@@IAEXPAD00@Z 0042989c f   msvcprt:MSVCP100.dll
 0002:000188a2       ?pbase@?$basic_streambuf@DU?$char_traits@D@std@@@std@@IBEPADXZ 004298a2 f   msvcprt:MSVCP100.dll
 0002:000188a8       ?epptr@?$basic_streambuf@DU?$char_traits@D@std@@@std@@IBEPADXZ 004298a8 f   msvcprt:MSVCP100.dll
 0002:000188ae       ?pptr@?$basic_streambuf@DU?$char_traits@D@std@@@std@@IBEPADXZ 004298ae f   msvcprt:MSVCP100.dll
 0002:000188b4       ?gbump@?$basic_streambuf@DU?$char_traits@D@std@@@std@@IAEXH@Z 004298b4 f   msvcprt:MSVCP100.dll
 0002:000188ba       ?egptr@?$basic_streambuf@DU?$char_traits@D@std@@@std@@IBEPADXZ 004298ba f   msvcprt:MSVCP100.dll
 0002:000188c0       ?pbump@?$basic_streambuf@DU?$char_traits@D@std@@@std@@IAEXH@Z 004298c0 f   msvcprt:MSVCP100.dll
 0002:000188c6       ??1?$basic_ostream@DU?$char_traits@D@std@@@std@@UAE@XZ 004298c6 f   msvcprt:MSVCP100.dll
 0002:000188cc       ?setstate@?$basic_ios@DU?$char_traits@D@std@@@std@@QAEXH_N@Z 004298cc f   msvcprt:MSVCP100.dll
 0002:000188d2       ??0?$basic_ostream@DU?$char_traits@D@std@@@std@@QAE@PAV?$basic_streambuf@DU?$char_traits@D@std@@@1@_N@Z 004298d2 f   msvcprt:MSVCP100.dll
 0002:000188d8       ?out@?$codecvt@DDH@std@@QBEHAAHPBD1AAPBDPAD3AAPAD@Z 004298d8 f   msvcprt:MSVCP100.dll
[...]
 0003:00001d80       ??_R1A@?0A@EA@type_info@@8 00431d80     MSVCRT:ti_inst.obj
 0003:00001ec8       ___rtc_iaa                 00431ec8     MSVCRT:_initsect_.obj
 0003:00001fcc       ___rtc_izz                 00431fcc     MSVCRT:_initsect_.obj
 0003:000020d0       ___rtc_taa                 004320d0     MSVCRT:_initsect_.obj
 0003:000021d4       ___rtc_tzz                 004321d4     MSVCRT:_initsect_.obj
 0003:00002344       __TI2?AVbad_alloc@std@@    00432344     fluidsim.obj
 0003:00002358       __CTA2?AVbad_alloc@std@@   00432358     fluidsim.obj
 0003:00002368       __CT??_R0?AVbad_alloc@std@@@8??0bad_alloc@std@@QAE@ABV01@@Z12 00432368     fluidsim.obj
 0003:00002388       __CT??_R0?AVexception@std@@@8??0exception@std@@QAE@ABV01@@Z12 00432388     fluidsim.obj
 0003:00003168       __TI2?AVbad_cast@std@@     00433168     main.obj
 0003:000031ac       __CTA2?AVbad_cast@std@@    004331ac     main.obj
 0003:000031bc       __CT??_R0?AVbad_cast@std@@@8??0bad_cast@std@@QAE@ABV01@@Z12 004331bc     main.obj
 0004:00000000       ??_R0?AVbad_alloc@std@@@8  00434000     fluidsim.obj
 0004:00000024       ??_R0?AVexception@std@@@8  00434024     fluidsim.obj
 0004:00000048       ?grid_resolution@@3HA      00434048     main.obj
 0004:0000004c       ?timestep@@3MA             0043404c     main.obj
 0004:00000050       ?grid_width@@3MA           00434050     main.obj
 0004:00000054       ?rad0@@3MA                 00434054     main.obj
 0004:00000060       ??_R0?AV?$basic_stringstream@DU?$char_traits@D@std@@V?$allocator@D@2@@std@@@8 00434060     main.obj
 0004:000000c0       ??_R0?AV?$basic_iostream@DU?$char_traits@D@std@@@std@@@8 004340c0     main.obj
 0004:00000108       ??_R0?AV?$basic_istream@DU?$char_traits@D@std@@@std@@@8 00434108     main.obj
 0004:00000150       ??_R0?AV?$basic_ios@DU?$char_traits@D@std@@@std@@@8 00434150     main.obj
 0004:00000190       ??_R0?AVios_base@std@@@8   00434190     main.obj
 0004:000001b0       ??_R0?AV?$_Iosb@H@std@@@8  004341b0     main.obj
 0004:000001d4       ??_R0?AV?$basic_ostream@DU?$char_traits@D@std@@@std@@@8 004341d4     main.obj
 0004:00000220       ??_R0?AV?$basic_stringbuf@DU?$char_traits@D@std@@V?$allocator@D@2@@std@@@8 00434220     main.obj
 0004:0000027c       ??_R0?AV?$basic_streambuf@DU?$char_traits@D@std@@@std@@@8 0043427c     main.obj
 0004:000002c4       ??_R0?AV?$basic_ofstream@DU?$char_traits@D@std@@@std@@@8 004342c4     main.obj
 0004:0000030c       ??_R0?AV?$basic_filebuf@DU?$char_traits@D@std@@@std@@@8 0043430c     main.obj
 0004:00000354       ??_R0?AVbad_cast@std@@@8   00434354     main.obj
 0004:00000380       ___security_cookie         00434380     MSVCRT:gs_cookie.obj
 0004:00000384       ___security_cookie_complement 00434384     MSVCRT:gs_cookie.obj
 0004:00000388       ??_R0?AVtype_info@@@8      00434388     MSVCRT:ti_inst.obj
 0004:000003b0       ___native_dllmain_reason   004343b0     MSVCRT:natstart.obj
 0004:000003b4       ___native_vcclrit_reason   004343b4     MSVCRT:natstart.obj
 0004:000003bc       ___globallocalestatus      004343bc     MSVCRT:xthdloc.obj
 0004:000003c0       ___defaultmatherr          004343c0     MSVCRT:merr.obj
 0004:000004e0       ?frame@@3HA                004344e0     main.obj
 0004:000004e4       ?c0@@3U?$Vec@$02M@@A       004344e4     main.obj
 0004:000004f0       ?sim@@3VFluidSim@@A        004344f0     main.obj
 0004:0000085c       ?_Stinit@?1??_Init@?$basic_filebuf@DU?$char_traits@D@std@@@std@@IAEXPAU_iobuf@@W4_Initfl@23@@Z@4HA 0043485c     main.obj
 0004:00000860       ?_Psave@?$_Facetptr@V?$codecvt@DDH@std@@@std@@2PBVfacet@locale@2@B 00434860     main.obj
 0004:00000c5c       __dowildcard               00434c5c     MSVCRT:wildcard.obj
 0004:00000c60       __newmode                  00434c60     MSVCRT:_newmode.obj
 0004:00000c64       __commode                  00434c64     MSVCRT:xncommod.obj
 0004:00000c68       __fmode                    00434c68     MSVCRT:xtxtmode.obj
 0004:00000c6c       ___native_startup_state    00434c6c     <common>
 0004:00000c7c       ___native_startup_lock     00434c7c     <common>
 0004:00000c80       ___sse2_available          00434c80     <common>
 0004:00000c8c       __NoHeapEnableTerminationOnCorruption 00434c8c     <common>
 0004:00000c90       ___dyn_tls_init_callback   00434c90     <common>
 0004:00000c94       ___onexitend               00434c94     <common>
 0004:00000ca4       ___onexitbegin             00434ca4     <common>
 0005:00000000       __IMPORT_DESCRIPTOR_MSVCP100 00435000     msvcprt:MSVCP100.dll
 0005:00000014       __IMPORT_DESCRIPTOR_MSVCR100 00435014     MSVCRT:MSVCR100.dll
 0005:00000028       __IMPORT_DESCRIPTOR_KERNEL32 00435028     kernel32:KERNEL32.dll
 0005:0000003c       __NULL_IMPORT_DESCRIPTOR   0043503c     msvcprt:MSVCP100.dll
 0005:000003a0       __imp__DecodePointer@4     004353a0     kernel32:KERNEL32.dll
 0005:000003a4       __imp__InterlockedExchange@8 004353a4     kernel32:KERNEL32.dll
 0005:000003a8       __imp__Sleep@4             004353a8     kernel32:KERNEL32.dll
 0005:000003ac       __imp__InterlockedCompareExchange@12 004353ac     kernel32:KERNEL32.dll
 0005:000003b0       __imp__HeapSetInformation@16 004353b0     kernel32:KERNEL32.dll
 0005:000003b4       __imp__TerminateProcess@8  004353b4     kernel32:KERNEL32.dll
 0005:000003b8       __imp__GetCurrentProcess@0 004353b8     kernel32:KERNEL32.dll
 0005:000003bc       __imp__UnhandledExceptionFilter@4 004353bc     kernel32:KERNEL32.dll
 0005:000003c0       __imp__SetUnhandledExceptionFilter@4 004353c0     kernel32:KERNEL32.dll
 0005:000003c4       __imp__IsDebuggerPresent@0 004353c4     kernel32:KERNEL32.dll
 0005:000003c8       __imp__IsProcessorFeaturePresent@4 004353c8     kernel32:KERNEL32.dll
 0005:000003cc       __imp__QueryPerformanceCounter@4 004353cc     kernel32:KERNEL32.dll
 0005:000003d0       __imp__GetTickCount@0      004353d0     kernel32:KERNEL32.dll
 0005:000003d4       __imp__GetCurrentThreadId@0 004353d4     kernel32:KERNEL32.dll
 0005:000003d8       __imp__GetCurrentProcessId@0 004353d8     kernel32:KERNEL32.dll
 0005:000003dc       __imp__GetSystemTimeAsFileTime@4 004353dc     kernel32:KERNEL32.dll
 0005:000003e0       __imp__EncodePointer@4     004353e0     kernel32:KERNEL32.dll
 0005:000003e4       \177KERNEL32_NULL_THUNK_DATA 004353e4     kernel32:KERNEL32.dll
 0005:0000041c       __imp_?xsgetn@?$basic_streambuf@DU?$char_traits@D@std@@@std@@MAE_JPAD_J@Z 0043541c     msvcprt:MSVCP100.dll
 0005:00000420       __imp_?xsputn@?$basic_streambuf@DU?$char_traits@D@std@@@std@@MAE_JPBD_J@Z 00435420     msvcprt:MSVCP100.dll
 0005:00000424       __imp_?setbuf@?$basic_streambuf@DU?$char_traits@D@std@@@std@@MAEPAV12@PAD_J@Z 00435424     msvcprt:MSVCP100.dll
 0005:00000428       __imp_?sync@?$basic_streambuf@DU?$char_traits@D@std@@@std@@MAEHXZ 00435428     msvcprt:MSVCP100.dll
 0005:0000042c       __imp_?imbue@?$basic_streambuf@DU?$char_traits@D@std@@@std@@MAEXABVlocale@2@@Z 0043542c     msvcprt:MSVCP100.dll
 0005:00000430       __imp_?gptr@?$basic_streambuf@DU?$char_traits@D@std@@@std@@IBEPADXZ 00435430     msvcprt:MSVCP100.dll
 0005:00000434       __imp_?setg@?$basic_streambuf@DU?$char_traits@D@std@@@std@@IAEXPAD00@Z 00435434     msvcprt:MSVCP100.dll
 0005:00000438       __imp_?setp@?$basic_streambuf@DU?$char_traits@D@std@@@std@@IAEXPAD0@Z 00435438     msvcprt:MSVCP100.dll
 0005:0000043c       __imp_?eback@?$basic_streambuf@DU?$char_traits@D@std@@@std@@IBEPADXZ 0043543c     msvcprt:MSVCP100.dll
 0005:00000440       __imp_?_Pninc@?$basic_streambuf@DU?$char_traits@D@std@@@std@@IAEPADXZ 00435440     msvcprt:MSVCP100.dll
 0005:00000444       __imp_?setp@?$basic_streambuf@DU?$char_traits@D@std@@@std@@IAEXPAD00@Z 00435444     msvcprt:MSVCP100.dll
 0005:00000448       __imp_?pbase@?$basic_streambuf@DU?$char_traits@D@std@@@std@@IBEPADXZ 00435448     msvcprt:MSVCP100.dll
 0005:0000044c       __imp_?epptr@?$basic_streambuf@DU?$char_traits@D@std@@@std@@IBEPADXZ 0043544c     msvcprt:MSVCP100.dll
 0005:00000450       __imp_?pptr@?$basic_streambuf@DU?$char_traits@D@std@@@std@@IBEPADXZ 00435450     msvcprt:MSVCP100.dll
 0005:00000454       __imp_?gbump@?$basic_streambuf@DU?$char_traits@D@std@@@std@@IAEXH@Z 00435454     msvcprt:MSVCP100.dll
 0005:00000458       __imp_?egptr@?$basic_streambuf@DU?$char_traits@D@std@@@std@@IBEPADXZ 00435458     msvcprt:MSVCP100.dll
 0005:0000045c       __imp_?pbump@?$basic_streambuf@DU?$char_traits@D@std@@@std@@IAEXH@Z 0043545c     msvcprt:MSVCP100.dll
 0005:00000460       __imp_?_BADOFF@std@@3_JB   00435460     msvcprt:MSVCP100.dll
 0005:00000464       __imp_??1?$basic_ostream@DU?$char_traits@D@std@@@std@@UAE@XZ 00435464     msvcprt:MSVCP100.dll
 0005:00000468       __imp_?setstate@?$basic_ios@DU?$char_traits@D@std@@@std@@QAEXH_N@Z 00435468     msvcprt:MSVCP100.dll
 0005:0000046c       __imp_??0?$basic_ostream@DU?$char_traits@D@std@@@std@@QAE@PAV?$basic_streambuf@DU?$char_traits@D@std@@@1@_N@Z 0043546c     msvcprt:MSVCP100.dll
 0005:00000470       __imp_?out@?$codecvt@DDH@std@@QBEHAAHPBD1AAPBDPAD3AAPAD@Z 00435470     msvcprt:MSVCP100.dll
 0005:00000474       __imp_?_Gndec@?$basic_streambuf@DU?$char_traits@D@std@@@std@@IAEPADXZ 00435474     msvcprt:MSVCP100.dll
 0005:00000478       __imp_?in@?$codecvt@DDH@std@@QBEHAAHPBD1AAPBDPAD3AAPAD@Z 00435478     msvcprt:MSVCP100.dll
 0005:0000047c       __imp_?_Gninc@?$basic_streambuf@DU?$char_traits@D@std@@@std@@IAEPADXZ 0043547c     msvcprt:MSVCP100.dll
 0005:00000480       __imp_??0?$basic_streambuf@DU?$char_traits@D@std@@@std@@IAE@XZ 00435480     msvcprt:MSVCP100.dll
 0005:00000484       __imp_?getloc@?$basic_streambuf@DU?$char_traits@D@std@@@std@@QBE?AVlocale@2@XZ 00435484     msvcprt:MSVCP100.dll
 0005:00000488       __imp_?uflow@?$basic_streambuf@DU?$char_traits@D@std@@@std@@MAEHXZ 00435488     msvcprt:MSVCP100.dll
 0005:0000048c       __imp_?_Decref@facet@locale@std@@QAEPAV123@XZ 0043548c     msvcprt:MSVCP100.dll
 0005:00000490       __imp_?_Init@?$basic_streambuf@DU?$char_traits@D@std@@@std@@IAEXPAPAD0PAH001@Z 00435490     msvcprt:MSVCP100.dll
 0005:00000494       __imp_?_Init@?$basic_streambuf@DU?$char_traits@D@std@@@std@@IAEXXZ 00435494     msvcprt:MSVCP100.dll
 0005:00000498       __imp_?unshift@?$codecvt@DDH@std@@QBEHAAHPAD1AAPAD@Z 00435498     msvcprt:MSVCP100.dll
 0005:0000049c       __imp_?always_noconv@codecvt_base@std@@QBE_NXZ 0043549c     msvcprt:MSVCP100.dll
 0005:000004a0       __imp_?_Xout_of_range@std@@YAXPBD@Z 004354a0     msvcprt:MSVCP100.dll
 0005:000004a4       __imp_?width@ios_base@std@@QAE_J_J@Z 004354a4     msvcprt:MSVCP100.dll
 0005:000004a8       __imp_?sputn@?$basic_streambuf@DU?$char_traits@D@std@@@std@@QAE_JPBD_J@Z 004354a8     msvcprt:MSVCP100.dll
 0005:000004ac       __imp_?sputc@?$basic_streambuf@DU?$char_traits@D@std@@@std@@QAEHD@Z 004354ac     msvcprt:MSVCP100.dll
 0005:000004b0       __imp_?rdbuf@?$basic_ios@DU?$char_traits@D@std@@@std@@QBEPAV?$basic_streambuf@DU?$char_traits@D@std@@@2@XZ 004354b0     msvcprt:MSVCP100.dll
 0005:000004b4       __imp_?fill@?$basic_ios@DU?$char_traits@D@std@@@std@@QBEDXZ 004354b4     msvcprt:MSVCP100.dll
 0005:000004b8       __imp_?flags@ios_base@std@@QBEHXZ 004354b8     msvcprt:MSVCP100.dll
 0005:000004bc       __imp_?width@ios_base@std@@QBE_JXZ 004354bc     msvcprt:MSVCP100.dll
 0005:000004c0       __imp_?flush@?$basic_ostream@DU?$char_traits@D@std@@@std@@QAEAAV12@XZ 004354c0     msvcprt:MSVCP100.dll
 0005:000004c4       __imp_?tie@?$basic_ios@DU?$char_traits@D@std@@@std@@QBEPAV?$basic_ostream@DU?$char_traits@D@std@@@2@XZ 004354c4     msvcprt:MSVCP100.dll
 0005:000004c8       __imp_?good@ios_base@std@@QBE_NXZ 004354c8     msvcprt:MSVCP100.dll
 0005:000004cc       __imp_?_Osfx@?$basic_ostream@DU?$char_traits@D@std@@@std@@QAEXXZ 004354cc     msvcprt:MSVCP100.dll
 0005:000004d0       __imp_?uncaught_exception@std@@YA_NXZ 004354d0     msvcprt:MSVCP100.dll
 0005:000004d4       __imp_??1_Lockit@std@@QAE@XZ 004354d4     msvcprt:MSVCP100.dll
 0005:000004d8       __imp_?_Incref@facet@locale@std@@QAEXXZ 004354d8     msvcprt:MSVCP100.dll
 0005:000004dc       __imp_?_Getcat@?$codecvt@DDH@std@@SAIPAPBVfacet@locale@2@PBV42@@Z 004354dc     msvcprt:MSVCP100.dll
 0005:000004e0       __imp_??Bid@locale@std@@QAEIXZ 004354e0     msvcprt:MSVCP100.dll
 0005:000004e4       __imp_?id@?$codecvt@DDH@std@@2V0locale@2@A 004354e4     msvcprt:MSVCP100.dll
 0005:000004e8       __imp_??0_Lockit@std@@QAE@H@Z 004354e8     msvcprt:MSVCP100.dll
 0005:000004ec       __imp_?_Getgloballocale@locale@std@@CAPAV_Locimp@12@XZ 004354ec     msvcprt:MSVCP100.dll
 0005:000004f0       __imp_?showmanyc@?$basic_streambuf@DU?$char_traits@D@std@@@std@@MAE_JXZ 004354f0     msvcprt:MSVCP100.dll
 0005:000004f4       __imp_?_Unlock@?$basic_streambuf@DU?$char_traits@D@std@@@std@@UAEXXZ 004354f4     msvcprt:MSVCP100.dll
 0005:000004f8       __imp_?_Lock@?$basic_streambuf@DU?$char_traits@D@std@@@std@@UAEXXZ 004354f8     msvcprt:MSVCP100.dll
 0005:000004fc       __imp_??1?$basic_streambuf@DU?$char_traits@D@std@@@std@@UAE@XZ 004354fc     msvcprt:MSVCP100.dll
 0005:00000500       __imp_?_Orphan_all@_Container_base0@std@@QAEXXZ 00435500     msvcprt:MSVCP100.dll
 0005:00000504       __imp_??0?$basic_ios@DU?$char_traits@D@std@@@std@@IAE@XZ 00435504     msvcprt:MSVCP100.dll
 0005:00000508       __imp_??0?$basic_iostream@DU?$char_traits@D@std@@@std@@QAE@PAV?$basic_streambuf@DU?$char_traits@D@std@@@1@@Z 00435508     msvcprt:MSVCP100.dll
 0005:0000050c       __imp_??1?$basic_iostream@DU?$char_traits@D@std@@@std@@UAE@XZ 0043550c     msvcprt:MSVCP100.dll
 0005:00000510       __imp_??1?$basic_ios@DU?$char_traits@D@std@@@std@@UAE@XZ 00435510     msvcprt:MSVCP100.dll
 0005:00000514       __imp_??6?$basic_ostream@DU?$char_traits@D@std@@@std@@QAEAAV01@H@Z 00435514     msvcprt:MSVCP100.dll
 0005:00000518       __imp_??6?$basic_ostream@DU?$char_traits@D@std@@@std@@QAEAAV01@I@Z 00435518     msvcprt:MSVCP100.dll
 0005:0000051c       __imp_??6?$basic_ostream@DU?$char_traits@D@std@@@std@@QAEAAV01@M@Z 0043551c     msvcprt:MSVCP100.dll
 0005:00000520       __imp_?endl@std@@YAAAV?$basic_ostream@DU?$char_traits@D@std@@@1@AAV21@@Z 00435520     msvcprt:MSVCP100.dll
 0005:00000524       __imp_?cerr@std@@3V?$basic_ostream@DU?$char_traits@D@std@@@1@A 00435524     msvcprt:MSVCP100.dll
 0005:00000528       __imp_??6?$basic_ostream@DU?$char_traits@D@std@@@std@@QAEAAV01@P6AAAV01@AAV01@@Z@Z 00435528     msvcprt:MSVCP100.dll
 0005:0000052c       __imp_?_Xlength_error@std@@YAXPBD@Z 0043552c     msvcprt:MSVCP100.dll
 0005:00000530       __imp_?_Swap_all@_Container_base0@std@@QAEXAAU12@@Z 00435530     msvcprt:MSVCP100.dll
 0005:00000534       __imp_?_Fiopen@std@@YAPAU_iobuf@@PBDHH@Z 00435534     msvcprt:MSVCP100.dll
 0005:00000538       \177MSVCP100_NULL_THUNK_DATA 00435538     msvcprt:MSVCP100.dll
 0005:0000059c       __imp_??0exception@std@@QAE@ABQBD@Z 0043559c     MSVCRT:MSVCR100.dll
 0005:000005a0       __imp__floor               004355a0     MSVCRT:MSVCR100.dll
 0005:000005a4       __imp__memmove             004355a4     MSVCRT:MSVCR100.dll
 0005:000005a8       __imp___lock_file          004355a8     MSVCRT:MSVCR100.dll
 0005:000005ac       __imp___unlock_file        004355ac     MSVCRT:MSVCR100.dll
 0005:000005b0       __imp__fwrite              004355b0     MSVCRT:MSVCR100.dll
 0005:000005b4       __imp__fputc               004355b4     MSVCRT:MSVCR100.dll
 0005:000005b8       __imp__ungetc              004355b8     MSVCRT:MSVCR100.dll
 0005:000005bc       __imp__memcpy_s            004355bc     MSVCRT:MSVCR100.dll
 0005:000005c0       __imp__fgetc               004355c0     MSVCRT:MSVCR100.dll
 0005:000005c4       __imp__fgetpos             004355c4     MSVCRT:MSVCR100.dll
 0005:000005c8       __imp___fseeki64           004355c8     MSVCRT:MSVCR100.dll
 0005:000005cc       __imp__fsetpos             004355cc     MSVCRT:MSVCR100.dll
 0005:000005d0       __imp__setvbuf             004355d0     MSVCRT:MSVCR100.dll
 0005:000005d4       __imp__fflush              004355d4     MSVCRT:MSVCR100.dll
 0005:000005d8       __imp__strlen              004355d8     MSVCRT:MSVCR100.dll
 0005:000005dc       __imp__fclose              004355dc     MSVCRT:MSVCR100.dll
 0005:000005e0       __imp_??0bad_cast@std@@QAE@PBD@Z 004355e0     MSVCRT:MSVCR100.dll
 0005:000005e4       __imp_??1bad_cast@std@@UAE@XZ 004355e4     MSVCRT:MSVCR100.dll
 0005:000005e8       __imp_??0bad_cast@std@@QAE@ABV01@@Z 004355e8     MSVCRT:MSVCR100.dll
 0005:000005ec       __imp___unlock             004355ec     MSVCRT:MSVCR100.dll
 0005:000005f0       __imp____dllonexit         004355f0     MSVCRT:MSVCR100.dll
 0005:000005f4       __imp___lock               004355f4     MSVCRT:MSVCR100.dll
 0005:000005f8       __imp___onexit             004355f8     MSVCRT:MSVCR100.dll
 0005:000005fc       __imp___amsg_exit          004355fc     MSVCRT:MSVCR100.dll
 0005:00000600       __imp____getmainargs       00435600     MSVCRT:MSVCR100.dll
 0005:00000604       __imp___cexit              00435604     MSVCRT:MSVCR100.dll
 0005:00000608       __imp___exit               00435608     MSVCRT:MSVCR100.dll
 0005:0000060c       __imp___XcptFilter         0043560c     MSVCRT:MSVCR100.dll
 0005:00000610       __imp__exit                00435610     MSVCRT:MSVCR100.dll
 0005:00000614       __imp____initenv           00435614     MSVCRT:MSVCR100.dll
 0005:00000618       __imp___initterm           00435618     MSVCRT:MSVCR100.dll
 0005:0000061c       __imp___initterm_e         0043561c     MSVCRT:MSVCR100.dll
 0005:00000620       __imp___configthreadlocale 00435620     MSVCRT:MSVCR100.dll
 0005:00000624       __imp____setusermatherr    00435624     MSVCRT:MSVCR100.dll
 0005:00000628       __imp___commode            00435628     MSVCRT:MSVCR100.dll
 0005:0000062c       __imp___fmode              0043562c     MSVCRT:MSVCR100.dll
 0005:00000630       __imp____set_app_type      00435630     MSVCRT:MSVCR100.dll
 0005:00000634       __imp___crt_debugger_hook  00435634     MSVCRT:MSVCR100.dll
 0005:00000638       __imp_?terminate@@YAXXZ    00435638     MSVCRT:MSVCR100.dll
 0005:0000063c       __imp_?_type_info_dtor_internal_method@type_info@@QAEXXZ 0043563c     MSVCRT:MSVCR100.dll
 0005:00000640       __imp___except_handler4_common 00435640     MSVCRT:MSVCR100.dll
 0005:00000644       __imp___invoke_watson      00435644     MSVCRT:MSVCR100.dll
 0005:00000648       __imp___controlfp_s        00435648     MSVCRT:MSVCR100.dll
 0005:0000064c       __imp_??2@YAPAXI@Z         0043564c     MSVCRT:MSVCR100.dll
 0005:00000650       __imp__realloc             00435650     MSVCRT:MSVCR100.dll
 0005:00000654       __imp__calloc              00435654     MSVCRT:MSVCR100.dll
 0005:00000658       __imp__memset              00435658     MSVCRT:MSVCR100.dll
 0005:0000065c       __imp__free                0043565c     MSVCRT:MSVCR100.dll
 0005:00000660       __imp_??3@YAXPAX@Z         00435660     MSVCRT:MSVCR100.dll
 0005:00000664       __imp_??1exception@std@@UAE@XZ 00435664     MSVCRT:MSVCR100.dll
 0005:00000668       __imp_?what@exception@std@@UBEPBDXZ 00435668     MSVCRT:MSVCR100.dll
 0005:0000066c       __imp_??0exception@std@@QAE@ABQBDH@Z 0043566c     MSVCRT:MSVCR100.dll
 0005:00000670       __imp_??0exception@std@@QAE@ABV01@@Z 00435670     MSVCRT:MSVCR100.dll
 0005:00000674       __imp___CxxThrowException@8 00435674     MSVCRT:MSVCR100.dll
 0005:00000678       __imp__malloc              00435678     MSVCRT:MSVCR100.dll
 0005:0000067c       __imp__memcpy              0043567c     MSVCRT:MSVCR100.dll
 0005:00000680       __imp____CxxFrameHandler3  00435680     MSVCRT:MSVCR100.dll
 0005:00000684       __imp__fabs                00435684     MSVCRT:MSVCR100.dll
 0005:00000688       __imp__printf              00435688     MSVCRT:MSVCR100.dll
 0005:0000068c       __imp__sqrt                0043568c     MSVCRT:MSVCR100.dll
 0005:00000690       __imp___wassert            00435690     MSVCRT:MSVCR100.dll
 0005:00000694       \177MSVCR100_NULL_THUNK_DATA 00435694     MSVCRT:MSVCR100.dll

 entry point at        0002:00000979

